Component: ARM Compiler 5.06 update 6 (build 750) Tool: armlink [4d35ed]

==============================================================================

Section Cross References

    startup_stm32f334x8.o(RESET) refers to startup_stm32f334x8.o(STACK) for __initial_sp
    startup_stm32f334x8.o(RESET) refers to startup_stm32f334x8.o(.text) for Reset_Handler
    startup_stm32f334x8.o(RESET) refers to stm32f3xx_it.o(i.NMI_Handler) for NMI_Handler
    startup_stm32f334x8.o(RESET) refers to stm32f3xx_it.o(i.HardFault_Handler) for HardFault_Handler
    startup_stm32f334x8.o(RESET) refers to stm32f3xx_it.o(i.MemManage_Handler) for MemManage_Handler
    startup_stm32f334x8.o(RESET) refers to stm32f3xx_it.o(i.BusFault_Handler) for BusFault_Handler
    startup_stm32f334x8.o(RESET) refers to stm32f3xx_it.o(i.UsageFault_Handler) for UsageFault_Handler
    startup_stm32f334x8.o(RESET) refers to port.o(.emb_text) for SVC_Handler
    startup_stm32f334x8.o(RESET) refers to stm32f3xx_it.o(i.DebugMon_Handler) for DebugMon_Handler
    startup_stm32f334x8.o(RESET) refers to port.o(i.SysTick_Handler) for SysTick_Handler
    startup_stm32f334x8.o(RESET) refers to stm32f3xx_it.o(i.DMA1_Channel1_IRQHandler) for DMA1_Channel1_IRQHandler
    startup_stm32f334x8.o(RESET) refers to stm32f3xx_it.o(i.DMA1_Channel2_IRQHandler) for DMA1_Channel2_IRQHandler
    startup_stm32f334x8.o(RESET) refers to stm32f3xx_it.o(i.DMA1_Channel4_IRQHandler) for DMA1_Channel4_IRQHandler
    startup_stm32f334x8.o(RESET) refers to stm32f3xx_it.o(i.DMA1_Channel5_IRQHandler) for DMA1_Channel5_IRQHandler
    startup_stm32f334x8.o(RESET) refers to stm32f3xx_it.o(i.ADC1_2_IRQHandler) for ADC1_2_IRQHandler
    startup_stm32f334x8.o(RESET) refers to stm32f3xx_it.o(i.CAN_RX0_IRQHandler) for CAN_RX0_IRQHandler
    startup_stm32f334x8.o(RESET) refers to stm32f3xx_it.o(i.USART1_IRQHandler) for USART1_IRQHandler
    startup_stm32f334x8.o(RESET) refers to stm32f3xx_it.o(i.TIM7_DAC2_IRQHandler) for TIM7_DAC2_IRQHandler
    startup_stm32f334x8.o(.text) refers to system_stm32f3xx.o(i.SystemInit) for SystemInit
    startup_stm32f334x8.o(.text) refers to entry.o(.ARM.Collect$$$$00000000) for __main
    cmath.o(i.CosTable) refers to cmath.o(i.SinTable) for SinTable
    cmath.o(i.LowPassFilter_RC_1order) refers to f2d.o(.text) for __aeabi_f2d
    cmath.o(i.LowPassFilter_RC_1order) refers to dmul.o(.text) for __aeabi_dmul
    cmath.o(i.LowPassFilter_RC_1order) refers to dadd.o(.text) for __aeabi_dadd
    cmath.o(i.LowPassFilter_RC_1order) refers to ddiv.o(.text) for __aeabi_ddiv
    cmath.o(i.LowPassFilter_RC_1order) refers to d2f.o(.text) for __aeabi_d2f
    cmath.o(i.Matlab_FIR) refers to cmath.o(.bss) for .bss
    cmath.o(i.Matlab_FIR) refers to cmath.o(.constdata) for .constdata
    cmath.o(i.SinTable) refers to cmath.o(.data) for .data
    cmath.o(i.SinTable) refers to cmath.o(.constdata) for .constdata
    cmath.o(i.limit_norm) refers to f2d.o(.text) for __aeabi_f2d
    cmath.o(i.limit_norm) refers to sqrt.o(i.__hardfp_sqrt) for __hardfp_sqrt
    cmath.o(i.limit_norm) refers to d2f.o(.text) for __aeabi_d2f
    cmath.o(i.uint8_to_float) refers to printfa.o(i.__0printf) for __2printf
    communication.o(i.CAN_FilterInit) refers to stm32f3xx_hal_can.o(i.HAL_CAN_ConfigFilter) for HAL_CAN_ConfigFilter
    communication.o(i.CAN_FilterInit) refers to communication.o(.bss) for .bss
    communication.o(i.CAN_FilterInit) refers to can.o(.bss) for hcan
    communication.o(i.CAN_RxHeader_Pack) refers to communication.o(.bss) for .bss
    communication.o(i.CAN_TxHeader_Pack) refers to communication.o(.bss) for .bss
    communication.o(i.CAN_USER_Init) refers to communication.o(i.CAN_FilterInit) for CAN_FilterInit
    communication.o(i.CAN_USER_Init) refers to communication.o(i.CAN_RxHeader_Pack) for CAN_RxHeader_Pack
    communication.o(i.CAN_USER_Init) refers to communication.o(i.CAN_TxHeader_Pack) for CAN_TxHeader_Pack
    communication.o(i.CAN_USER_Init) refers to communication.o(.data) for .data
    communication.o(i.HAL_CAN_RxFifo0MsgPendingCallback) refers to stm32f3xx_hal_can.o(i.HAL_CAN_GetRxMessage) for HAL_CAN_GetRxMessage
    communication.o(i.HAL_CAN_RxFifo0MsgPendingCallback) refers to communication.o(i.Massage_Process) for Massage_Process
    communication.o(i.HAL_CAN_RxFifo0MsgPendingCallback) refers to stm32f3xx_hal_can.o(i.HAL_CAN_AddTxMessage) for HAL_CAN_AddTxMessage
    communication.o(i.HAL_CAN_RxFifo0MsgPendingCallback) refers to communication.o(.data) for .data
    communication.o(i.HAL_CAN_RxFifo0MsgPendingCallback) refers to communication.o(.bss) for .bss
    communication.o(i.HAL_CAN_RxFifo0MsgPendingCallback) refers to main.o(.bss) for foc_handle
    communication.o(i.HAL_UART_RxCpltCallback) refers to communication.o(i.Massage_Process) for Massage_Process
    communication.o(i.HAL_UART_RxCpltCallback) refers to stm32f3xx_hal_uart.o(i.HAL_UART_Transmit_DMA) for HAL_UART_Transmit_DMA
[...]
    .data                                    0x20000840   Section       24  stm32f3xx_hal_hrtim.o(.data)
    TimerIdxToTimerId                        0x20000840   Data          24  stm32f3xx_hal_hrtim.o(.data)
    .data                                    0x20000858   Section        4  system_stm32f3xx.o(.data)
    .data                                    0x2000085c   Section       60  tasks.o(.data)
    pxDelayedTaskList                        0x20000860   Data           4  tasks.o(.data)
    pxOverflowDelayedTaskList                0x20000864   Data           4  tasks.o(.data)
    uxDeletedTasksWaitingCleanUp             0x20000868   Data           4  tasks.o(.data)
    uxCurrentNumberOfTasks                   0x2000086c   Data           4  tasks.o(.data)
    xTickCount                               0x20000870   Data           4  tasks.o(.data)
    uxTopReadyPriority                       0x20000874   Data           4  tasks.o(.data)
    xSchedulerRunning                        0x20000878   Data           4  tasks.o(.data)
    uxPendedTicks                            0x2000087c   Data           4  tasks.o(.data)
    xYieldPending                            0x20000880   Data           4  tasks.o(.data)
    xNumOfOverflows                          0x20000884   Data           4  tasks.o(.data)
    uxTaskNumber                             0x20000888   Data           4  tasks.o(.data)
    xNextTaskUnblockTime                     0x2000088c   Data           4  tasks.o(.data)
    xIdleTaskHandle                          0x20000890   Data           4  tasks.o(.data)
    uxSchedulerSuspended                     0x20000894   Data           4  tasks.o(.data)
    .data                                    0x20000898   Section       24  heap_4.o(.data)
    pxEnd                                    0x20000898   Data           4  heap_4.o(.data)
    xFreeBytesRemaining                      0x2000089c   Data           4  heap_4.o(.data)
    xMinimumEverFreeBytesRemaining           0x200008a0   Data           4  heap_4.o(.data)
    xBlockAllocatedBit                       0x200008a4   Data           4  heap_4.o(.data)
    xStart                                   0x200008a8   Data           8  heap_4.o(.data)
    .data                                    0x200008b0   Section       12  port.o(.data)
    ucMaxSysCallPriority                     0x200008b0   Data           1  port.o(.data)
    uxCriticalNesting                        0x200008b4   Data           4  port.o(.data)
    ulMaxPRIGROUPValue                       0x200008b8   Data           4  port.o(.data)
    .data                                    0x200008bc   Section        4  errno.o(.data)
    _errno                                   0x200008bc   Data           4  errno.o(.data)
    .bss                                     0x200008c0   Section       92  communication.o(.bss)
    .bss                                     0x2000091c   Section      248  main.o(.bss)
    .bss                                     0x20000a14   Section      296  adc.o(.bss)
    .bss                                     0x20000b3c   Section       40  can.o(.bss)
    .bss                                     0x20000b64   Section      596  freertos.o(.bss)
    xIdleTaskTCBBuffer                       0x20000b64   Data          84  freertos.o(.bss)
    xIdleStack                               0x20000bb8   Data         512  freertos.o(.bss)
    .bss                                     0x20000db8   Section      220  hrtim.o(.bss)
    .bss                                     0x20000e94   Section       64  stm32f3xx_hal_timebase_tim.o(.bss)
    .bss                                     0x20000ed4   Section       64  tim.o(.bss)
    .bss                                     0x20000f14   Section      764  usart.o(.bss)
    .bss                                     0x20001210   Section       32  stm32f3xx_hal_flash.o(.bss)
    .bss                                     0x20001230   Section      240  tasks.o(.bss)
    pxReadyTasksLists                        0x20001230   Data         140  tasks.o(.bss)
    xDelayedTaskList1                        0x200012bc   Data          20  tasks.o(.bss)
    xDelayedTaskList2                        0x200012d0   Data          20  tasks.o(.bss)
    xPendingReadyList                        0x200012e4   Data          20  tasks.o(.bss)
    xTasksWaitingTermination                 0x200012f8   Data          20  tasks.o(.bss)
    xSuspendedTaskList                       0x2000130c   Data          20  tasks.o(.bss)
    .bss                                     0x20001320   Section     3072  heap_4.o(.bss)
    ucHeap                                   0x20001320   Data        3072  heap_4.o(.bss)
    STACK                                    0x20001f20   Section     1024  startup_stm32f334x8.o(STACK)

    Global Symbols

    Symbol Name                              Value     Ov Type        Size  Object(Section)

    BuildAttributes$$THM_ISAv4$E$P$D$K$B$S$7EM$VFPi3$EXTD16$VFPS$VFMA$PE$A:L22UL41UL21$X:L11$S22US41US21$IEEE1$IW$USESV6$~STKCKD$USESV7$~SHL$OTIME$ROPI$IEEEJ$EBA8$MICROLIB$REQ8$PRES8$EABIv2 0x00000000   Number         0  anon$$obj.o ABSOLUTE
    __ARM_use_no_argv                        0x00000000   Number         0  main.o ABSOLUTE
    _printf_a                                0x00000000   Number         0  stubs.o ABSOLUTE
    _printf_c                                0x00000000   Number         0  stubs.o ABSOLUTE
    _printf_charcount                        0x00000000   Number         0  stubs.o ABSOLUTE
    _printf_d                                0x00000000   Number         0  stubs.o ABSOLUTE
    _printf_e                                0x00000000   Number         0  stubs.o ABSOLUTE
    _printf_f                                0x00000000   Number         0  stubs.o ABSOLUTE
    _printf_flags                            0x00000000   Number         0  stubs.o ABSOLUTE
    _printf_fp_dec                           0x00000000   Number         0  stubs.o ABSOLUTE
    _printf_fp_hex                           0x00000000   Number         0  stubs.o ABSOLUTE
    _printf_g                                0x00000000   Number         0  stubs.o ABSOLUTE
    _printf_i                                0x00000000   Number         0  stubs.o ABSOLUTE
    _printf_int_dec                          0x00000000   Number         0  stubs.o ABSOLUTE
    _printf_l                                0x00000000   Number         0  stubs.o ABSOLUTE
    _printf_lc                               0x00000000   Number         0  stubs.o ABSOLUTE
    _printf_ll                               0x00000000   Number         0  stubs.o ABSOLUTE
    _printf_lld                              0x00000000   Number         0  stubs.o ABSOLUTE
    _printf_lli                              0x00000000   Number         0  stubs.o ABSOLUTE
    _printf_llo                              0x00000000   Number         0  stubs.o ABSOLUTE
    _printf_llu                              0x00000000   Number         0  stubs.o ABSOLUTE
    _printf_llx                              0x00000000   Number         0  stubs.o ABSOLUTE
    _printf_longlong_dec                     0x00000000   Number         0  stubs.o ABSOLUTE
    _printf_longlong_hex                     0x00000000   Number         0  stubs.o ABSOLUTE
    _printf_longlong_oct                     0x00000000   Number         0  stubs.o ABSOLUTE
    _printf_ls                               0x00000000   Number         0  stubs.o ABSOLUTE
    _printf_mbtowc                           0x00000000   Number         0  stubs.o ABSOLUTE
    _printf_n                                0x00000000   Number         0  stubs.o ABSOLUTE
    _printf_o                                0x00000000   Number         0  stubs.o ABSOLUTE
    _printf_p                                0x00000000   Number         0  stubs.o ABSOLUTE
    _printf_percent                          0x00000000   Number         0  stubs.o ABSOLUTE
    _printf_pre_padding                      0x00000000   Number         0  stubs.o ABSOLUTE
    _printf_return_value                     0x00000000   Number         0  stubs.o ABSOLUTE
    _printf_s                                0x00000000   Number         0  stubs.o ABSOLUTE
    _printf_sizespec                         0x00000000   Number         0  stubs.o ABSOLUTE
    _printf_str                              0x00000000   Number         0  stubs.o ABSOLUTE
    _printf_truncate_signed                  0x00000000   Number         0  stubs.o ABSOLUTE
    _printf_truncate_unsigned                0x00000000   Number         0  stubs.o ABSOLUTE
    _printf_u                                0x00000000   Number         0  stubs.o ABSOLUTE
    _printf_wc                               0x00000000   Number         0  stubs.o ABSOLUTE
    _printf_wctomb                           0x00000000   Number         0  stubs.o ABSOLUTE
    _printf_widthprec                        0x00000000   Number         0  stubs.o ABSOLUTE
    _printf_x                                0x00000000   Number         0  stubs.o ABSOLUTE
    __cpp_initialize__aeabi_                  - Undefined Weak Reference
    __cxa_finalize                            - Undefined Weak Reference
    _clock_init                               - Undefined Weak Reference
    _microlib_exit                            - Undefined Weak Reference
    __Vectors_Size                           0x00000188   Number         0  startup_stm32f334x8.o ABSOLUTE
    __Vectors                                0x08000000   Data           4  startup_stm32f334x8.o(RESET)
    __Vectors_End                            0x08000188   Data           0  startup_stm32f334x8.o(RESET)
    __main                                   0x08000189   Thumb Code     0  entry.o(.ARM.Collect$$$$00000000)
    _main_stk                                0x08000189   Thumb Code     0  entry2.o(.ARM.Collect$$$$00000001)
    _main_scatterload                        0x0800018d   Thumb Code     0  entry5.o(.ARM.Collect$$$$00000004)
    __main_after_scatterload                 0x08000191   Thumb Code     0  entry5.o(.ARM.Collect$$$$00000004)
    _main_clock                              0x08000191   Thumb Code     0  entry7b.o(.ARM.Collect$$$$00000008)
    _main_cpp_init                           0x08000191   Thumb Code     0  entry8b.o(.ARM.Collect$$$$0000000A)
    _main_init                               0x08000191   Thumb Code     0  entry9a.o(.ARM.Collect$$$$0000000B)
    __rt_final_cpp                           0x08000199   Thumb Code     0  entry10a.o(.ARM.Collect$$$$0000000D)
    __rt_final_exit                          0x08000199   Thumb Code     0  entry11a.o(.ARM.Collect$$$$0000000F)
    SVC_Handler                              0x0800019d   Thumb Code    28  port.o(.emb_text)
    __asm___6_port_c_39a90d8d__prvStartFirstTask 0x080001bd   Thumb Code    36  port.o(.emb_text)
    __asm___6_port_c_39a90d8d__prvEnableVFP  0x080001e5   Thumb Code    16  port.o(.emb_text)
    PendSV_Handler                           0x080001f9   Thumb Code    88  port.o(.emb_text)
    vPortGetIPSR                             0x08000255   Thumb Code     6  port.o(.emb_text)
    Reset_Handler                            0x0800025d   Thumb Code     8  startup_stm32f334x8.o(.text)
    CAN_RX1_IRQHandler                       0x08000277   Thumb Code     0  startup_stm32f334x8.o(.text)
    CAN_SCE_IRQHandler                       0x08000277   Thumb Code     0  startup_stm32f334x8.o(.text)
    CAN_TX_IRQHandler                        0x08000277   Thumb Code     0  startup_stm32f334x8.o(.text)
    COMP2_IRQHandler                         0x08000277   Thumb Code     0  startup_stm32f334x8.o(.text)
    COMP4_6_IRQHandler                       0x08000277   Thumb Code     0  startup_stm32f334x8.o(.text)
    DMA1_Channel3_IRQHandler                 0x08000277   Thumb Code     0  startup_stm32f334x8.o(.text)
    DMA1_Channel6_IRQHandler                 0x08000277   Thumb Code     0  startup_stm32f334x8.o(.text)
    DMA1_Channel7_IRQHandler                 0x08000277   Thumb Code     0  startup_stm32f334x8.o(.text)
    EXTI0_IRQHandler                         0x08000277   Thumb Code     0  startup_stm32f334x8.o(.text)
    EXTI15_10_IRQHandler                     0x08000277   Thumb Code     0  startup_stm32f334x8.o(.text)
    EXTI1_IRQHandler                         0x08000277   Thumb Code     0  startup_stm32f334x8.o(.text)
    EXTI2_TSC_IRQHandler                     0x08000277   Thumb Code     0  startup_stm32f334x8.o(.text)
    EXTI3_IRQHandler                         0x08000277   Thumb Code     0  startup_stm32f334x8.o(.text)
    EXTI4_IRQHandler                         0x08000277   Thumb Code     0  startup_stm32f334x8.o(.text)
    EXTI9_5_IRQHandler                       0x08000277   Thumb Code     0  startup_stm32f334x8.o(.text)
    FLASH_IRQHandler                         0x08000277   Thumb Code     0  startup_stm32f334x8.o(.text)
    FPU_IRQHandler                           0x08000277   Thumb Code     0  startup_stm32f334x8.o(.text)
    HRTIM1_FLT_IRQHandler                    0x08000277   Thumb Code     0  startup_stm32f334x8.o(.text)
    HRTIM1_Master_IRQHandler                 0x08000277   Thumb Code     0  startup_stm32f334x8.o(.text)
    HRTIM1_TIMA_IRQHandler                   0x08000277   Thumb Code     0  startup_stm32f334x8.o(.text)
    HRTIM1_TIMB_IRQHandler                   0x08000277   Thumb Code     0  startup_stm32f334x8.o(.text)
    HRTIM1_TIMC_IRQHandler                   0x08000277   Thumb Code     0  startup_stm32f334x8.o(.text)
    HRTIM1_TIMD_IRQHandler                   0x08000277   Thumb Code     0  startup_stm32f334x8.o(.text)
    HRTIM1_TIME_IRQHandler                   0x08000277   Thumb Code     0  startup_stm32f334x8.o(.text)
    I2C1_ER_IRQHandler                       0x08000277   Thumb Code     0  startup_stm32f334x8.o(.text)
    I2C1_EV_IRQHandler                       0x08000277   Thumb Code     0  startup_stm32f334x8.o(.text)
    PVD_IRQHandler                           0x08000277   Thumb Code     0  startup_stm32f334x8.o(.text)
    RCC_IRQHandler                           0x08000277   Thumb Code     0  startup_stm32f334x8.o(.text)
    RTC_Alarm_IRQHandler                     0x08000277   Thumb Code     0  startup_stm32f334x8.o(.text)
    RTC_WKUP_IRQHandler                      0x08000277   Thumb Code     0  startup_stm32f334x8.o(.text)
    SPI1_IRQHandler                          0x08000277   Thumb Code     0  startup_stm32f334x8.o(.text)
    TAMP_STAMP_IRQHandler                    0x08000277   Thumb Code     0  startup_stm32f334x8.o(.text)
    TIM1_BRK_TIM15_IRQHandler                0x08000277   Thumb Code     0  startup_stm32f334x8.o(.text)
    TIM1_CC_IRQHandler                       0x08000277   Thumb Code     0  startup_stm32f334x8.o(.text)
    TIM1_TRG_COM_TIM17_IRQHandler            0x08000277   Thumb Code     0  startup_stm32f334x8.o(.text)
    TIM1_UP_TIM16_IRQHandler                 0x08000277   Thumb Code     0  startup_stm32f334x8.o(.text)
    TIM2_IRQHandler                          0x08000277   Thumb Code     0  startup_stm32f334x8.o(.text)
    TIM3_IRQHandler                          0x08000277   Thumb Code     0  startup_stm32f334x8.o(.text)
    TIM6_DAC1_IRQHandler                     0x08000277   Thumb Code     0  startup_stm32f334x8.o(.text)
    USART2_IRQHandler                        0x08000277   Thumb Code     0  startup_stm32f334x8.o(.text)
    USART3_IRQHandler                        0x08000277   Thumb Code     0  startup_stm32f334x8.o(.text)
    WWDG_IRQHandler                          0x08000277   Thumb Code     0  startup_stm32f334x8.o(.text)
    __aeabi_uldivmod                         0x08000281   Thumb Code    98  uldiv.o(.text)
    __aeabi_llsr                             0x080002e3   Thumb Code    32  llushr.o(.text)
    _ll_ushift_r                             0x080002e3   Thumb Code     0  llushr.o(.text)
    __aeabi_memcpy                           0x08000303   Thumb Code    36  memcpya.o(.text)
    __aeabi_memcpy4                          0x08000303   Thumb Code     0  memcpya.o(.text)
    __aeabi_memcpy8                          0x08000303   Thumb Code     0  memcpya.o(.text)
    __aeabi_memset                           0x08000327   Thumb Code    14  memseta.o(.text)
    __aeabi_memset4                          0x08000327   Thumb Code     0  memseta.o(.text)
    __aeabi_memset8                          0x08000327   Thumb Code     0  memseta.o(.text)
    __aeabi_memclr                           0x08000335   Thumb Code     4  memseta.o(.text)
    __aeabi_memclr4                          0x08000335   Thumb Code     0  memseta.o(.text)
    __aeabi_memclr8                          0x08000335   Thumb Code     0  memseta.o(.text)
    memset                                   0x08000339   Thumb Code    18  memseta.o(.text)
    strlen                                   0x0800034b   Thumb Code    14  strlen.o(.text)
    __aeabi_dadd                             0x08000359   Thumb Code   322  dadd.o(.text)
    __aeabi_dsub                             0x0800049b   Thumb Code     6  dadd.o(.text)
    __aeabi_drsub                            0x080004a1   Thumb Code     6  dadd.o(.text)
    __aeabi_dmul                             0x080004a7   Thumb Code   228  dmul.o(.text)
    __aeabi_ddiv                             0x0800058b   Thumb Code   222  ddiv.o(.text)
    __aeabi_d2iz                             0x08000669   Thumb Code    62  dfixi.o(.text)
    __aeabi_f2d                              0x080006a7   Thumb Code    38  f2d.o(.text)
    __aeabi_cdcmpeq                          0x080006cd   Thumb Code     0  cdcmple.o(.text)
    __aeabi_cdcmple                          0x080006cd   Thumb Code    48  cdcmple.o(.text)
    __aeabi_d2f                              0x080006fd   Thumb Code    56  d2f.o(.text)
    __aeabi_uidiv                            0x08000735   Thumb Code     0  uidiv.o(.text)
    __aeabi_uidivmod                         0x08000735   Thumb Code    44  uidiv.o(.text)
    __aeabi_llsl                             0x08000761   Thumb Code    30  llshl.o(.text)
    _ll_shift_l                              0x08000761   Thumb Code     0  llshl.o(.text)
    __aeabi_lasr                             0x0800077f   Thumb Code    36  llsshr.o(.text)
    _ll_sshift_r                             0x0800077f   Thumb Code     0  llsshr.o(.text)
    __I$use$fp                               0x080007a3   Thumb Code     0  iusefp.o(.text)
    _float_round                             0x080007a3   Thumb Code    18  fepilogue.o(.text)
    _float_epilogue                          0x080007b5   Thumb Code    92  fepilogue.o(.text)
    _double_round                            0x08000811   Thumb Code    30  depilogue.o(.text)
    _double_epilogue                         0x0800082f   Thumb Code   156  depilogue.o(.text)
    _dsqrt                                   0x080008cb   Thumb Code   162  dsqrt.o(.text)
    __aeabi_d2ulz                            0x0800096d   Thumb Code    48  dfixul.o(.text)
    __aeabi_cdrcmple                         0x0800099d   Thumb Code    48  cdrcmple.o(.text)
    __ARM_dcmp4                              0x080009cd   Thumb Code    96  dcmp4.o(.text)
    _dcmp4                                   0x080009cd   Thumb Code     0  dcmp4.o(.text)
    __scatterload                            0x08000a2d   Thumb Code    28  init.o(.text)
    __scatterload_rt2                        0x08000a2d   Thumb Code     0  init.o(.text)
    __decompress                             0x08000a51   Thumb Code     0  __dclz77c.o(.text)
    __decompress2                            0x08000a51   Thumb Code    94  __dclz77c.o(.text)
    ADC1_2_IRQHandler                        0x08000ab1   Thumb Code    18  stm32f3xx_it.o(i.ADC1_2_IRQHandler)
    AcquireCurrent                           0x08000bf1   Thumb Code    70  currentsensing.o(i.AcquireCurrent)
    Actual_Angle_Acquire                     0x08000c41   Thumb Code    36  foc.o(i.Actual_Angle_Acquire)
    Actual_Current_Acquire                   0x08000c69   Thumb Code   128  foc.o(i.Actual_Current_Acquire)
    Actual_Speed_Acquire                     0x08000cf1   Thumb Code    76  foc.o(i.Actual_Speed_Acquire)
    Angle_Control                            0x08000d45   Thumb Code    64  foc.o(i.Angle_Control)
    Angle_Get                                0x08000d91   Thumb Code   186  positionsensor.o(i.Angle_Get)
    BusFault_Handler                         0x08000e65   Thumb Code     2  stm32f3xx_it.o(i.BusFault_Handler)
    CAN_FilterInit                           0x08000e69   Thumb Code    38  communication.o(i.CAN_FilterInit)
    CAN_RX0_IRQHandler                       0x08000e99   Thumb Code     6  stm32f3xx_it.o(i.CAN_RX0_IRQHandler)
    CAN_RxHeader_Pack                        0x08000ea5   Thumb Code    18  communication.o(i.CAN_RxHeader_Pack)
    CAN_TxHeader_Pack                        0x08000ebd   Thumb Code    26  communication.o(i.CAN_TxHeader_Pack)
    CAN_USER_Init                            0x08000edd   Thumb Code    24  communication.o(i.CAN_USER_Init)
    CaliADC                                  0x08000ef9   Thumb Code    64  currentsensing.o(i.CaliADC)
    CosTable                                 0x08000f41   Thumb Code    32  cmath.o(i.CosTable)
    CurrentSensor_Init                       0x08000f6d   Thumb Code    12  currentsensing.o(i.CurrentSensor_Init)
    Current_SenseA                           0x08000f7d   Thumb Code    30  currentsensing.o(i.Current_SenseA)
    Current_SenseB                           0x08000fa5   Thumb Code    30  currentsensing.o(i.Current_SenseB)
    DMA1_Channel1_IRQHandler                 0x08000fcd   Thumb Code     6  stm32f3xx_it.o(i.DMA1_Channel1_IRQHandler)
    DMA1_Channel2_IRQHandler                 0x08000fd9   Thumb Code     6  stm32f3xx_it.o(i.DMA1_Channel2_IRQHandler)
    DMA1_Channel4_IRQHandler                 0x08000fe5   Thumb Code     6  stm32f3xx_it.o(i.DMA1_Channel4_IRQHandler)
    DMA1_Channel5_IRQHandler                 0x08000ff1   Thumb Code     6  stm32f3xx_it.o(i.DMA1_Channel5_IRQHandler)
    DMA_printf                               0x08001049   Thumb Code    42  usart.o(i.DMA_printf)
    DebugMon_Handler                         0x08001079   Thumb Code     2  stm32f3xx_it.o(i.DebugMon_Handler)
    Error_Handler                            0x0800107b   Thumb Code     2  main.o(i.Error_Handler)
    FLASH_PageErase                          0x080010a1   Thumb Code    28  stm32f3xx_hal_flash_ex.o(i.FLASH_PageErase)
    FLASH_WaitForLastOperation               0x08001115   Thumb Code    74  stm32f3xx_hal_flash.o(i.FLASH_WaitForLastOperation)
    FOCStruct_Init                           0x08001165   Thumb Code   182  foc.o(i.FOCStruct_Init)
    FOC_GetSensorTask                        0x08001221   Thumb Code   130  foc.o(i.FOC_GetSensorTask)
    FOC_LOGICFuc                             0x080012b1   Thumb Code    38  freertos.o(i.FOC_LOGICFuc)
    FOC_Trans                                0x080012dd   Thumb Code   390  foc.o(i.FOC_Trans)
    FOC_task                                 0x08001481   Thumb Code    78  foc.o(i.FOC_task)
    HAL_ADCEx_Calibration_Start              0x080014dd   Thumb Code   150  stm32f3xx_hal_adc_ex.o(i.HAL_ADCEx_Calibration_Start)
    HAL_ADCEx_InjectedConvCpltCallback       0x08001573   Thumb Code     2  stm32f3xx_hal_adc_ex.o(i.HAL_ADCEx_InjectedConvCpltCallback)
    HAL_ADCEx_InjectedQueueOverflowCallback  0x08001575   Thumb Code     2  stm32f3xx_hal_adc_ex.o(i.HAL_ADCEx_InjectedQueueOverflowCallback)
    HAL_ADCEx_LevelOutOfWindow2Callback      0x08001577   Thumb Code     2  stm32f3xx_hal_adc_ex.o(i.HAL_ADCEx_LevelOutOfWindow2Callback)
    HAL_ADCEx_LevelOutOfWindow3Callback      0x08001579   Thumb Code     2  stm32f3xx_hal_adc_ex.o(i.HAL_ADCEx_LevelOutOfWindow3Callback)
    HAL_ADCEx_MultiModeConfigChannel         0x0800157d   Thumb Code   214  stm32f3xx_hal_adc_ex.o(i.HAL_ADCEx_MultiModeConfigChannel)
    HAL_ADC_ConfigChannel                    0x0800165d   Thumb Code   828  stm32f3xx_hal_adc_ex.o(i.HAL_ADC_ConfigChannel)
    HAL_ADC_ConvCpltCallback                 0x080019ad   Thumb Code     2  stm32f3xx_hal_adc.o(i.HAL_ADC_ConvCpltCallback)
    HAL_ADC_ConvHalfCpltCallback             0x080019af   Thumb Code     2  stm32f3xx_hal_adc.o(i.HAL_ADC_ConvHalfCpltCallback)
    HAL_ADC_ErrorCallback                    0x080019b1   Thumb Code     2  stm32f3xx_hal_adc.o(i.HAL_ADC_ErrorCallback)
    HAL_ADC_IRQHandler                       0x080019b5   Thumb Code   612  stm32f3xx_hal_adc_ex.o(i.HAL_ADC_IRQHandler)
    HAL_ADC_Init                             0x08001c1d   Thumb Code   460  stm32f3xx_hal_adc_ex.o(i.HAL_ADC_Init)
    HAL_ADC_LevelOutOfWindowCallback         0x08001e01   Thumb Code     2  stm32f3xx_hal_adc.o(i.HAL_ADC_LevelOutOfWindowCallback)
    HAL_ADC_MspInit                          0x08001e05   Thumb Code   260  adc.o(i.HAL_ADC_MspInit)
    HAL_ADC_Start_DMA                        0x08001f1d   Thumb Code   246  stm32f3xx_hal_adc_ex.o(i.HAL_ADC_Start_DMA)
    HAL_CAN_ActivateNotification             0x08002025   Thumb Code    36  stm32f3xx_hal_can.o(i.HAL_CAN_ActivateNotification)
    HAL_CAN_AddTxMessage                     0x08002049   Thumb Code   200  stm32f3xx_hal_can.o(i.HAL_CAN_AddTxMessage)
    HAL_CAN_ConfigFilter                     0x08002111   Thumb Code   238  stm32f3xx_hal_can.o(i.HAL_CAN_ConfigFilter)
    HAL_CAN_ErrorCallback                    0x080021ff   Thumb Code     2  stm32f3xx_hal_can.o(i.HAL_CAN_ErrorCallback)
    HAL_CAN_GetRxMessage                     0x08002201   Thumb Code   232  stm32f3xx_hal_can.o(i.HAL_CAN_GetRxMessage)
    HAL_CAN_IRQHandler                       0x080022e9   Thumb Code   508  stm32f3xx_hal_can.o(i.HAL_CAN_IRQHandler)
    HAL_CAN_Init                             0x080024e5   Thumb Code   282  stm32f3xx_hal_can.o(i.HAL_CAN_Init)
    HAL_CAN_MspInit                          0x08002601   Thumb Code   106  can.o(i.HAL_CAN_MspInit)
    HAL_CAN_RxFifo0FullCallback              0x08002675   Thumb Code     2  stm32f3xx_hal_can.o(i.HAL_CAN_RxFifo0FullCallback)
    HAL_CAN_RxFifo0MsgPendingCallback        0x08002679   Thumb Code    52  communication.o(i.HAL_CAN_RxFifo0MsgPendingCallback)
    HAL_CAN_RxFifo1FullCallback              0x080026b9   Thumb Code     2  stm32f3xx_hal_can.o(i.HAL_CAN_RxFifo1FullCallback)
    HAL_CAN_RxFifo1MsgPendingCallback        0x080026bb   Thumb Code     2  stm32f3xx_hal_can.o(i.HAL_CAN_RxFifo1MsgPendingCallback)
    HAL_CAN_SleepCallback                    0x080026bd   Thumb Code     2  stm32f3xx_hal_can.o(i.HAL_CAN_SleepCallback)
    HAL_CAN_Start                            0x080026c1   Thumb Code    88  stm32f3xx_hal_can.o(i.HAL_CAN_Start)
    HAL_CAN_TxMailbox0AbortCallback          0x08002719   Thumb Code     2  stm32f3xx_hal_can.o(i.HAL_CAN_TxMailbox0AbortCallback)
    HAL_CAN_TxMailbox0CompleteCallback       0x0800271b   Thumb Code     2  stm32f3xx_hal_can.o(i.HAL_CAN_TxMailbox0CompleteCallback)
    HAL_CAN_TxMailbox1AbortCallback          0x0800271d   Thumb Code     2  stm32f3xx_hal_can.o(i.HAL_CAN_TxMailbox1AbortCallback)
    HAL_CAN_TxMailbox1CompleteCallback       0x0800271f   Thumb Code     2  stm32f3xx_hal_can.o(i.HAL_CAN_TxMailbox1CompleteCallback)
    HAL_CAN_TxMailbox2AbortCallback          0x08002721   Thumb Code     2  stm32f3xx_hal_can.o(i.HAL_CAN_TxMailbox2AbortCallback)
    HAL_CAN_TxMailbox2CompleteCallback       0x08002723   Thumb Code     2  stm32f3xx_hal_can.o(i.HAL_CAN_TxMailbox2CompleteCallback)
    HAL_CAN_WakeUpFromRxMsgCallback          0x08002725   Thumb Code     2  stm32f3xx_hal_can.o(i.HAL_CAN_WakeUpFromRxMsgCallback)
    HAL_DMA_Abort_IT                         0x08002727   Thumb Code    74  stm32f3xx_hal_dma.o(i.HAL_DMA_Abort_IT)
    HAL_DMA_IRQHandler                       0x08002771   Thumb Code   168  stm32f3xx_hal_dma.o(i.HAL_DMA_IRQHandler)
    HAL_DMA_Init                             0x08002819   Thumb Code    78  stm32f3xx_hal_dma.o(i.HAL_DMA_Init)
    HAL_DMA_Start_IT                         0x08002867   Thumb Code   112  stm32f3xx_hal_dma.o(i.HAL_DMA_Start_IT)
    HAL_Delay                                0x080028d9   Thumb Code    32  stm32f3xx_hal.o(i.HAL_Delay)
    HAL_FLASHEx_Erase                        0x080028fd   Thumb Code   158  stm32f3xx_hal_flash_ex.o(i.HAL_FLASHEx_Erase)
    HAL_FLASH_Lock                           0x080029a5   Thumb Code    14  stm32f3xx_hal_flash.o(i.HAL_FLASH_Lock)
    HAL_FLASH_Program                        0x080029b9   Thumb Code   120  stm32f3xx_hal_flash.o(i.HAL_FLASH_Program)
    HAL_FLASH_Unlock                         0x08002a39   Thumb Code    28  stm32f3xx_hal_flash.o(i.HAL_FLASH_Unlock)
    HAL_GPIO_Init                            0x08002a61   Thumb Code   358  stm32f3xx_hal_gpio.o(i.HAL_GPIO_Init)
    HAL_GPIO_TogglePin                       0x08002be1   Thumb Code    12  stm32f3xx_hal_gpio.o(i.HAL_GPIO_TogglePin)
    HAL_GPIO_WritePin                        0x08002bed   Thumb Code    10  stm32f3xx_hal_gpio.o(i.HAL_GPIO_WritePin)
    HAL_GetTick                              0x08002bf9   Thumb Code     6  stm32f3xx_hal.o(i.HAL_GetTick)
    HAL_HRTIM_DLLCalibrationStart            0x08002c05   Thumb Code    92  stm32f3xx_hal_hrtim.o(i.HAL_HRTIM_DLLCalibrationStart)
    HAL_HRTIM_Init                           0x08002c61   Thumb Code   180  stm32f3xx_hal_hrtim.o(i.HAL_HRTIM_Init)
    HAL_HRTIM_MspInit                        0x08002d1d   Thumb Code    30  hrtim.o(i.HAL_HRTIM_MspInit)
    HAL_HRTIM_MspPostInit                    0x08002d45   Thumb Code    76  hrtim.o(i.HAL_HRTIM_MspPostInit)
    HAL_HRTIM_PollForDLLCalibration          0x08002d99   Thumb Code    66  stm32f3xx_hal_hrtim.o(i.HAL_HRTIM_PollForDLLCalibration)
    HAL_HRTIM_TimeBaseConfig                 0x08002ddb   Thumb Code   122  stm32f3xx_hal_hrtim.o(i.HAL_HRTIM_TimeBaseConfig)
    HAL_HRTIM_WaveformCompareConfig          0x08002e55   Thumb Code   308  stm32f3xx_hal_hrtim.o(i.HAL_HRTIM_WaveformCompareConfig)
    HAL_HRTIM_WaveformCountStart_IT          0x08002f89   Thumb Code   128  stm32f3xx_hal_hrtim.o(i.HAL_HRTIM_WaveformCountStart_IT)
    HAL_HRTIM_WaveformOutputConfig           0x0800300d   Thumb Code    54  stm32f3xx_hal_hrtim.o(i.HAL_HRTIM_WaveformOutputConfig)
    HAL_HRTIM_WaveformOutputStart            0x08003043   Thumb Code    48  stm32f3xx_hal_hrtim.o(i.HAL_HRTIM_WaveformOutputStart)
    HAL_HRTIM_WaveformTimerConfig            0x08003073   Thumb Code   186  stm32f3xx_hal_hrtim.o(i.HAL_HRTIM_WaveformTimerConfig)
    HAL_IncTick                              0x0800312d   Thumb Code    12  stm32f3xx_hal.o(i.HAL_IncTick)
    HAL_Init                                 0x0800313d   Thumb Code    32  stm32f3xx_hal.o(i.HAL_Init)
    HAL_InitTick                             0x08003161   Thumb Code   100  stm32f3xx_hal_timebase_tim.o(i.HAL_InitTick)
    HAL_MspInit                              0x080031d5   Thumb Code    48  stm32f3xx_hal_msp.o(i.HAL_MspInit)
    HAL_NVIC_EnableIRQ                       0x08003209   Thumb Code    26  stm32f3xx_hal_cortex.o(i.HAL_NVIC_EnableIRQ)
    HAL_NVIC_SetPriority                     0x08003225   Thumb Code    60  stm32f3xx_hal_cortex.o(i.HAL_NVIC_SetPriority)
    HAL_NVIC_SetPriorityGrouping             0x08003265   Thumb Code    26  stm32f3xx_hal_cortex.o(i.HAL_NVIC_SetPriorityGrouping)
    HAL_RCCEx_PeriphCLKConfig                0x08003289   Thumb Code   378  stm32f3xx_hal_rcc_ex.o(i.HAL_RCCEx_PeriphCLKConfig)
    HAL_RCC_ClockConfig                      0x08003411   Thumb Code   308  stm32f3xx_hal_rcc.o(i.HAL_RCC_ClockConfig)
    HAL_RCC_GetClockConfig                   0x08003559   Thumb Code    54  stm32f3xx_hal_rcc.o(i.HAL_RCC_GetClockConfig)
    HAL_RCC_GetPCLK1Freq                     0x08003599   Thumb Code    34  stm32f3xx_hal_rcc.o(i.HAL_RCC_GetPCLK1Freq)
    HAL_RCC_GetPCLK2Freq                     0x080035c9   Thumb Code    34  stm32f3xx_hal_rcc.o(i.HAL_RCC_GetPCLK2Freq)
    HAL_RCC_GetSysClockFreq                  0x080035f9   Thumb Code    92  stm32f3xx_hal_rcc.o(i.HAL_RCC_GetSysClockFreq)
    HAL_RCC_OscConfig                        0x08003665   Thumb Code  1480  stm32f3xx_hal_rcc.o(i.HAL_RCC_OscConfig)
    HAL_TIMEx_Break2Callback                 0x08003c2d   Thumb Code     2  stm32f3xx_hal_tim_ex.o(i.HAL_TIMEx_Break2Callback)
    HAL_TIMEx_BreakCallback                  0x08003c2f   Thumb Code     2  stm32f3xx_hal_tim_ex.o(i.HAL_TIMEx_BreakCallback)
    HAL_TIMEx_CommutCallback                 0x08003c31   Thumb Code     2  stm32f3xx_hal_tim_ex.o(i.HAL_TIMEx_CommutCallback)
    HAL_TIMEx_MasterConfigSynchronization    0x08003c35   Thumb Code   104  stm32f3xx_hal_tim_ex.o(i.HAL_TIMEx_MasterConfigSynchronization)
    HAL_TIM_Base_Init                        0x08003ca9   Thumb Code    54  stm32f3xx_hal_tim.o(i.HAL_TIM_Base_Init)
    HAL_TIM_Base_MspInit                     0x08003ce1   Thumb Code    30  tim.o(i.HAL_TIM_Base_MspInit)
    HAL_TIM_Base_Start_IT                    0x08003d09   Thumb Code    40  stm32f3xx_hal_tim.o(i.HAL_TIM_Base_Start_IT)
    HAL_TIM_IC_CaptureCallback               0x08003d35   Thumb Code     2  stm32f3xx_hal_tim.o(i.HAL_TIM_IC_CaptureCallback)
    HAL_TIM_IRQHandler                       0x08003d37   Thumb Code   388  stm32f3xx_hal_tim.o(i.HAL_TIM_IRQHandler)
    HAL_TIM_OC_DelayElapsedCallback          0x08003ebb   Thumb Code     2  stm32f3xx_hal_tim.o(i.HAL_TIM_OC_DelayElapsedCallback)
    HAL_TIM_PWM_PulseFinishedCallback        0x08003ebd   Thumb Code     2  stm32f3xx_hal_tim.o(i.HAL_TIM_PWM_PulseFinishedCallback)
    HAL_TIM_PeriodElapsedCallback            0x08003ec1   Thumb Code    14  main.o(i.HAL_TIM_PeriodElapsedCallback)
    HAL_TIM_TriggerCallback                  0x08003ed5   Thumb Code     2  stm32f3xx_hal_tim.o(i.HAL_TIM_TriggerCallback)
    HAL_UARTEx_WakeupCallback                0x08003ed7   Thumb Code     2  stm32f3xx_hal_uart_ex.o(i.HAL_UARTEx_WakeupCallback)
    HAL_UART_ErrorCallback                   0x08003ed9   Thumb Code     2  stm32f3xx_hal_uart.o(i.HAL_UART_ErrorCallback)
    HAL_UART_IRQHandler                      0x08003edd   Thumb Code   348  stm32f3xx_hal_uart.o(i.HAL_UART_IRQHandler)
    HAL_UART_Init                            0x0800403d   Thumb Code   102  stm32f3xx_hal_uart.o(i.HAL_UART_Init)
    HAL_UART_MspInit                         0x080040a5   Thumb Code   184  usart.o(i.HAL_UART_MspInit)
    HAL_UART_Receive_IT                      0x08004171   Thumb Code   164  stm32f3xx_hal_uart.o(i.HAL_UART_Receive_IT)
    HAL_UART_RxCpltCallback                  0x0800421d   Thumb Code    52  communication.o(i.HAL_UART_RxCpltCallback)
    HAL_UART_Transmit_DMA                    0x0800425d   Thumb Code   132  stm32f3xx_hal_uart.o(i.HAL_UART_Transmit_DMA)
    HAL_UART_TxCpltCallback                  0x080042ed   Thumb Code     2  stm32f3xx_hal_uart.o(i.HAL_UART_TxCpltCallback)
    HAL_UART_TxHalfCpltCallback              0x080042ef   Thumb Code     2  stm32f3xx_hal_uart.o(i.HAL_UART_TxHalfCpltCallback)
    HardFault_Handler                        0x0800455b   Thumb Code     2  stm32f3xx_it.o(i.HardFault_Handler)
    Init_Drv8302                             0x0800455d   Thumb Code    50  foc.o(i.Init_Drv8302)
    LowPassFilter_RC_1order                  0x08004595   Thumb Code   118  cmath.o(i.LowPassFilter_RC_1order)
    MX_ADC1_Init                             0x08004619   Thumb Code   160  adc.o(i.MX_ADC1_Init)
    MX_ADC2_Init                             0x080046bd   Thumb Code   118  adc.o(i.MX_ADC2_Init)
    MX_CAN_Init                              0x0800473d   Thumb Code    64  can.o(i.MX_CAN_Init)
    MX_DMA_Init                              0x08004785   Thumb Code    88  dma.o(i.MX_DMA_Init)
    MX_FREERTOS_Init                         0x080047e1   Thumb Code    96  freertos.o(i.MX_FREERTOS_Init)
    MX_GPIO_Init                             0x08004849   Thumb Code   138  gpio.o(i.MX_GPIO_Init)
    MX_HRTIM1_Init                           0x080048dd   Thumb Code   436  hrtim.o(i.MX_HRTIM1_Init)
    MX_TIM6_Init                             0x08004a99   Thumb Code    60  tim.o(i.MX_TIM6_Init)
    MX_USART1_UART_Init                      0x08004add   Thumb Code    52  usart.o(i.MX_USART1_UART_Init)
    Massage_Pack                             0x08004b19   Thumb Code   140  communication.o(i.Massage_Pack)
    Massage_Process                          0x08004bb9   Thumb Code   818  communication.o(i.Massage_Process)
    MemManage_Handler                        0x08004f1d   Thumb Code     2  stm32f3xx_it.o(i.MemManage_Handler)
    NMI_Handler                              0x08004f1f   Thumb Code     2  stm32f3xx_it.o(i.NMI_Handler)
    OverDuty_Detect                          0x08004f21   Thumb Code    48  foc.o(i.OverDuty_Detect)
    Perip_Initalization                      0x08004f59   Thumb Code    74  main.o(i.Perip_Initalization)
    SPWM                                     0x08004fc1   Thumb Code   170  svpwm.o(i.SPWM)
    SVPWM_SetZero                            0x08005075   Thumb Code    26  svpwm.o(i.SVPWM_SetZero)
    Safe_CheckFuc                            0x08005095   Thumb Code     8  freertos.o(i.Safe_CheckFuc)
    Send_TaskFuc                             0x0800509d   Thumb Code     8  freertos.o(i.Send_TaskFuc)
    Set_HrtimDuty                            0x080050a5   Thumb Code    80  foc.o(i.Set_HrtimDuty)
    Shut_down                                0x080050f9   Thumb Code    22  foc.o(i.Shut_down)
    SinTable                                 0x08005115   Thumb Code    56  cmath.o(i.SinTable)
    StartDefaultTask                         0x08005161   Thumb Code    26  freertos.o(i.StartDefaultTask)
    Start_Drv8302                            0x08005181   Thumb Code    40  foc.o(i.Start_Drv8302)
    Stop_Drv8302                             0x080051ad   Thumb Code    14  foc.o(i.Stop_Drv8302)
    StoreTheMas                              0x080051bb   Thumb Code    10  communication.o(i.StoreTheMas)
    SysTick_Handler                          0x080051c5   Thumb Code    38  port.o(i.SysTick_Handler)
    SystemClock_Config                       0x080051f1   Thumb Code   108  main.o(i.SystemClock_Config)
    SystemInit                               0x0800525d   Thumb Code    22  system_stm32f3xx.o(i.SystemInit)
    TIM7_DAC2_IRQHandler                     0x08005279   Thumb Code     6  stm32f3xx_it.o(i.TIM7_DAC2_IRQHandler)
    TIM_Base_SetConfig                       0x08005285   Thumb Code   114  stm32f3xx_hal_tim.o(i.TIM_Base_SetConfig)
    UART_AdvFeatureConfig                    0x0800530d   Thumb Code   200  stm32f3xx_hal_uart.o(i.UART_AdvFeatureConfig)
    UART_CheckIdleState                      0x080053d5   Thumb Code    88  stm32f3xx_hal_uart.o(i.UART_CheckIdleState)
    UART_SetConfig                           0x080055a5   Thumb Code   318  stm32f3xx_hal_uart.o(i.UART_SetConfig)
    UART_WaitOnFlagUntilTimeout              0x08005701   Thumb Code   164  stm32f3xx_hal_uart.o(i.UART_WaitOnFlagUntilTimeout)
    USART1_IRQHandler                        0x080057a5   Thumb Code     6  stm32f3xx_it.o(i.USART1_IRQHandler)
    UsageFault_Handler                       0x080057b1   Thumb Code     2  stm32f3xx_it.o(i.UsageFault_Handler)
    Write_FOC_ID                             0x080057b5   Thumb Code    48  foc.o(i.Write_FOC_ID)
    __0vsprintf                              0x080057e9   Thumb Code    30  printfa.o(i.__0vsprintf)
    __1vsprintf                              0x080057e9   Thumb Code     0  printfa.o(i.__0vsprintf)
    __2vsprintf                              0x080057e9   Thumb Code     0  printfa.o(i.__0vsprintf)
    __c89vsprintf                            0x080057e9   Thumb Code     0  printfa.o(i.__0vsprintf)
    vsprintf                                 0x080057e9   Thumb Code     0  printfa.o(i.__0vsprintf)
    __hardfp_fabs                            0x0800582d   Thumb Code    20  fabs.o(i.__hardfp_fabs)
    __hardfp_fmax                            0x08005841   Thumb Code   116  fmax.o(i.__hardfp_fmax)
    __hardfp_fmaxf                           0x080058b5   Thumb Code    16  cmath.o(i.__hardfp_fmaxf)
    __hardfp_fmin                            0x080058c5   Thumb Code   116  fmin.o(i.__hardfp_fmin)
    __hardfp_fminf                           0x08005939   Thumb Code    16  cmath.o(i.__hardfp_fminf)
    __hardfp_sqrt                            0x08005949   Thumb Code   122  sqrt.o(i.__hardfp_sqrt)
    __scatterload_copy                       0x080059c3   Thumb Code    14  handlers.o(i.__scatterload_copy)
    __scatterload_null                       0x080059d1   Thumb Code     2  handlers.o(i.__scatterload_null)
    __scatterload_zeroinit                   0x080059d3   Thumb Code    14  handlers.o(i.__scatterload_zeroinit)
    __set_errno                              0x080059e1   Thumb Code     6  errno.o(i.__set_errno)
    abc                                      0x080062a9   Thumb Code   130  svpwm.o(i.abc)
    atan2LUT                                 0x08006335   Thumb Code   570  positionsensor.o(i.atan2LUT)
    currentLimit                             0x080065a5   Thumb Code   154  foc.o(i.currentLimit)
    dq0                                      0x08006645   Thumb Code   140  svpwm.o(i.dq0)
    float_to_uint                            0x080066dd   Thumb Code    40  cmath.o(i.float_to_uint)
    fmaxf3                                   0x08006705   Thumb Code    42  cmath.o(i.fmaxf3)
    fminf3                                   0x0800672f   Thumb Code    42  cmath.o(i.fminf3)
    init_PID                                 0x08006759   Thumb Code    70  foc.o(i.init_PID)
    limit_norm                               0x080067bd   Thumb Code   106  cmath.o(i.limit_norm)
    linearize_dtc                            0x08006829   Thumb Code    54  foc.o(i.linearize_dtc)
    main                                     0x0800686d   Thumb Code    54  main.o(i.main)
    osDelay                                  0x080068af   Thumb Code    14  cmsis_os.o(i.osDelay)
    osKernelStart                            0x080068bd   Thumb Code    10  cmsis_os.o(i.osKernelStart)
    osThreadCreate                           0x080068c7   Thumb Code    84  cmsis_os.o(i.osThreadCreate)
    pvPortMalloc                             0x08006c61   Thumb Code   210  heap_4.o(i.pvPortMalloc)
    pxPortInitialiseStack                    0x08006d39   Thumb Code    40  port.o(i.pxPortInitialiseStack)
    tuner_PI                                 0x08006d65   Thumb Code   132  foc.o(i.tuner_PI)
    tuner_PID                                0x08006de9   Thumb Code   230  foc.o(i.tuner_PID)
    uint_to_float                            0x08006ecf   Thumb Code    40  cmath.o(i.uint_to_float)
    uxListRemove                             0x08006ef7   Thumb Code    38  list.o(i.uxListRemove)
    vApplicationGetIdleTaskMemory            0x08006f1d   Thumb Code    16  freertos.o(i.vApplicationGetIdleTaskMemory)
    vListInitialise                          0x08006f31   Thumb Code    22  list.o(i.vListInitialise)
    vListInitialiseItem                      0x08006f47   Thumb Code     6  list.o(i.vListInitialiseItem)
    vListInsert                              0x08006f4d   Thumb Code    48  list.o(i.vListInsert)
    vListInsertEnd                           0x08006f7d   Thumb Code    24  list.o(i.vListInsertEnd)
    vPortEnterCritical                       0x08006f95   Thumb Code    54  port.o(i.vPortEnterCritical)
    vPortExitCritical                        0x08006fd5   Thumb Code    34  port.o(i.vPortExitCritical)
    vPortFree                                0x08006ffd   Thumb Code    88  heap_4.o(i.vPortFree)
    vPortSetupTimerInterrupt                 0x08007059   Thumb Code    32  port.o(i.vPortSetupTimerInterrupt)
    vTaskDelay                               0x0800707d   Thumb Code    66  tasks.o(i.vTaskDelay)
    vTaskStartScheduler                      0x080070c9   Thumb Code    90  tasks.o(i.vTaskStartScheduler)
    vTaskSuspendAll                          0x08007135   Thumb Code    10  tasks.o(i.vTaskSuspendAll)
    vTaskSwitchContext                       0x08007145   Thumb Code    82  tasks.o(i.vTaskSwitchContext)
    xPortStartScheduler                      0x080071a1   Thumb Code   222  port.o(i.xPortStartScheduler)
    xTaskCreate                              0x08007295   Thumb Code    90  tasks.o(i.xTaskCreate)
    xTaskCreateStatic                        0x080072ef   Thumb Code    86  tasks.o(i.xTaskCreateStatic)
    xTaskIncrementTick                       0x08007345   Thumb Code   192  tasks.o(i.xTaskIncrementTick)
    xTaskResumeAll                           0x0800740d   Thumb Code   182  tasks.o(i.xTaskResumeAll)
    FIR_COFFES                               0x08007cd0   Data          20  cmath.o(.constdata)
    aPLLMULFactorTable                       0x08007d54   Data          16  stm32f3xx_hal_rcc.o(.constdata)
    aPredivFactorTable                       0x08007d64   Data          16  stm32f3xx_hal_rcc.o(.constdata)
    AHBPrescTable                            0x08007d74   Data          16  system_stm32f3xx.o(.constdata)
    APBPrescTable                            0x08007d84   Data           8  system_stm32f3xx.o(.constdata)
    Region$$Table$$Base                      0x08007e80   Number         0  anon$$obj.o(Region$$Table)
    Region$$Table$$Limit                     0x08007ea0   Number         0  anon$$obj.o(Region$$Table)
    M                                        0x20000000   Data           4  cmath.o(.data)
    TxMailbox                                0x20000004   Data           4  communication.o(.data)
    TranMas                                  0x20000008   Data           5  communication.o(.data)
    RecMas                                   0x2000000d   Data           6  communication.o(.data)
    Sense_pointer                            0x20000014   Data           4  currentsensing.o(.data)
    MOTOR_STATE                              0x20000018   Data           3  foc.o(.data)
    defaultTaskHandle                        0x20000824   Data           4  freertos.o(.data)
    FOC_LOGICHandle                          0x20000828   Data           4  freertos.o(.data)
    Safe_CheckHandle                         0x2000082c   Data           4  freertos.o(.data)
    Send_TaskHandle                          0x20000830   Data           4  freertos.o(.data)
    uwTickFreq                               0x20000834   Data           1  stm32f3xx_hal.o(.data)
    uwTickPrio                               0x20000838   Data           4  stm32f3xx_hal.o(.data)
    uwTick                                   0x2000083c   Data           4  stm32f3xx_hal.o(.data)
    SystemCoreClock                          0x20000858   Data           4  system_stm32f3xx.o(.data)
    pxCurrentTCB                             0x2000085c   Data           4  tasks.o(.data)
    hCAN_TxHeader                            0x200008c0   Data          24  communication.o(.bss)
    hCAN_RxHeader                            0x200008d8   Data          28  communication.o(.bss)
    hCAN_Filter                              0x200008f4   Data          40  communication.o(.bss)
    foc_handle                               0x2000091c   Data         180  main.o(.bss)
    Sense_handle                             0x200009d0   Data          44  main.o(.bss)
    svpwm_handle                             0x200009fc   Data          24  main.o(.bss)
    hadc1                                    0x20000a14   Data          80  adc.o(.bss)
    hadc2                                    0x20000a64   Data          80  adc.o(.bss)
    hdma_adc1                                0x20000ab4   Data          68  adc.o(.bss)
    hdma_adc2                                0x20000af8   Data          68  adc.o(.bss)
    hcan                                     0x20000b3c   Data          40  can.o(.bss)
    hhrtim1                                  0x20000db8   Data         220  hrtim.o(.bss)
    htim7                                    0x20000e94   Data          64  stm32f3xx_hal_timebase_tim.o(.bss)
    htim6                                    0x20000ed4   Data          64  tim.o(.bss)
    huart1                                   0x20000f14   Data         128  usart.o(.bss)
    hdma_usart1_rx                           0x20000f94   Data          68  usart.o(.bss)
    hdma_usart1_tx                           0x20000fd8   Data          68  usart.o(.bss)
    buffer                                   0x2000101c   Data         500  usart.o(.bss)
    pFlash                                   0x20001210   Data          32  stm32f3xx_hal_flash.o(.bss)
    __initial_sp                             0x20002320   Data           0  startup_stm32f334x8.o(STACK)



==============================================================================

Memory Map of the image

  Image Entry point : 0x08000189

  Load Region LR_IROM1 (Base: 0x08000000, Size: 0x00008760, Max: 0x00010000, ABSOLUTE, COMPRESSED[0x000086d4])

    Execution Region ER_IROM1 (Exec base: 0x08000000, Load base: 0x08000000, Size: 0x00007ea0, Max: 0x00010000, ABSOLUTE)

    Exec Addr    Load Addr    Size         Type   Attr      Idx    E Section Name        Object

    0x08000000   0x08000000   0x00000188   Data   RO            3    RESET               startup_stm32f334x8.o
    0x08000188   0x08000188   0x00000000   Code   RO         7187  * .ARM.Collect$$$$00000000  mc_w.l(entry.o)
    0x08000188   0x08000188   0x00000004   Code   RO         7481    .ARM.Collect$$$$00000001  mc_w.l(entry2.o)
    0x0800018c   0x0800018c   0x00000004   Code   RO         7484    .ARM.Collect$$$$00000004  mc_w.l(entry5.o)
    0x08000190   0x08000190   0x00000000   Code   RO         7486    .ARM.Collect$$$$00000008  mc_w.l(entry7b.o)
    0x08000190   0x08000190   0x00000000   Code   RO         7488    .ARM.Collect$$$$0000000A  mc_w.l(entry8b.o)
    0x08000190   0x08000190   0x00000008   Code   RO         7489    .ARM.Collect$$$$0000000B  mc_w.l(entry9a.o)
    0x08000198   0x08000198   0x00000000   Code   RO         7491    .ARM.Collect$$$$0000000D  mc_w.l(entry10a.o)
    0x08000198   0x08000198   0x00000000   Code   RO         7493    .ARM.Collect$$$$0000000F  mc_w.l(entry11a.o)
    0x08000198   0x08000198   0x00000004   Code   RO         7482    .ARM.Collect$$$$00002712  mc_w.l(entry2.o)
    0x0800019c   0x0800019c   0x000000be   Code   RO         7084    .emb_text           port.o
    0x0800025a   0x0800025a   0x00000002   PAD
    0x0800025c   0x0800025c   0x00000024   Code   RO            4    .text               startup_stm32f334x8.o
    0x08000280   0x08000280   0x00000062   Code   RO         7190    .text               mc_w.l(uldiv.o)
    0x080002e2   0x080002e2   0x00000020   Code   RO         7192    .text               mc_w.l(llushr.o)
    0x08000302   0x08000302   0x00000024   Code   RO         7194    .text               mc_w.l(memcpya.o)
    0x08000326   0x08000326   0x00000024   Code   RO         7198    .text               mc_w.l(memseta.o)
    0x0800034a   0x0800034a   0x0000000e   Code   RO         7200    .text               mc_w.l(strlen.o)
    0x08000358   0x08000358   0x0000014e   Code   RO         7465    .text               mf_w.l(dadd.o)
    0x080004a6   0x080004a6   0x000000e4   Code   RO         7467    .text               mf_w.l(dmul.o)
    0x0800058a   0x0800058a   0x000000de   Code   RO         7469    .text               mf_w.l(ddiv.o)
    0x08000668   0x08000668   0x0000003e   Code   RO         7473    .text               mf_w.l(dfixi.o)
    0x080006a6   0x080006a6   0x00000026   Code   RO         7475    .text               mf_w.l(f2d.o)
    0x080006cc   0x080006cc   0x00000030   Code   RO         7477    .text               mf_w.l(cdcmple.o)
    0x080006fc   0x080006fc   0x00000038   Code   RO         7479    .text               mf_w.l(d2f.o)
    0x08000734   0x08000734   0x0000002c   Code   RO         7496    .text               mc_w.l(uidiv.o)
    0x08000760   0x08000760   0x0000001e   Code   RO         7498    .text               mc_w.l(llshl.o)
    0x0800077e   0x0800077e   0x00000024   Code   RO         7500    .text               mc_w.l(llsshr.o)
    0x080007a2   0x080007a2   0x00000000   Code   RO         7509    .text               mc_w.l(iusefp.o)
    0x080007a2   0x080007a2   0x0000006e   Code   RO         7510    .text               mf_w.l(fepilogue.o)
    0x08000810   0x08000810   0x000000ba   Code   RO         7512    .text               mf_w.l(depilogue.o)
    0x080008ca   0x080008ca   0x000000a2   Code   RO         7514    .text               mf_w.l(dsqrt.o)
    0x0800096c   0x0800096c   0x00000030   Code   RO         7516    .text               mf_w.l(dfixul.o)
    0x0800099c   0x0800099c   0x00000030   Code   RO         7518    .text               mf_w.l(cdrcmple.o)
    0x080009cc   0x080009cc   0x00000060   Code   RO         7520    .text               mf_w.l(dcmp4.o)
    0x08000a2c   0x08000a2c   0x00000024   Code   RO         7522    .text               mc_w.l(init.o)
    0x08000a50   0x08000a50   0x0000005e   Code   RO         7532    .text               mc_w.l(__dclz77c.o)
    0x08000aae   0x08000aae   0x00000002   PAD
    0x08000ab0   0x08000ab0   0x0000001c   Code   RO         1390    i.ADC1_2_IRQHandler  stm32f3xx_it.o
    0x08000acc   0x08000acc   0x00000044   Code   RO         1705    i.ADC_DMAConvCplt   stm32f3xx_hal_adc_ex.o
    0x08000b10   0x08000b10   0x00000016   Code   RO         1706    i.ADC_DMAError      stm32f3xx_hal_adc_ex.o
    0x08000b26   0x08000b26   0x00000006   Code   RO         1707    i.ADC_DMAHalfConvCplt  stm32f3xx_hal_adc_ex.o
    0x08000b2c   0x08000b2c   0x00000062   Code   RO         1708    i.ADC_Disable       stm32f3xx_hal_adc_ex.o
    0x08000b8e   0x08000b8e   0x00000002   PAD
    0x08000b90   0x08000b90   0x00000060   Code   RO         1709    i.ADC_Enable        stm32f3xx_hal_adc_ex.o
    0x08000bf0   0x08000bf0   0x00000050   Code   RO          350    i.AcquireCurrent    currentsensing.o
    0x08000c40   0x08000c40   0x00000028   Code   RO          536    i.Actual_Angle_Acquire  foc.o
    0x08000c68   0x08000c68   0x00000088   Code   RO          537    i.Actual_Current_Acquire  foc.o
    0x08000cf0   0x08000cf0   0x00000054   Code   RO          538    i.Actual_Speed_Acquire  foc.o
    0x08000d44   0x08000d44   0x0000004c   Code   RO          539    i.Angle_Control     foc.o
    0x08000d90   0x08000d90   0x000000d4   Code   RO          747    i.Angle_Get         positionsensor.o
    0x08000e64   0x08000e64   0x00000002   Code   RO         1391    i.BusFault_Handler  stm32f3xx_it.o
    0x08000e66   0x08000e66   0x00000002   PAD
    0x08000e68   0x08000e68   0x00000030   Code   RO          238    i.CAN_FilterInit    communication.o
    0x08000e98   0x08000e98   0x0000000c   Code   RO         1392    i.CAN_RX0_IRQHandler  stm32f3xx_it.o
    0x08000ea4   0x08000ea4   0x00000018   Code   RO          239    i.CAN_RxHeader_Pack  communication.o
    0x08000ebc   0x08000ebc   0x00000020   Code   RO          240    i.CAN_TxHeader_Pack  communication.o
    0x08000edc   0x08000edc   0x0000001c   Code   RO          241    i.CAN_USER_Init     communication.o
    0x08000ef8   0x08000ef8   0x00000048   Code   RO          351    i.CaliADC           currentsensing.o
    0x08000f40   0x08000f40   0x0000002c   Code   RO           13    i.CosTable          cmath.o
    0x08000f6c   0x08000f6c   0x00000010   Code   RO          352    i.CurrentSensor_Init  currentsensing.o
    0x08000f7c   0x08000f7c   0x00000028   Code   RO          354    i.Current_SenseA    currentsensing.o
    0x08000fa4   0x08000fa4   0x00000028   Code   RO          355    i.Current_SenseB    currentsensing.o
    0x08000fcc   0x08000fcc   0x0000000c   Code   RO         1393    i.DMA1_Channel1_IRQHandler  stm32f3xx_it.o
    0x08000fd8   0x08000fd8   0x0000000c   Code   RO         1394    i.DMA1_Channel2_IRQHandler  stm32f3xx_it.o
    0x08000fe4   0x08000fe4   0x0000000c   Code   RO         1395    i.DMA1_Channel4_IRQHandler  stm32f3xx_it.o
    0x08000ff0   0x08000ff0   0x0000000c   Code   RO         1396    i.DMA1_Channel5_IRQHandler  stm32f3xx_it.o
    0x08000ffc   0x08000ffc   0x00000020   Code   RO         2355    i.DMA_CalcBaseAndBitshift  stm32f3xx_hal_dma.o
    0x0800101c   0x0800101c   0x0000002a   Code   RO         2356    i.DMA_SetConfig     stm32f3xx_hal_dma.o
    0x08001046   0x08001046   0x00000002   PAD
    0x08001048   0x08001048   0x00000030   Code   RO         1326    i.DMA_printf        usart.o
    0x08001078   0x08001078   0x00000002   Code   RO         1397    i.DebugMon_Handler  stm32f3xx_it.o
    0x0800107a   0x0800107a   0x00000002   Code   RO          836    i.Error_Handler     main.o
    0x0800107c   0x0800107c   0x00000024   Code   RO         2813    i.FLASH_MassErase   stm32f3xx_hal_flash_ex.o
    0x080010a0   0x080010a0   0x00000024   Code   RO         2818    i.FLASH_PageErase   stm32f3xx_hal_flash_ex.o
    0x080010c4   0x080010c4   0x0000001c   Code   RO         2710    i.FLASH_Program_HalfWord  stm32f3xx_hal_flash.o
    0x080010e0   0x080010e0   0x00000034   Code   RO         2711    i.FLASH_SetErrorCode  stm32f3xx_hal_flash.o
    0x08001114   0x08001114   0x00000050   Code   RO         2712    i.FLASH_WaitForLastOperation  stm32f3xx_hal_flash.o
    0x08001164   0x08001164   0x000000bc   Code   RO          540    i.FOCStruct_Init    foc.o
    0x08001220   0x08001220   0x00000090   Code   RO          541    i.FOC_GetSensorTask  foc.o
    0x080012b0   0x080012b0   0x0000002c   Code   RO         1102    i.FOC_LOGICFuc      freertos.o
    0x080012dc   0x080012dc   0x000001a4   Code   RO          542    i.FOC_Trans         foc.o
    0x08001480   0x08001480   0x0000005c   Code   RO          543    i.FOC_task          foc.o
    0x080014dc   0x080014dc   0x00000096   Code   RO         1712    i.HAL_ADCEx_Calibration_Start  stm32f3xx_hal_adc_ex.o
    0x08001572   0x08001572   0x00000002   Code   RO         1714    i.HAL_ADCEx_InjectedConvCpltCallback  stm32f3xx_hal_adc_ex.o
    0x08001574   0x08001574   0x00000002   Code   RO         1717    i.HAL_ADCEx_InjectedQueueOverflowCallback  stm32f3xx_hal_adc_ex.o
    0x08001576   0x08001576   0x00000002   Code   RO         1722    i.HAL_ADCEx_LevelOutOfWindow2Callback  stm32f3xx_hal_adc_ex.o
    0x08001578   0x08001578   0x00000002   Code   RO         1723    i.HAL_ADCEx_LevelOutOfWindow3Callback  stm32f3xx_hal_adc_ex.o
    0x0800157a   0x0800157a   0x00000002   PAD
    0x0800157c   0x0800157c   0x000000e0   Code   RO         1724    i.HAL_ADCEx_MultiModeConfigChannel  stm32f3xx_hal_adc_ex.o
    0x0800165c   0x0800165c   0x00000350   Code   RO         1733    i.HAL_ADC_ConfigChannel  stm32f3xx_hal_adc_ex.o
    0x080019ac   0x080019ac   0x00000002   Code   RO         1556    i.HAL_ADC_ConvCpltCallback  stm32f3xx_hal_adc.o
    0x080019ae   0x080019ae   0x00000002   Code   RO         1557    i.HAL_ADC_ConvHalfCpltCallback  stm32f3xx_hal_adc.o
    0x080019b0   0x080019b0   0x00000002   Code   RO         1559    i.HAL_ADC_ErrorCallback  stm32f3xx_hal_adc.o
    0x080019b2   0x080019b2   0x00000002   PAD
    0x080019b4   0x080019b4   0x00000268   Code   RO         1736    i.HAL_ADC_IRQHandler  stm32f3xx_hal_adc_ex.o
    0x08001c1c   0x08001c1c   0x000001e4   Code   RO         1737    i.HAL_ADC_Init      stm32f3xx_hal_adc_ex.o
    0x08001e00   0x08001e00   0x00000002   Code   RO         1565    i.HAL_ADC_LevelOutOfWindowCallback  stm32f3xx_hal_adc.o
    0x08001e02   0x08001e02   0x00000002   PAD
    0x08001e04   0x08001e04   0x00000118   Code   RO          985    i.HAL_ADC_MspInit   adc.o
    0x08001f1c   0x08001f1c   0x00000108   Code   RO         1741    i.HAL_ADC_Start_DMA  stm32f3xx_hal_adc_ex.o
    0x08002024   0x08002024   0x00000024   Code   RO         3482    i.HAL_CAN_ActivateNotification  stm32f3xx_hal_can.o
    0x08002048   0x08002048   0x000000c8   Code   RO         3483    i.HAL_CAN_AddTxMessage  stm32f3xx_hal_can.o
    0x08002110   0x08002110   0x000000ee   Code   RO         3484    i.HAL_CAN_ConfigFilter  stm32f3xx_hal_can.o
    0x080021fe   0x080021fe   0x00000002   Code   RO         3487    i.HAL_CAN_ErrorCallback  stm32f3xx_hal_can.o
    0x08002200   0x08002200   0x000000e8   Code   RO         3490    i.HAL_CAN_GetRxMessage  stm32f3xx_hal_can.o
    0x080022e8   0x080022e8   0x000001fc   Code   RO         3494    i.HAL_CAN_IRQHandler  stm32f3xx_hal_can.o
    0x080024e4   0x080024e4   0x0000011a   Code   RO         3495    i.HAL_CAN_Init      stm32f3xx_hal_can.o
    0x080025fe   0x080025fe   0x00000002   PAD
    0x08002600   0x08002600   0x00000074   Code   RO         1034    i.HAL_CAN_MspInit   can.o
    0x08002674   0x08002674   0x00000002   Code   RO         3502    i.HAL_CAN_RxFifo0FullCallback  stm32f3xx_hal_can.o
    0x08002676   0x08002676   0x00000002   PAD
    0x08002678   0x08002678   0x00000040   Code   RO          242    i.HAL_CAN_RxFifo0MsgPendingCallback  communication.o
    0x080026b8   0x080026b8   0x00000002   Code   RO         3504    i.HAL_CAN_RxFifo1FullCallback  stm32f3xx_hal_can.o
    0x080026ba   0x080026ba   0x00000002   Code   RO         3505    i.HAL_CAN_RxFifo1MsgPendingCallback  stm32f3xx_hal_can.o
    0x080026bc   0x080026bc   0x00000002   Code   RO         3506    i.HAL_CAN_SleepCallback  stm32f3xx_hal_can.o
    0x080026be   0x080026be   0x00000002   PAD
    0x080026c0   0x080026c0   0x00000058   Code   RO         3507    i.HAL_CAN_Start     stm32f3xx_hal_can.o
    0x08002718   0x08002718   0x00000002   Code   RO         3509    i.HAL_CAN_TxMailbox0AbortCallback  stm32f3xx_hal_can.o
    0x0800271a   0x0800271a   0x00000002   Code   RO         3510    i.HAL_CAN_TxMailbox0CompleteCallback  stm32f3xx_hal_can.o
    0x0800271c   0x0800271c   0x00000002   Code   RO         3511    i.HAL_CAN_TxMailbox1AbortCallback  stm32f3xx_hal_can.o
    0x0800271e   0x0800271e   0x00000002   Code   RO         3512    i.HAL_CAN_TxMailbox1CompleteCallback  stm32f3xx_hal_can.o
    0x08002720   0x08002720   0x00000002   Code   RO         3513    i.HAL_CAN_TxMailbox2AbortCallback  stm32f3xx_hal_can.o
    0x08002722   0x08002722   0x00000002   Code   RO         3514    i.HAL_CAN_TxMailbox2CompleteCallback  stm32f3xx_hal_can.o
    0x08002724   0x08002724   0x00000002   Code   RO         3516    i.HAL_CAN_WakeUpFromRxMsgCallback  stm32f3xx_hal_can.o
    0x08002726   0x08002726   0x0000004a   Code   RO         2358    i.HAL_DMA_Abort_IT  stm32f3xx_hal_dma.o
    0x08002770   0x08002770   0x000000a8   Code   RO         2362    i.HAL_DMA_IRQHandler  stm32f3xx_hal_dma.o
    0x08002818   0x08002818   0x0000004e   Code   RO         2363    i.HAL_DMA_Init      stm32f3xx_hal_dma.o
    0x08002866   0x08002866   0x00000070   Code   RO         2367    i.HAL_DMA_Start_IT  stm32f3xx_hal_dma.o
    0x080028d6   0x080028d6   0x00000002   PAD
    0x080028d8   0x080028d8   0x00000024   Code   RO         1975    i.HAL_Delay         stm32f3xx_hal.o
    0x080028fc   0x080028fc   0x000000a8   Code   RO         2819    i.HAL_FLASHEx_Erase  stm32f3xx_hal_flash_ex.o
    0x080029a4   0x080029a4   0x00000014   Code   RO         2716    i.HAL_FLASH_Lock    stm32f3xx_hal_flash.o
    0x080029b8   0x080029b8   0x00000080   Code   RO         2721    i.HAL_FLASH_Program  stm32f3xx_hal_flash.o
    0x08002a38   0x08002a38   0x00000028   Code   RO         2723    i.HAL_FLASH_Unlock  stm32f3xx_hal_flash.o
    0x08002a60   0x08002a60   0x00000180   Code   RO         2292    i.HAL_GPIO_Init     stm32f3xx_hal_gpio.o
    0x08002be0   0x08002be0   0x0000000c   Code   RO         2295    i.HAL_GPIO_TogglePin  stm32f3xx_hal_gpio.o
    0x08002bec   0x08002bec   0x0000000a   Code   RO         2296    i.HAL_GPIO_WritePin  stm32f3xx_hal_gpio.o
    0x08002bf6   0x08002bf6   0x00000002   PAD
    0x08002bf8   0x08002bf8   0x0000000c   Code   RO         1979    i.HAL_GetTick       stm32f3xx_hal.o
    0x08002c04   0x08002c04   0x0000005c   Code   RO         3733    i.HAL_HRTIM_DLLCalibrationStart  stm32f3xx_hal_hrtim.o
    0x08002c60   0x08002c60   0x000000bc   Code   RO         3756    i.HAL_HRTIM_Init    stm32f3xx_hal_hrtim.o
    0x08002d1c   0x08002d1c   0x00000028   Code   RO         1171    i.HAL_HRTIM_MspInit  hrtim.o
    0x08002d44   0x08002d44   0x00000054   Code   RO         1172    i.HAL_HRTIM_MspPostInit  hrtim.o
    0x08002d98   0x08002d98   0x00000042   Code   RO         3763    i.HAL_HRTIM_PollForDLLCalibration  stm32f3xx_hal_hrtim.o
    0x08002dda   0x08002dda   0x0000007a   Code   RO         3803    i.HAL_HRTIM_TimeBaseConfig  stm32f3xx_hal_hrtim.o
    0x08002e54   0x08002e54   0x00000134   Code   RO         3808    i.HAL_HRTIM_WaveformCompareConfig  stm32f3xx_hal_hrtim.o
    0x08002f88   0x08002f88   0x00000084   Code   RO         3811    i.HAL_HRTIM_WaveformCountStart_IT  stm32f3xx_hal_hrtim.o
    0x0800300c   0x0800300c   0x00000036   Code   RO         3817    i.HAL_HRTIM_WaveformOutputConfig  stm32f3xx_hal_hrtim.o
    0x08003042   0x08003042   0x00000030   Code   RO         3818    i.HAL_HRTIM_WaveformOutputStart  stm32f3xx_hal_hrtim.o
    0x08003072   0x08003072   0x000000ba   Code   RO         3821    i.HAL_HRTIM_WaveformTimerConfig  stm32f3xx_hal_hrtim.o
    0x0800312c   0x0800312c   0x00000010   Code   RO         1985    i.HAL_IncTick       stm32f3xx_hal.o
    0x0800313c   0x0800313c   0x00000024   Code   RO         1986    i.HAL_Init          stm32f3xx_hal.o
    0x08003160   0x08003160   0x00000074   Code   RO         1245    i.HAL_InitTick      stm32f3xx_hal_timebase_tim.o
    0x080031d4   0x080031d4   0x00000034   Code   RO         1530    i.HAL_MspInit       stm32f3xx_hal_msp.o
    0x08003208   0x08003208   0x0000001a   Code   RO         2457    i.HAL_NVIC_EnableIRQ  stm32f3xx_hal_cortex.o
    0x08003222   0x08003222   0x00000002   PAD
    0x08003224   0x08003224   0x00000040   Code   RO         2463    i.HAL_NVIC_SetPriority  stm32f3xx_hal_cortex.o
    0x08003264   0x08003264   0x00000024   Code   RO         2464    i.HAL_NVIC_SetPriorityGrouping  stm32f3xx_hal_cortex.o
    0x08003288   0x08003288   0x00000188   Code   RO         2249    i.HAL_RCCEx_PeriphCLKConfig  stm32f3xx_hal_rcc_ex.o
    0x08003410   0x08003410   0x00000148   Code   RO         2143    i.HAL_RCC_ClockConfig  stm32f3xx_hal_rcc.o
    0x08003558   0x08003558   0x00000040   Code   RO         2147    i.HAL_RCC_GetClockConfig  stm32f3xx_hal_rcc.o
    0x08003598   0x08003598   0x00000030   Code   RO         2150    i.HAL_RCC_GetPCLK1Freq  stm32f3xx_hal_rcc.o
    0x080035c8   0x080035c8   0x00000030   Code   RO         2151    i.HAL_RCC_GetPCLK2Freq  stm32f3xx_hal_rcc.o
    0x080035f8   0x080035f8   0x0000006c   Code   RO         2152    i.HAL_RCC_GetSysClockFreq  stm32f3xx_hal_rcc.o
    0x08003664   0x08003664   0x000005c8   Code   RO         2155    i.HAL_RCC_OscConfig  stm32f3xx_hal_rcc.o
    0x08003c2c   0x08003c2c   0x00000002   Code   RO         5155    i.HAL_TIMEx_Break2Callback  stm32f3xx_hal_tim_ex.o
    0x08003c2e   0x08003c2e   0x00000002   Code   RO         5156    i.HAL_TIMEx_BreakCallback  stm32f3xx_hal_tim_ex.o
    0x08003c30   0x08003c30   0x00000002   Code   RO         5157    i.HAL_TIMEx_CommutCallback  stm32f3xx_hal_tim_ex.o
    0x08003c32   0x08003c32   0x00000002   PAD
    0x08003c34   0x08003c34   0x00000074   Code   RO         5175    i.HAL_TIMEx_MasterConfigSynchronization  stm32f3xx_hal_tim_ex.o
    0x08003ca8   0x08003ca8   0x00000036   Code   RO         4458    i.HAL_TIM_Base_Init  stm32f3xx_hal_tim.o
    0x08003cde   0x08003cde   0x00000002   PAD
    0x08003ce0   0x08003ce0   0x00000028   Code   RO         1285    i.HAL_TIM_Base_MspInit  tim.o
    0x08003d08   0x08003d08   0x0000002c   Code   RO         4463    i.HAL_TIM_Base_Start_IT  stm32f3xx_hal_tim.o
    0x08003d34   0x08003d34   0x00000002   Code   RO         4489    i.HAL_TIM_IC_CaptureCallback  stm32f3xx_hal_tim.o
    0x08003d36   0x08003d36   0x00000184   Code   RO         4503    i.HAL_TIM_IRQHandler  stm32f3xx_hal_tim.o
    0x08003eba   0x08003eba   0x00000002   Code   RO         4506    i.HAL_TIM_OC_DelayElapsedCallback  stm32f3xx_hal_tim.o
    0x08003ebc   0x08003ebc   0x00000002   Code   RO         4533    i.HAL_TIM_PWM_PulseFinishedCallback  stm32f3xx_hal_tim.o
    0x08003ebe   0x08003ebe   0x00000002   PAD
    0x08003ec0   0x08003ec0   0x00000014   Code   RO          837    i.HAL_TIM_PeriodElapsedCallback  main.o
    0x08003ed4   0x08003ed4   0x00000002   Code   RO         4546    i.HAL_TIM_TriggerCallback  stm32f3xx_hal_tim.o
    0x08003ed6   0x08003ed6   0x00000002   Code   RO         5797    i.HAL_UARTEx_WakeupCallback  stm32f3xx_hal_uart_ex.o
    0x08003ed8   0x08003ed8   0x00000002   Code   RO         5442    i.HAL_UART_ErrorCallback  stm32f3xx_hal_uart.o
    0x08003eda   0x08003eda   0x00000002   PAD
    0x08003edc   0x08003edc   0x00000160   Code   RO         5445    i.HAL_UART_IRQHandler  stm32f3xx_hal_uart.o
    0x0800403c   0x0800403c   0x00000066   Code   RO         5446    i.HAL_UART_Init     stm32f3xx_hal_uart.o
    0x080040a2   0x080040a2   0x00000002   PAD
    0x080040a4   0x080040a4   0x000000cc   Code   RO         1328    i.HAL_UART_MspInit  usart.o
    0x08004170   0x08004170   0x000000ac   Code   RO         5451    i.HAL_UART_Receive_IT  stm32f3xx_hal_uart.o
    0x0800421c   0x0800421c   0x00000040   Code   RO          243    i.HAL_UART_RxCpltCallback  communication.o
    0x0800425c   0x0800425c   0x00000090   Code   RO         5456    i.HAL_UART_Transmit_DMA  stm32f3xx_hal_uart.o
    0x080042ec   0x080042ec   0x00000002   Code   RO         5458    i.HAL_UART_TxCpltCallback  stm32f3xx_hal_uart.o
    0x080042ee   0x080042ee   0x00000002   Code   RO         5459    i.HAL_UART_TxHalfCpltCallback  stm32f3xx_hal_uart.o
    0x080042f0   0x080042f0   0x0000005a   Code   RO         3828    i.HRTIM_ForceRegistersUpdate  stm32f3xx_hal_hrtim.o
    0x0800434a   0x0800434a   0x000000ce   Code   RO         3834    i.HRTIM_OutputConfig  stm32f3xx_hal_hrtim.o
    0x08004418   0x08004418   0x00000142   Code   RO         3837    i.HRTIM_TimingUnitWaveform_Config  stm32f3xx_hal_hrtim.o
    0x0800455a   0x0800455a   0x00000002   Code   RO         1398    i.HardFault_Handler  stm32f3xx_it.o
    0x0800455c   0x0800455c   0x00000038   Code   RO          544    i.Init_Drv8302      foc.o
    0x08004594   0x08004594   0x00000084   Code   RO           15    i.LowPassFilter_RC_1order  cmath.o
    0x08004618   0x08004618   0x000000a4   Code   RO          986    i.MX_ADC1_Init      adc.o
    0x080046bc   0x080046bc   0x00000080   Code   RO          987    i.MX_ADC2_Init      adc.o
    0x0800473c   0x0800473c   0x00000048   Code   RO         1035    i.MX_CAN_Init       can.o
    0x08004784   0x08004784   0x0000005c   Code   RO         1075    i.MX_DMA_Init       dma.o
    0x080047e0   0x080047e0   0x00000068   Code   RO         1103    i.MX_FREERTOS_Init  freertos.o
    0x08004848   0x08004848   0x00000094   Code   RO          957    i.MX_GPIO_Init      gpio.o
    0x080048dc   0x080048dc   0x000001bc   Code   RO         1173    i.MX_HRTIM1_Init    hrtim.o
    0x08004a98   0x08004a98   0x00000044   Code   RO         1286    i.MX_TIM6_Init      tim.o
    0x08004adc   0x08004adc   0x0000003c   Code   RO         1329    i.MX_USART1_UART_Init  usart.o
    0x08004b18   0x08004b18   0x000000a0   Code   RO          244    i.Massage_Pack      communication.o
    0x08004bb8   0x08004bb8   0x00000364   Code   RO          245    i.Massage_Process   communication.o
    0x08004f1c   0x08004f1c   0x00000002   Code   RO         1399    i.MemManage_Handler  stm32f3xx_it.o
    0x08004f1e   0x08004f1e   0x00000002   Code   RO         1400    i.NMI_Handler       stm32f3xx_it.o
    0x08004f20   0x08004f20   0x00000038   Code   RO          546    i.OverDuty_Detect   foc.o
    0x08004f58   0x08004f58   0x00000068   Code   RO          838    i.Perip_Initalization  main.o
    0x08004fc0   0x08004fc0   0x000000b4   Code   RO          794    i.SPWM              svpwm.o
    0x08005074   0x08005074   0x00000020   Code   RO          795    i.SVPWM_SetZero     svpwm.o
    0x08005094   0x08005094   0x00000008   Code   RO         1104    i.Safe_CheckFuc     freertos.o
    0x0800509c   0x0800509c   0x00000008   Code   RO         1105    i.Send_TaskFuc      freertos.o
    0x080050a4   0x080050a4   0x00000054   Code   RO          547    i.Set_HrtimDuty     foc.o
    0x080050f8   0x080050f8   0x0000001c   Code   RO          548    i.Shut_down         foc.o
    0x08005114   0x08005114   0x0000004c   Code   RO           17    i.SinTable          cmath.o
    0x08005160   0x08005160   0x00000020   Code   RO         1106    i.StartDefaultTask  freertos.o
    0x08005180   0x08005180   0x0000002c   Code   RO          549    i.Start_Drv8302     foc.o
    0x080051ac   0x080051ac   0x0000000e   Code   RO          550    i.Stop_Drv8302      foc.o
    0x080051ba   0x080051ba   0x0000000a   Code   RO          246    i.StoreTheMas       communication.o
    0x080051c4   0x080051c4   0x0000002c   Code   RO         7085    i.SysTick_Handler   port.o
    0x080051f0   0x080051f0   0x0000006c   Code   RO          839    i.SystemClock_Config  main.o
    0x0800525c   0x0800525c   0x0000001c   Code   RO         5847    i.SystemInit        system_stm32f3xx.o
    0x08005278   0x08005278   0x0000000c   Code   RO         1401    i.TIM7_DAC2_IRQHandler  stm32f3xx_it.o
    0x08005284   0x08005284   0x00000088   Code   RO         4548    i.TIM_Base_SetConfig  stm32f3xx_hal_tim.o
    0x0800530c   0x0800530c   0x000000c8   Code   RO         5460    i.UART_AdvFeatureConfig  stm32f3xx_hal_uart.o
    0x080053d4   0x080053d4   0x00000058   Code   RO         5461    i.UART_CheckIdleState  stm32f3xx_hal_uart.o
    0x0800542c   0x0800542c   0x00000014   Code   RO         5462    i.UART_DMAAbortOnError  stm32f3xx_hal_uart.o
    0x08005440   0x08005440   0x00000048   Code   RO         5463    i.UART_DMAError     stm32f3xx_hal_uart.o
    0x08005488   0x08005488   0x0000002e   Code   RO         5468    i.UART_DMATransmitCplt  stm32f3xx_hal_uart.o
    0x080054b6   0x080054b6   0x0000000a   Code   RO         5470    i.UART_DMATxHalfCplt  stm32f3xx_hal_uart.o
    0x080054c0   0x080054c0   0x0000001e   Code   RO         5472    i.UART_EndRxTransfer  stm32f3xx_hal_uart.o
    0x080054de   0x080054de   0x00000010   Code   RO         5473    i.UART_EndTxTransfer  stm32f3xx_hal_uart.o
    0x080054ee   0x080054ee   0x0000005a   Code   RO         5474    i.UART_RxISR_16BIT  stm32f3xx_hal_uart.o
    0x08005548   0x08005548   0x0000005a   Code   RO         5475    i.UART_RxISR_8BIT   stm32f3xx_hal_uart.o
    0x080055a2   0x080055a2   0x00000002   PAD
    0x080055a4   0x080055a4   0x0000015c   Code   RO         5476    i.UART_SetConfig    stm32f3xx_hal_uart.o
    0x08005700   0x08005700   0x000000a4   Code   RO         5479    i.UART_WaitOnFlagUntilTimeout  stm32f3xx_hal_uart.o
    0x080057a4   0x080057a4   0x0000000c   Code   RO         1402    i.USART1_IRQHandler  stm32f3xx_it.o
    0x080057b0   0x080057b0   0x00000002   Code   RO         1403    i.UsageFault_Handler  stm32f3xx_it.o
    0x080057b2   0x080057b2   0x00000002   PAD
    0x080057b4   0x080057b4   0x00000034   Code   RO          551    i.Write_FOC_ID      foc.o
    0x080057e8   0x080057e8   0x00000024   Code   RO         7443    i.__0vsprintf       mc_w.l(printfa.o)
    0x0800580c   0x0800580c   0x00000020   Code   RO         2470    i.__NVIC_SetPriority  stm32f3xx_hal_cortex.o
    0x0800582c   0x0800582c   0x00000014   Code   RO         7161    i.__hardfp_fabs     m_wm.l(fabs.o)
    0x08005840   0x08005840   0x00000074   Code   RO         7167    i.__hardfp_fmax     m_wm.l(fmax.o)
    0x080058b4   0x080058b4   0x00000010   Code   RO           18    i.__hardfp_fmaxf    cmath.o
    0x080058c4   0x080058c4   0x00000074   Code   RO         7183    i.__hardfp_fmin     m_wm.l(fmin.o)
    0x08005938   0x08005938   0x00000010   Code   RO           19    i.__hardfp_fminf    cmath.o
    0x08005948   0x08005948   0x0000007a   Code   RO         7171    i.__hardfp_sqrt     m_wm.l(sqrt.o)
    0x080059c2   0x080059c2   0x0000000e   Code   RO         7526    i.__scatterload_copy  mc_w.l(handlers.o)
    0x080059d0   0x080059d0   0x00000002   Code   RO         7527    i.__scatterload_null  mc_w.l(handlers.o)
    0x080059d2   0x080059d2   0x0000000e   Code   RO         7528    i.__scatterload_zeroinit  mc_w.l(handlers.o)
    0x080059e0   0x080059e0   0x0000000c   Code   RO         7504    i.__set_errno       mc_w.l(errno.o)
    0x080059ec   0x080059ec   0x00000184   Code   RO         7444    i._fp_digits        mc_w.l(printfa.o)
    0x08005b70   0x08005b70   0x000006dc   Code   RO         7445    i._printf_core      mc_w.l(printfa.o)
    0x0800624c   0x0800624c   0x00000024   Code   RO         7446    i._printf_post_padding  mc_w.l(printfa.o)
    0x08006270   0x08006270   0x0000002e   Code   RO         7447    i._printf_pre_padding  mc_w.l(printfa.o)
    0x0800629e   0x0800629e   0x0000000a   Code   RO         7449    i._sputc            mc_w.l(printfa.o)
    0x080062a8   0x080062a8   0x0000008c   Code   RO          796    i.abc               svpwm.o
    0x08006334   0x08006334   0x00000270   Code   RO          750    i.atan2LUT          positionsensor.o
    0x080065a4   0x080065a4   0x000000a0   Code   RO          552    i.currentLimit      foc.o
    0x08006644   0x08006644   0x00000098   Code   RO          797    i.dq0               svpwm.o
    0x080066dc   0x080066dc   0x00000028   Code   RO           20    i.float_to_uint     cmath.o
    0x08006704   0x08006704   0x0000002a   Code   RO           21    i.fmaxf3            cmath.o
    0x0800672e   0x0800672e   0x0000002a   Code   RO           22    i.fminf3            cmath.o
    0x08006758   0x08006758   0x00000064   Code   RO          553    i.init_PID          foc.o
    0x080067bc   0x080067bc   0x0000006a   Code   RO           23    i.limit_norm        cmath.o
    0x08006826   0x08006826   0x00000002   PAD
    0x08006828   0x08006828   0x00000044   Code   RO          554    i.linearize_dtc     foc.o
    0x0800686c   0x0800686c   0x00000036   Code   RO          840    i.main              main.o
    0x080068a2   0x080068a2   0x0000000c   Code   RO         6653    i.makeFreeRtosPriority  cmsis_os.o
    0x080068ae   0x080068ae   0x0000000e   Code   RO         6655    i.osDelay           cmsis_os.o
    0x080068bc   0x080068bc   0x0000000a   Code   RO         6658    i.osKernelStart     cmsis_os.o
    0x080068c6   0x080068c6   0x00000054   Code   RO         6692    i.osThreadCreate    cmsis_os.o
    0x0800691a   0x0800691a   0x00000002   PAD
    0x0800691c   0x0800691c   0x00000070   Code   RO         6350    i.prvAddCurrentTaskToDelayedList  tasks.o
    0x0800698c   0x0800698c   0x000000d0   Code   RO         6351    i.prvAddNewTaskToReadyList  tasks.o
    0x08006a5c   0x08006a5c   0x00000034   Code   RO         6352    i.prvDeleteTCB      tasks.o
    0x08006a90   0x08006a90   0x0000004c   Code   RO         7023    i.prvHeapInit       heap_4.o
    0x08006adc   0x08006adc   0x00000060   Code   RO         6353    i.prvIdleTask       tasks.o
    0x08006b3c   0x08006b3c   0x0000008e   Code   RO         6354    i.prvInitialiseNewTask  tasks.o
    0x08006bca   0x08006bca   0x00000002   PAD
    0x08006bcc   0x08006bcc   0x0000004c   Code   RO         7024    i.prvInsertBlockIntoFreeList  heap_4.o
    0x08006c18   0x08006c18   0x00000020   Code   RO         6355    i.prvResetNextTaskUnblockTime  tasks.o
    0x08006c38   0x08006c38   0x00000028   Code   RO         7086    i.prvTaskExitError  port.o
    0x08006c60   0x08006c60   0x000000d8   Code   RO         7025    i.pvPortMalloc      heap_4.o
    0x08006d38   0x08006d38   0x0000002c   Code   RO         7087    i.pxPortInitialiseStack  port.o
    0x08006d64   0x08006d64   0x00000084   Code   RO          555    i.tuner_PI          foc.o
    0x08006de8   0x08006de8   0x000000e6   Code   RO          556    i.tuner_PID         foc.o
    0x08006ece   0x08006ece   0x00000028   Code   RO           25    i.uint_to_float     cmath.o
    0x08006ef6   0x08006ef6   0x00000026   Code   RO         5992    i.uxListRemove      list.o
    0x08006f1c   0x08006f1c   0x00000014   Code   RO         1107    i.vApplicationGetIdleTaskMemory  freertos.o
    0x08006f30   0x08006f30   0x00000016   Code   RO         5993    i.vListInitialise   list.o
    0x08006f46   0x08006f46   0x00000006   Code   RO         5994    i.vListInitialiseItem  list.o
    0x08006f4c   0x08006f4c   0x00000030   Code   RO         5995    i.vListInsert       list.o
    0x08006f7c   0x08006f7c   0x00000018   Code   RO         5996    i.vListInsertEnd    list.o
    0x08006f94   0x08006f94   0x00000040   Code   RO         7089    i.vPortEnterCritical  port.o
    0x08006fd4   0x08006fd4   0x00000028   Code   RO         7090    i.vPortExitCritical  port.o
    0x08006ffc   0x08006ffc   0x0000005c   Code   RO         7026    i.vPortFree         heap_4.o
    0x08007058   0x08007058   0x00000024   Code   RO         7091    i.vPortSetupTimerInterrupt  port.o
    0x0800707c   0x0800707c   0x0000004c   Code   RO         6363    i.vTaskDelay        tasks.o
    0x080070c8   0x080070c8   0x0000006c   Code   RO         6376    i.vTaskStartScheduler  tasks.o
    0x08007134   0x08007134   0x00000010   Code   RO         6378    i.vTaskSuspendAll   tasks.o
    0x08007144   0x08007144   0x0000005c   Code   RO         6379    i.vTaskSwitchContext  tasks.o
    0x080071a0   0x080071a0   0x000000f4   Code   RO         7093    i.xPortStartScheduler  port.o
    0x08007294   0x08007294   0x0000005a   Code   RO         6381    i.xTaskCreate       tasks.o
    0x080072ee   0x080072ee   0x00000056   Code   RO         6382    i.xTaskCreateStatic  tasks.o
    0x08007344   0x08007344   0x000000c8   Code   RO         6389    i.xTaskIncrementTick  tasks.o
    0x0800740c   0x0800740c   0x000000c4   Code   RO         6395    i.xTaskResumeAll    tasks.o
    0x080074d0   0x080074d0   0x00000814   Data   RO           27    .constdata          cmath.o
    0x08007ce4   0x08007ce4   0x00000070   Data   RO         1109    .constdata          freertos.o
    0x08007d54   0x08007d54   0x00000020   Data   RO         2156    .constdata          stm32f3xx_hal_rcc.o
    0x08007d74   0x08007d74   0x00000010   Data   RO         5848    .constdata          system_stm32f3xx.o
    0x08007d84   0x08007d84   0x00000008   Data   RO         5849    .constdata          system_stm32f3xx.o
    0x08007d8c   0x08007d8c   0x000000c3   Data   RO          248    .conststring        communication.o
    0x08007e4f   0x08007e4f   0x00000001   PAD
    0x08007e50   0x08007e50   0x00000030   Data   RO         1110    .conststring        freertos.o
    0x08007e80   0x08007e80   0x00000020   Data   RO         7524    Region$$Table       anon$$obj.o


    Execution Region RW_IRAM1 (Exec base: 0x20000000, Load base: 0x08007ea0, Size: 0x00002320, Max: 0x00003000, ABSOLUTE, COMPRESSED[0x00000834])

    Exec Addr    Load Addr    Size         Type   Attr      Idx    E Section Name        Object

    0x20000000   COMPRESSED   0x00000004   Data   RW           29    .data               cmath.o
    0x20000004   COMPRESSED   0x0000000f   Data   RW          249    .data               communication.o
    0x20000013   COMPRESSED   0x00000001   PAD
    0x20000014   COMPRESSED   0x00000004   Data   RW          356    .data               currentsensing.o
    0x20000018   COMPRESSED   0x00000003   Data   RW          557    .data               foc.o
    0x2000001b   COMPRESSED   0x00000005   PAD
    0x20000020   COMPRESSED   0x00000800   Data   RW          751    .data               positionsensor.o
    0x20000820   COMPRESSED   0x00000004   Data   RW          989    .data               adc.o
    0x20000824   COMPRESSED   0x00000010   Data   RW         1111    .data               freertos.o
    0x20000834   COMPRESSED   0x0000000c   Data   RW         1993    .data               stm32f3xx_hal.o
    0x20000840   COMPRESSED   0x00000018   Data   RW         3838    .data               stm32f3xx_hal_hrtim.o
    0x20000858   COMPRESSED   0x00000004   Data   RW         5850    .data               system_stm32f3xx.o
    0x2000085c   COMPRESSED   0x0000003c   Data   RW         6398    .data               tasks.o
    0x20000898   COMPRESSED   0x00000018   Data   RW         7031    .data               heap_4.o
    0x200008b0   COMPRESSED   0x0000000c   Data   RW         7094    .data               port.o
    0x200008bc   COMPRESSED   0x00000004   Data   RW         7505    .data               mc_w.l(errno.o)
    0x200008c0        -       0x0000005c   Zero   RW          247    .bss                communication.o
    0x2000091c        -       0x000000f8   Zero   RW          841    .bss                main.o
    0x20000a14        -       0x00000128   Zero   RW          988    .bss                adc.o
    0x20000b3c        -       0x00000028   Zero   RW         1036    .bss                can.o
    0x20000b64        -       0x00000254   Zero   RW         1108    .bss                freertos.o
    0x20000db8        -       0x000000dc   Zero   RW         1174    .bss                hrtim.o
    0x20000e94        -       0x00000040   Zero   RW         1248    .bss                stm32f3xx_hal_timebase_tim.o
    0x20000ed4        -       0x00000040   Zero   RW         1287    .bss                tim.o
    0x20000f14        -       0x000002fc   Zero   RW         1332    .bss                usart.o
    0x20001210        -       0x00000020   Zero   RW         2724    .bss                stm32f3xx_hal_flash.o
    0x20001230        -       0x000000f0   Zero   RW         6397    .bss                tasks.o
    0x20001320        -       0x00000c00   Zero   RW         7030    .bss                heap_4.o
    0x20001f20        -       0x00000400   Zero   RW            1    STACK               startup_stm32f334x8.o


==============================================================================

Image component sizes


      Code (inc. data)   RO Data    RW Data    ZI Data      Debug   Object Name

       572         34          0          4        296       2990   adc.o
       188         18          0          0         40       1831   can.o
       554         46       2068          4          0     781668   cmath.o
       120          0          0          0          0      25309   cmsis_os.o
      1298        128        195         15         92      10557   communication.o
       248         42          0          4          0     673066   currentsensing.o
        92          4          0          0          0        862   dma.o
         0          0          0          0          0      20840   event_groups.o
      2204        178          0          3          0      16046   foc.o
       216         24        160         16        596       4569   freertos.o
       148         10          0          0          0        995   gpio.o
       460         24          0         24       3072       7631   heap_4.o
       568         26          0          0        220       2791   hrtim.o
       138          0          0          0          0       3810   list.o
       288         36          0          0        248      33946   main.o
       702         72          0         12          0      11548   port.o
       836         88          0       2048          0       2823   positionsensor.o
         0          0          0          0          0       2504   queue.o
        36          8        392          0       1024        880   startup_stm32f334x8.o
       100         18          0         12          0      14790   stm32f3xx_hal.o
         8          0          0          0          0       2809   stm32f3xx_hal_adc.o
      2884         80          0          0          0      14092   stm32f3xx_hal_adc_ex.o
      1608          0          0          0          0      15111   stm32f3xx_hal_can.o
       158         14          0          0          0      31686   stm32f3xx_hal_cortex.o
       506         10          0          0          0       5234   stm32f3xx_hal_dma.o
       348         48          0          0         32       5186   stm32f3xx_hal_flash.o
       240         28          0          0          0       3457   stm32f3xx_hal_flash_ex.o
       406         26          0          0          0       3169   stm32f3xx_hal_gpio.o
      1814         24          0         24          0      13383   stm32f3xx_hal_hrtim.o
        52          4          0          0          0        918   stm32f3xx_hal_msp.o
      2076         86         32          0          0       6813   stm32f3xx_hal_rcc.o
       392         14          0          0          0       1560   stm32f3xx_hal_rcc_ex.o
       630         26          0          0          0       7097   stm32f3xx_hal_tim.o
       122         12          0          0          0       3268   stm32f3xx_hal_tim_ex.o
       116         16          0          0         64       1527   stm32f3xx_hal_timebase_tim.o
      1950         74          0          0          0      15606   stm32f3xx_hal_uart.o
         2          0          0          0          0       1088   stm32f3xx_hal_uart_ex.o
       124         52          0          0          0      14633   stm32f3xx_it.o
         0          0          0          0          0        416   stream_buffer.o
       504         38          0          0          0       3611   svpwm.o
        28          6         24          4          0       1259   system_stm32f3xx.o
      1506        110          0         60        240      17242   tasks.o
       108         18          0          0         64       1730   tim.o
       312         34          0          0        764       3400   usart.o

    ----------------------------------------------------------------------
     24708       1476       2904       2236       6752    1793751   Object Totals
         0          0         32          0          0          0   (incl. Generated)
        46          0          1          6          0          0   (incl. Padding)

    ----------------------------------------------------------------------

      Code (inc. data)   RO Data    RW Data    ZI Data      Debug   Library Member Name

        20          0          0          0          0        124   fabs.o
       116          0          0          0          0        164   fmax.o
       116          0          0          0          0        164   fmin.o
       122          0          0          0          0        148   sqrt.o
        94          0          0          0          0          0   __dclz77c.o
         0          0          0          0          0          0   entry.o
         0          0          0          0          0          0   entry10a.o
         0          0          0          0          0          0   entry11a.o
         8          4          0          0          0          0   entry2.o
         4          0          0          0          0          0   entry5.o
         0          0          0          0          0          0   entry7b.o
         0          0          0          0          0          0   entry8b.o
         8          4          0          0          0          0   entry9a.o
        12          6          0          4          0         68   errno.o
        30          0          0          0          0          0   handlers.o
        36          8          0          0          0         68   init.o
         0          0          0          0          0          0   iusefp.o
        30          0          0          0          0         68   llshl.o
        36          0          0          0          0         68   llsshr.o
        32          0          0          0          0         68   llushr.o
        36          0          0          0          0         68   memcpya.o
        36          0          0          0          0        108   memseta.o
      2272         86          0          0          0        516   printfa.o
        14          0          0          0          0         68   strlen.o
        44          0          0          0          0         80   uidiv.o
        98          0          0          0          0         92   uldiv.o
        48          0          0          0          0         68   cdcmple.o
        48          0          0          0          0         68   cdrcmple.o
        56          0          0          0          0         88   d2f.o
       334          0          0          0          0        148   dadd.o
        96          0          0          0          0         80   dcmp4.o
       222          0          0          0          0        100   ddiv.o
       186          0          0          0          0        176   depilogue.o
        62          0          0          0          0         80   dfixi.o
        48          0          0          0          0         68   dfixul.o
       228          0          0          0          0         96   dmul.o
       162          0          0          0          0        100   dsqrt.o
        38          0          0          0          0         68   f2d.o
       110          0          0          0          0        168   fepilogue.o

    ----------------------------------------------------------------------
      4804        108          0          4          0       3180   Library Totals
         2          0          0          0          0          0   (incl. Padding)

    ----------------------------------------------------------------------

      Code (inc. data)   RO Data    RW Data    ZI Data      Debug   Library Name

       374          0          0          0          0        600   m_wm.l
      2790        108          0          4          0       1272   mc_w.l
      1638          0          0          0          0       1308   mf_w.l

    ----------------------------------------------------------------------
      4804        108          0          4          0       3180   Library Totals

    ----------------------------------------------------------------------

==============================================================================


      Code (inc. data)   RO Data    RW Data    ZI Data      Debug   

     29512       1584       2904       2240       6752    1772663   Grand Totals
     29512       1584       2904       2100       6752    1772663   ELF Image Totals (compressed)
     29512       1584       2904       2100          0          0   ROM Totals

==============================================================================

    Total RO  Size (Code + RO Data)                32416 (  31.66kB)
    Total RW  Size (RW Data + ZI Data)              8992 (   8.78kB)
    Total ROM Size (Code + RO Data + RW Data)      34516 (  33.71kB)

==============================================================================

