<!doctype html public "-//w3c//dtd html 4.0 transitional//en">
<html><head>
<title>Static Call Graph - [Clion_ADC_test\Clion_ADC_test.axf]</title></head>
<body><HR>
<H1>Static Call Graph for image Clion_ADC_test\Clion_ADC_test.axf</H1><HR>
<BR><P>#&#060CALLGRAPH&#062# ARM Linker, 5060750: Last Updated: Sun May 16 18:29:06 2021
<BR><P>
<H3>Maximum Stack Usage =        344 bytes + Unknown(Cycles, Untraceable Function Pointers)</H3><H3>
Call chain for Maximum Stack Depth:</H3>
CAN_RX0_IRQHandler &rArr; HAL_CAN_IRQHandler &rArr; HAL_CAN_RxFifo0MsgPendingCallback &rArr; Massage_Process &rArr; Write_FOC_ID &rArr; HAL_FLASH_Program &rArr; FLASH_WaitForLastOperation
<P>
<H3>
Mutually Recursive functions
</H3> <LI><a href="#[20]">CAN_RX1_IRQHandler</a>&nbsp;&nbsp;&nbsp;&rArr;&nbsp;&nbsp;&nbsp;<a href="#[20]">CAN_RX1_IRQHandler</a><BR>
 <LI><a href="#[5]">BusFault_Handler</a>&nbsp;&nbsp;&nbsp;&rArr;&nbsp;&nbsp;&nbsp;<a href="#[5]">BusFault_Handler</a><BR>
 <LI><a href="#[3]">HardFault_Handler</a>&nbsp;&nbsp;&nbsp;&rArr;&nbsp;&nbsp;&nbsp;<a href="#[3]">HardFault_Handler</a><BR>
 <LI><a href="#[4]">MemManage_Handler</a>&nbsp;&nbsp;&nbsp;&rArr;&nbsp;&nbsp;&nbsp;<a href="#[4]">MemManage_Handler</a><BR>
 <LI><a href="#[4e]">Safe_CheckFuc</a>&nbsp;&nbsp;&nbsp;&rArr;&nbsp;&nbsp;&nbsp;<a href="#[4e]">Safe_CheckFuc</a><BR>
 <LI><a href="#[4f]">Send_TaskFuc</a>&nbsp;&nbsp;&nbsp;&rArr;&nbsp;&nbsp;&nbsp;<a href="#[4f]">Send_TaskFuc</a><BR>
 <LI><a href="#[6]">UsageFault_Handler</a>&nbsp;&nbsp;&nbsp;&rArr;&nbsp;&nbsp;&nbsp;<a href="#[6]">UsageFault_Handler</a><BR>
</UL>
<P>
<H3>
Function Pointers
</H3><UL>
 <LI><a href="#[1d]">ADC1_2_IRQHandler</a> from stm32f3xx_it.o(i.ADC1_2_IRQHandler) referenced from startup_stm32f334x8.o(RESET)
 <LI><a href="#[40]">ADC_DMAConvCplt</a> from stm32f3xx_hal_adc_ex.o(i.ADC_DMAConvCplt) referenced from stm32f3xx_hal_adc_ex.o(i.HAL_ADC_Start_DMA)
 <LI><a href="#[42]">ADC_DMAError</a> from stm32f3xx_hal_adc_ex.o(i.ADC_DMAError) referenced from stm32f3xx_hal_adc_ex.o(i.HAL_ADC_Start_DMA)
 <LI><a href="#[41]">ADC_DMAHalfConvCplt</a> from stm32f3xx_hal_adc_ex.o(i.ADC_DMAHalfConvCplt) referenced from stm32f3xx_hal_adc_ex.o(i.HAL_ADC_Start_DMA)
 <LI><a href="#[5]">BusFault_Handler</a> from stm32f3xx_it.o(i.BusFault_Handler) referenced from startup_stm32f334x8.o(RESET)
 <LI><a href="#[1f]">CAN_RX0_IRQHandler</a> from stm32f3xx_it.o(i.CAN_RX0_IRQHandler) referenced from startup_stm32f334x8.o(RESET)
 <LI><a href="#[20]">CAN_RX1_IRQHandler</a> from startup_stm32f334x8.o(.text) referenced from startup_stm32f334x8.o(RESET)
 <LI><a href="#[21]">CAN_SCE_IRQHandler</a> from startup_stm32f334x8.o(.text) referenced from startup_stm32f334x8.o(RESET)
 <LI><a href="#[1e]">CAN_TX_IRQHandler</a> from startup_stm32f334x8.o(.text) referenced from startup_stm32f334x8.o(RESET)
 <LI><a href="#[33]">COMP2_IRQHandler</a> from startup_stm32f334x8.o(.text) referenced from startup_stm32f334x8.o(RESET)
 <LI><a href="#[34]">COMP4_6_IRQHandler</a> from startup_stm32f334x8.o(.text) referenced from startup_stm32f334x8.o(RESET)
 <LI><a href="#[16]">DMA1_Channel1_IRQHandler</a> from stm32f3xx_it.o(i.DMA1_Channel1_IRQHandler) referenced from startup_stm32f334x8.o(RESET)
 <LI><a href="#[17]">DMA1_Channel2_IRQHandler</a> from stm32f3xx_it.o(i.DMA1_Channel2_IRQHandler) referenced from startup_stm32f334x8.o(RESET)
 <LI><a href="#[18]">DMA1_Channel3_IRQHandler</a> from startup_stm32f334x8.o(.text) referenced from startup_stm32f334x8.o(RESET)
 <LI><a href="#[19]">DMA1_Channel4_IRQHandler</a> from stm32f3xx_it.o(i.DMA1_Channel4_IRQHandler) referenced from startup_stm32f334x8.o(RESET)
 <LI><a href="#[1a]">DMA1_Channel5_IRQHandler</a> from stm32f3xx_it.o(i.DMA1_Channel5_IRQHandler) referenced from startup_stm32f334x8.o(RESET)
 <LI><a href="#[1b]">DMA1_Channel6_IRQHandler</a> from startup_stm32f334x8.o(.text) referenced from startup_stm32f334x8.o(RESET)
 <LI><a href="#[1c]">DMA1_Channel7_IRQHandler</a> from startup_stm32f334x8.o(.text) referenced from startup_stm32f334x8.o(RESET)
 <LI><a href="#[8]">DebugMon_Handler</a> from stm32f3xx_it.o(i.DebugMon_Handler) referenced from startup_stm32f334x8.o(RESET)
 <LI><a href="#[11]">EXTI0_IRQHandler</a> from startup_stm32f334x8.o(.text) referenced from startup_stm32f334x8.o(RESET)
 <LI><a href="#[2f]">EXTI15_10_IRQHandler</a> from startup_stm32f334x8.o(.text) referenced from startup_stm32f334x8.o(RESET)
 <LI><a href="#[12]">EXTI1_IRQHandler</a> from startup_stm32f334x8.o(.text) referenced from startup_stm32f334x8.o(RESET)
 <LI><a href="#[13]">EXTI2_TSC_IRQHandler</a> from startup_stm32f334x8.o(.text) referenced from startup_stm32f334x8.o(RESET)
 <LI><a href="#[14]">EXTI3_IRQHandler</a> from startup_stm32f334x8.o(.text) referenced from startup_stm32f334x8.o(RESET)
 <LI><a href="#[15]">EXTI4_IRQHandler</a> from startup_stm32f334x8.o(.text) referenced from startup_stm32f334x8.o(RESET)
 <LI><a href="#[22]">EXTI9_5_IRQHandler</a> from startup_stm32f334x8.o(.text) referenced from startup_stm32f334x8.o(RESET)
 <LI><a href="#[f]">FLASH_IRQHandler</a> from startup_stm32f334x8.o(.text) referenced from startup_stm32f334x8.o(RESET)
 <LI><a href="#[4d]">FOC_LOGICFuc</a> from freertos.o(i.FOC_LOGICFuc) referenced from freertos.o(.constdata)
 <LI><a href="#[3c]">FPU_IRQHandler</a> from startup_stm32f334x8.o(.text) referenced from startup_stm32f334x8.o(RESET)
 <LI><a href="#[3b]">HRTIM1_FLT_IRQHandler</a> from startup_stm32f334x8.o(.text) referenced from startup_stm32f334x8.o(RESET)
 <LI><a href="#[35]">HRTIM1_Master_IRQHandler</a> from startup_stm32f334x8.o(.text) referenced from startup_stm32f334x8.o(RESET)
 <LI><a href="#[36]">HRTIM1_TIMA_IRQHandler</a> from startup_stm32f334x8.o(.text) referenced from startup_stm32f334x8.o(RESET)
 <LI><a href="#[37]">HRTIM1_TIMB_IRQHandler</a> from startup_stm32f334x8.o(.text) referenced from startup_stm32f334x8.o(RESET)
 <LI><a href="#[38]">HRTIM1_TIMC_IRQHandler</a> from startup_stm32f334x8.o(.text) referenced from startup_stm32f334x8.o(RESET)
 <LI><a href="#[39]">HRTIM1_TIMD_IRQHandler</a> from startup_stm32f334x8.o(.text) referenced from startup_stm32f334x8.o(RESET)
 <LI><a href="#[3a]">HRTIM1_TIME_IRQHandler</a> from startup_stm32f334x8.o(.text) referenced from startup_stm32f334x8.o(RESET)
 <LI><a href="#[3]">HardFault_Handler</a> from stm32f3xx_it.o(i.HardFault_Handler) referenced from startup_stm32f334x8.o(RESET)
 <LI><a href="#[2a]">I2C1_ER_IRQHandler</a> from startup_stm32f334x8.o(.text) referenced from startup_stm32f334x8.o(RESET)
 <LI><a href="#[29]">I2C1_EV_IRQHandler</a> from startup_stm32f334x8.o(.text) referenced from startup_stm32f334x8.o(RESET)
 <LI><a href="#[4]">MemManage_Handler</a> from stm32f3xx_it.o(i.MemManage_Handler) referenced from startup_stm32f334x8.o(RESET)
 <LI><a href="#[2]">NMI_Handler</a> from stm32f3xx_it.o(i.NMI_Handler) referenced from startup_stm32f334x8.o(RESET)
 <LI><a href="#[c]">PVD_IRQHandler</a> from startup_stm32f334x8.o(.text) referenced from startup_stm32f334x8.o(RESET)
 <LI><a href="#[9]">PendSV_Handler</a> from port.o(.emb_text) referenced from startup_stm32f334x8.o(RESET)
 <LI><a href="#[10]">RCC_IRQHandler</a> from startup_stm32f334x8.o(.text) referenced from startup_stm32f334x8.o(RESET)
 <LI><a href="#[30]">RTC_Alarm_IRQHandler</a> from startup_stm32f334x8.o(.text) referenced from startup_stm32f334x8.o(RESET)
 <LI><a href="#[e]">RTC_WKUP_IRQHandler</a> from startup_stm32f334x8.o(.text) referenced from startup_stm32f334x8.o(RESET)
 <LI><a href="#[1]">Reset_Handler</a> from startup_stm32f334x8.o(.text) referenced from startup_stm32f334x8.o(RESET)
 <LI><a href="#[2b]">SPI1_IRQHandler</a> from startup_stm32f334x8.o(.text) referenced from startup_stm32f334x8.o(RESET)
 <LI><a href="#[7]">SVC_Handler</a> from port.o(.emb_text) referenced from startup_stm32f334x8.o(RESET)
 <LI><a href="#[4e]">Safe_CheckFuc</a> from freertos.o(i.Safe_CheckFuc) referenced from freertos.o(.constdata)
 <LI><a href="#[4f]">Send_TaskFuc</a> from freertos.o(i.Send_TaskFuc) referenced from freertos.o(.constdata)
 <LI><a href="#[4c]">StartDefaultTask</a> from freertos.o(i.StartDefaultTask) referenced from freertos.o(.constdata)
 <LI><a href="#[a]">SysTick_Handler</a> from port.o(i.SysTick_Handler) referenced from startup_stm32f334x8.o(RESET)
 <LI><a href="#[3e]">SystemInit</a> from system_stm32f3xx.o(i.SystemInit) referenced from startup_stm32f334x8.o(.text)
 <LI><a href="#[d]">TAMP_STAMP_IRQHandler</a> from startup_stm32f334x8.o(.text) referenced from startup_stm32f334x8.o(RESET)
 <LI><a href="#[23]">TIM1_BRK_TIM15_IRQHandler</a> from startup_stm32f334x8.o(.text) referenced from startup_stm32f334x8.o(RESET)
 <LI><a href="#[26]">TIM1_CC_IRQHandler</a> from startup_stm32f334x8.o(.text) referenced from startup_stm32f334x8.o(RESET)
 <LI><a href="#[25]">TIM1_TRG_COM_TIM17_IRQHandler</a> from startup_stm32f334x8.o(.text) referenced from startup_stm32f334x8.o(RESET)
 <LI><a href="#[24]">TIM1_UP_TIM16_IRQHandler</a> from startup_stm32f334x8.o(.text) referenced from startup_stm32f334x8.o(RESET)
 <LI><a href="#[27]">TIM2_IRQHandler</a> from startup_stm32f334x8.o(.text) referenced from startup_stm32f334x8.o(RESET)
 <LI><a href="#[28]">TIM3_IRQHandler</a> from startup_stm32f334x8.o(.text) referenced from startup_stm32f334x8.o(RESET)
 <LI><a href="#[31]">TIM6_DAC1_IRQHandler</a> from startup_stm32f334x8.o(.text) referenced from startup_stm32f334x8.o(RESET)
 <LI><a href="#[32]">TIM7_DAC2_IRQHandler</a> from stm32f3xx_it.o(i.TIM7_DAC2_IRQHandler) referenced from startup_stm32f334x8.o(RESET)
 <LI><a href="#[43]">UART_DMAAbortOnError</a> from stm32f3xx_hal_uart.o(i.UART_DMAAbortOnError) referenced from stm32f3xx_hal_uart.o(i.HAL_UART_IRQHandler)
 <LI><a href="#[48]">UART_DMAError</a> from stm32f3xx_hal_uart.o(i.UART_DMAError) referenced from stm32f3xx_hal_uart.o(i.HAL_UART_Transmit_DMA)
 <LI><a href="#[46]">UART_DMATransmitCplt</a> from stm32f3xx_hal_uart.o(i.UART_DMATransmitCplt) referenced from stm32f3xx_hal_uart.o(i.HAL_UART_Transmit_DMA)
 <LI><a href="#[47]">UART_DMATxHalfCplt</a> from stm32f3xx_hal_uart.o(i.UART_DMATxHalfCplt) referenced from stm32f3xx_hal_uart.o(i.HAL_UART_Transmit_DMA)
 <LI><a href="#[45]">UART_RxISR_16BIT</a> from stm32f3xx_hal_uart.o(i.UART_RxISR_16BIT) referenced from stm32f3xx_hal_uart.o(i.HAL_UART_Receive_IT)
 <LI><a href="#[44]">UART_RxISR_8BIT</a> from stm32f3xx_hal_uart.o(i.UART_RxISR_8BIT) referenced from stm32f3xx_hal_uart.o(i.HAL_UART_Receive_IT)
 <LI><a href="#[2c]">USART1_IRQHandler</a> from stm32f3xx_it.o(i.USART1_IRQHandler) referenced from startup_stm32f334x8.o(RESET)
 <LI><a href="#[2d]">USART2_IRQHandler</a> from startup_stm32f334x8.o(.text) referenced from startup_stm32f334x8.o(RESET)
 <LI><a href="#[2e]">USART3_IRQHandler</a> from startup_stm32f334x8.o(.text) referenced from startup_stm32f334x8.o(RESET)
 <LI><a href="#[6]">UsageFault_Handler</a> from stm32f3xx_it.o(i.UsageFault_Handler) referenced from startup_stm32f334x8.o(RESET)
 <LI><a href="#[b]">WWDG_IRQHandler</a> from startup_stm32f334x8.o(.text) referenced from startup_stm32f334x8.o(RESET)
 <LI><a href="#[3f]">__main</a> from entry.o(.ARM.Collect$$$$00000000) referenced from startup_stm32f334x8.o(.text)
 <LI><a href="#[49]">_sputc</a> from printfa.o(i._sputc) referenced from printfa.o(i.__0vsprintf)
 <LI><a href="#[3d]">main</a> from main.o(i.main) referenced from entry9a.o(.ARM.Collect$$$$0000000B)
 <LI><a href="#[4b]">prvIdleTask</a> from tasks.o(i.prvIdleTask) referenced from tasks.o(i.vTaskStartScheduler)
 <LI><a href="#[4a]">prvTaskExitError</a> from port.o(i.prvTaskExitError) referenced from port.o(i.pxPortInitialiseStack)
</UL>
<P>
<H3>
Global Symbols
</H3>
<P><STRONG><a name="[3f]"></a>__main</STRONG> (Thumb, 0 bytes, Stack size unknown bytes, entry.o(.ARM.Collect$$$$00000000))
<BR>[Address Reference Count : 1]<UL><LI> startup_stm32f334x8.o(.text)
</UL>
<P><STRONG><a name="[14e]"></a>_main_stk</STRONG> (Thumb, 0 bytes, Stack size unknown bytes, entry2.o(.ARM.Collect$$$$00000001))

<P><STRONG><a name="[50]"></a>_main_scatterload</STRONG> (Thumb, 0 bytes, Stack size unknown bytes, entry5.o(.ARM.Collect$$$$00000004))
<BR><BR>[Calls]<UL><LI><a href="#[51]">&gt;&gt;</a>&nbsp;&nbsp;&nbsp;__scatterload
</UL>

<P><STRONG><a name="[66]"></a>__main_after_scatterload</STRONG> (Thumb, 0 bytes, Stack size unknown bytes, entry5.o(.ARM.Collect$$$$00000004))
<BR><BR>[Called By]<UL><LI><a href="#[51]">&gt;&gt;</a>&nbsp;&nbsp;&nbsp;__scatterload
</UL>

<P><STRONG><a name="[14f]"></a>_main_clock</STRONG> (Thumb, 0 bytes, Stack size unknown bytes, entry7b.o(.ARM.Collect$$$$00000008))

<P><STRONG><a name="[150]"></a>_main_cpp_init</STRONG> (Thumb, 0 bytes, Stack size unknown bytes, entry8b.o(.ARM.Collect$$$$0000000A))

<P><STRONG><a name="[151]"></a>_main_init</STRONG> (Thumb, 0 bytes, Stack size unknown bytes, entry9a.o(.ARM.Collect$$$$0000000B))

<P><STRONG><a name="[152]"></a>__rt_final_cpp</STRONG> (Thumb, 0 bytes, Stack size unknown bytes, entry10a.o(.ARM.Collect$$$$0000000D))

<P><STRONG><a name="[153]"></a>__rt_final_exit</STRONG> (Thumb, 0 bytes, Stack size unknown bytes, entry11a.o(.ARM.Collect$$$$0000000F))

<P><STRONG><a name="[7]"></a>SVC_Handler</STRONG> (Thumb, 28 bytes, Stack size 0 bytes, port.o(.emb_text))
<BR>[Address Reference Count : 1]<UL><LI> startup_stm32f334x8.o(RESET)
</UL>
<P><STRONG><a name="[14c]"></a>__asm___6_port_c_39a90d8d__prvStartFirstTask</STRONG> (Thumb, 36 bytes, Stack size 0 bytes, port.o(.emb_text))
<BR><BR>[Called By]<UL><LI><a href="#[149]">&gt;&gt;</a>&nbsp;&nbsp;&nbsp;xPortStartScheduler
</UL>

<P><STRONG><a name="[14b]"></a>__asm___6_port_c_39a90d8d__prvEnableVFP</STRONG> (Thumb, 16 bytes, Stack size 0 bytes, port.o(.emb_text))
<BR><BR>[Called By]<UL><LI><a href="#[149]">&gt;&gt;</a>&nbsp;&nbsp;&nbsp;xPortStartScheduler
</UL>

<P><STRONG><a name="[9]"></a>PendSV_Handler</STRONG> (Thumb, 88 bytes, Stack size 0 bytes, port.o(.emb_text))
<BR><BR>[Calls]<UL><LI><a href="#[52]">&gt;&gt;</a>&nbsp;&nbsp;&nbsp;vTaskSwitchContext
</UL>
<BR>[Address Reference Count : 1]<UL><LI> startup_stm32f334x8.o(RESET)
</UL>
<P><STRONG><a name="[154]"></a>vPortGetIPSR</STRONG> (Thumb, 6 bytes, Stack size 0 bytes, port.o(.emb_text), UNUSED)

<P><STRONG><a name="[1]"></a>Reset_Handler</STRONG> (Thumb, 8 bytes, Stack size 0 bytes, startup_stm32f334x8.o(.text))
<BR>[Address Reference Count : 1]<UL><LI> startup_stm32f334x8.o(RESET)
</UL>
<P><STRONG><a name="[20]"></a>CAN_RX1_IRQHandler</STRONG> (Thumb, 0 bytes, Stack size 0 bytes, startup_stm32f334x8.o(.text))
<BR><BR>[Calls]<UL><LI><a href="#[20]">&gt;&gt;</a>&nbsp;&nbsp;&nbsp;CAN_RX1_IRQHandler
</UL>
<BR>[Called By]<UL><LI><a href="#[20]">&gt;&gt;</a>&nbsp;&nbsp;&nbsp;CAN_RX1_IRQHandler
</UL>
<BR>[Address Reference Count : 1]<UL><LI> startup_stm32f334x8.o(RESET)
</UL>
<P><STRONG><a name="[21]"></a>CAN_SCE_IRQHandler</STRONG> (Thumb, 0 bytes, Stack size 0 bytes, startup_stm32f334x8.o(.text))
<BR>[Address Reference Count : 1]<UL><LI> startup_stm32f334x8.o(RESET)
</UL>
<P><STRONG><a name="[1e]"></a>CAN_TX_IRQHandler</STRONG> (Thumb, 0 bytes, Stack size 0 bytes, startup_stm32f334x8.o(.text))
<BR>[Address Reference Count : 1]<UL><LI> startup_stm32f334x8.o(RESET)
</UL>
<P><STRONG><a name="[33]"></a>COMP2_IRQHandler</STRONG> (Thumb, 0 bytes, Stack size 0 bytes, startup_stm32f334x8.o(.text))
<BR>[Address Reference Count : 1]<UL><LI> startup_stm32f334x8.o(RESET)
</UL>
<P><STRONG><a name="[34]"></a>COMP4_6_IRQHandler</STRONG> (Thumb, 0 bytes, Stack size 0 bytes, startup_stm32f334x8.o(.text))
<BR>[Address Reference Count : 1]<UL><LI> startup_stm32f334x8.o(RESET)
</UL>
<P><STRONG><a name="[18]"></a>DMA1_Channel3_IRQHandler</STRONG> (Thumb, 0 bytes, Stack size 0 bytes, startup_stm32f334x8.o(.text))
<BR>[Address Reference Count : 1]<UL><LI> startup_stm32f334x8.o(RESET)
</UL>
<P><STRONG><a name="[1b]"></a>DMA1_Channel6_IRQHandler</STRONG> (Thumb, 0 bytes, Stack size 0 bytes, startup_stm32f334x8.o(.text))
<BR>[Address Reference Count : 1]<UL><LI> startup_stm32f334x8.o(RESET)
</UL>
<P><STRONG><a name="[1c]"></a>DMA1_Channel7_IRQHandler</STRONG> (Thumb, 0 bytes, Stack size 0 bytes, startup_stm32f334x8.o(.text))
<BR>[Address Reference Count : 1]<UL><LI> startup_stm32f334x8.o(RESET)
</UL>
<P><STRONG><a name="[11]"></a>EXTI0_IRQHandler</STRONG> (Thumb, 0 bytes, Stack size 0 bytes, startup_stm32f334x8.o(.text))
<BR>[Address Reference Count : 1]<UL><LI> startup_stm32f334x8.o(RESET)
</UL>
<P><STRONG><a name="[2f]"></a>EXTI15_10_IRQHandler</STRONG> (Thumb, 0 bytes, Stack size 0 bytes, startup_stm32f334x8.o(.text))
<BR>[Address Reference Count : 1]<UL><LI> startup_stm32f334x8.o(RESET)
</UL>
<P><STRONG><a name="[12]"></a>EXTI1_IRQHandler</STRONG> (Thumb, 0 bytes, Stack size 0 bytes, startup_stm32f334x8.o(.text))
<BR>[Address Reference Count : 1]<UL><LI> startup_stm32f334x8.o(RESET)
</UL>
<P><STRONG><a name="[13]"></a>EXTI2_TSC_IRQHandler</STRONG> (Thumb, 0 bytes, Stack size 0 bytes, startup_stm32f334x8.o(.text))
<BR>[Address Reference Count : 1]<UL><LI> startup_stm32f334x8.o(RESET)
</UL>
<P><STRONG><a name="[14]"></a>EXTI3_IRQHandler</STRONG> (Thumb, 0 bytes, Stack size 0 bytes, startup_stm32f334x8.o(.text))
<BR>[Address Reference Count : 1]<UL><LI> startup_stm32f334x8.o(RESET)
</UL>
<P><STRONG><a name="[15]"></a>EXTI4_IRQHandler</STRONG> (Thumb, 0 bytes, Stack size 0 bytes, startup_stm32f334x8.o(.text))
<BR>[Address Reference Count : 1]<UL><LI> startup_stm32f334x8.o(RESET)
</UL>
<P><STRONG><a name="[22]"></a>EXTI9_5_IRQHandler</STRONG> (Thumb, 0 bytes, Stack size 0 bytes, startup_stm32f334x8.o(.text))
<BR>[Address Reference Count : 1]<UL><LI> startup_stm32f334x8.o(RESET)
</UL>
<P><STRONG><a name="[f]"></a>FLASH_IRQHandler</STRONG> (Thumb, 0 bytes, Stack size 0 bytes, startup_stm32f334x8.o(.text))
<BR>[Address Reference Count : 1]<UL><LI> startup_stm32f334x8.o(RESET)
</UL>
<P><STRONG><a name="[3c]"></a>FPU_IRQHandler</STRONG> (Thumb, 0 bytes, Stack size 0 bytes, startup_stm32f334x8.o(.text))
<BR>[Address Reference Count : 1]<UL><LI> startup_stm32f334x8.o(RESET)
</UL>
<P><STRONG><a name="[3b]"></a>HRTIM1_FLT_IRQHandler</STRONG> (Thumb, 0 bytes, Stack size 0 bytes, startup_stm32f334x8.o(.text))
<BR>[Address Reference Count : 1]<UL><LI> startup_stm32f334x8.o(RESET)
</UL>
<P><STRONG><a name="[35]"></a>HRTIM1_Master_IRQHandler</STRONG> (Thumb, 0 bytes, Stack size 0 bytes, startup_stm32f334x8.o(.text))
<BR>[Address Reference Count : 1]<UL><LI> startup_stm32f334x8.o(RESET)
</UL>
<P><STRONG><a name="[36]"></a>HRTIM1_TIMA_IRQHandler</STRONG> (Thumb, 0 bytes, Stack size 0 bytes, startup_stm32f334x8.o(.text))
<BR>[Address Reference Count : 1]<UL><LI> startup_stm32f334x8.o(RESET)
</UL>
<P><STRONG><a name="[37]"></a>HRTIM1_TIMB_IRQHandler</STRONG> (Thumb, 0 bytes, Stack size 0 bytes, startup_stm32f334x8.o(.text))
<BR>[Address Reference Count : 1]<UL><LI> startup_stm32f334x8.o(RESET)
</UL>
<P><STRONG><a name="[38]"></a>HRTIM1_TIMC_IRQHandler</STRONG> (Thumb, 0 bytes, Stack size 0 bytes, startup_stm32f334x8.o(.text))
<BR>[Address Reference Count : 1]<UL><LI> startup_stm32f334x8.o(RESET)
</UL>
<P><STRONG><a name="[39]"></a>HRTIM1_TIMD_IRQHandler</STRONG> (Thumb, 0 bytes, Stack size 0 bytes, startup_stm32f334x8.o(.text))
<BR>[Address Reference Count : 1]<UL><LI> startup_stm32f334x8.o(RESET)
</UL>
<P><STRONG><a name="[3a]"></a>HRTIM1_TIME_IRQHandler</STRONG> (Thumb, 0 bytes, Stack size 0 bytes, startup_stm32f334x8.o(.text))
<BR>[Address Reference Count : 1]<UL><LI> startup_stm32f334x8.o(RESET)
</UL>
<P><STRONG><a name="[2a]"></a>I2C1_ER_IRQHandler</STRONG> (Thumb, 0 bytes, Stack size 0 bytes, startup_stm32f334x8.o(.text))
<BR>[Address Reference Count : 1]<UL><LI> startup_stm32f334x8.o(RESET)
</UL>
<P><STRONG><a name="[29]"></a>I2C1_EV_IRQHandler</STRONG> (Thumb, 0 bytes, Stack size 0 bytes, startup_stm32f334x8.o(.text))
<BR>[Address Reference Count : 1]<UL><LI> startup_stm32f334x8.o(RESET)
</UL>
<P><STRONG><a name="[c]"></a>PVD_IRQHandler</STRONG> (Thumb, 0 bytes, Stack size 0 bytes, startup_stm32f334x8.o(.text))
<BR>[Address Reference Count : 1]<UL><LI> startup_stm32f334x8.o(RESET)
</UL>
<P><STRONG><a name="[10]"></a>RCC_IRQHandler</STRONG> (Thumb, 0 bytes, Stack size 0 bytes, startup_stm32f334x8.o(.text))
<BR>[Address Reference Count : 1]<UL><LI> startup_stm32f334x8.o(RESET)
</UL>
<P><STRONG><a name="[30]"></a>RTC_Alarm_IRQHandler</STRONG> (Thumb, 0 bytes, Stack size 0 bytes, startup_stm32f334x8.o(.text))
<BR>[Address Reference Count : 1]<UL><LI> startup_stm32f334x8.o(RESET)
</UL>
<P><STRONG><a name="[e]"></a>RTC_WKUP_IRQHandler</STRONG> (Thumb, 0 bytes, Stack size 0 bytes, startup_stm32f334x8.o(.text))
<BR>[Address Reference Count : 1]<UL><LI> startup_stm32f334x8.o(RESET)
</UL>
<P><STRONG><a name="[2b]"></a>SPI1_IRQHandler</STRONG> (Thumb, 0 bytes, Stack size 0 bytes, startup_stm32f334x8.o(.text))
<BR>[Address Reference Count : 1]<UL><LI> startup_stm32f334x8.o(RESET)
</UL>
<P><STRONG><a name="[d]"></a>TAMP_STAMP_IRQHandler</STRONG> (Thumb, 0 bytes, Stack size 0 bytes, startup_stm32f334x8.o(.text))
<BR>[Address Reference Count : 1]<UL><LI> startup_stm32f334x8.o(RESET)
</UL>
<P><STRONG><a name="[23]"></a>TIM1_BRK_TIM15_IRQHandler</STRONG> (Thumb, 0 bytes, Stack size 0 bytes, startup_stm32f334x8.o(.text))
<BR>[Address Reference Count : 1]<UL><LI> startup_stm32f334x8.o(RESET)
</UL>
<P><STRONG><a name="[26]"></a>TIM1_CC_IRQHandler</STRONG> (Thumb, 0 bytes, Stack size 0 bytes, startup_stm32f334x8.o(.text))
<BR>[Address Reference Count : 1]<UL><LI> startup_stm32f334x8.o(RESET)
</UL>
<P><STRONG><a name="[25]"></a>TIM1_TRG_COM_TIM17_IRQHandler</STRONG> (Thumb, 0 bytes, Stack size 0 bytes, startup_stm32f334x8.o(.text))
<BR>[Address Reference Count : 1]<UL><LI> startup_stm32f334x8.o(RESET)
</UL>
<P><STRONG><a name="[24]"></a>TIM1_UP_TIM16_IRQHandler</STRONG> (Thumb, 0 bytes, Stack size 0 bytes, startup_stm32f334x8.o(.text))
<BR>[Address Reference Count : 1]<UL><LI> startup_stm32f334x8.o(RESET)
</UL>
<P><STRONG><a name="[27]"></a>TIM2_IRQHandler</STRONG> (Thumb, 0 bytes, Stack size 0 bytes, startup_stm32f334x8.o(.text))
<BR>[Address Reference Count : 1]<UL><LI> startup_stm32f334x8.o(RESET)
</UL>
<P><STRONG><a name="[28]"></a>TIM3_IRQHandler</STRONG> (Thumb, 0 bytes, Stack size 0 bytes, startup_stm32f334x8.o(.text))
<BR>[Address Reference Count : 1]<UL><LI> startup_stm32f334x8.o(RESET)
</UL>
<P><STRONG><a name="[31]"></a>TIM6_DAC1_IRQHandler</STRONG> (Thumb, 0 bytes, Stack size 0 bytes, startup_stm32f334x8.o(.text))
<BR>[Address Reference Count : 1]<UL><LI> startup_stm32f334x8.o(RESET)
</UL>
<P><STRONG><a name="[2d]"></a>USART2_IRQHandler</STRONG> (Thumb, 0 bytes, Stack size 0 bytes, startup_stm32f334x8.o(.text))
<BR>[Address Reference Count : 1]<UL><LI> startup_stm32f334x8.o(RESET)
</UL>
<P><STRONG><a name="[2e]"></a>USART3_IRQHandler</STRONG> (Thumb, 0 bytes, Stack size 0 bytes, startup_stm32f334x8.o(.text))
<BR>[Address Reference Count : 1]<UL><LI> startup_stm32f334x8.o(RESET)
</UL>
<P><STRONG><a name="[b]"></a>WWDG_IRQHandler</STRONG> (Thumb, 0 bytes, Stack size 0 bytes, startup_stm32f334x8.o(.text))
<BR>[Address Reference Count : 1]<UL><LI> startup_stm32f334x8.o(RESET)
</UL>
<P><STRONG><a name="[53]"></a>__aeabi_uldivmod</STRONG> (Thumb, 98 bytes, Stack size 40 bytes, uldiv.o(.text))
<BR><BR>[Stack]<UL><LI>Max Depth = 40<LI>Call Chain = __aeabi_uldivmod
</UL>
<BR>[Calls]<UL><LI><a href="#[54]">&gt;&gt;</a>&nbsp;&nbsp;&nbsp;__aeabi_llsr
<LI><a href="#[55]">&gt;&gt;</a>&nbsp;&nbsp;&nbsp;__aeabi_llsl
</UL>
<BR>[Called By]<UL><LI><a href="#[dd]">&gt;&gt;</a>&nbsp;&nbsp;&nbsp;HAL_RCC_GetSysClockFreq
<LI><a href="#[124]">&gt;&gt;</a>&nbsp;&nbsp;&nbsp;_printf_core
<LI><a href="#[128]">&gt;&gt;</a>&nbsp;&nbsp;&nbsp;_fp_digits
</UL>

<P><STRONG><a name="[54]"></a>__aeabi_llsr</STRONG> (Thumb, 32 bytes, Stack size 0 bytes, llushr.o(.text))
<BR><BR>[Called By]<UL><LI><a href="#[c7]">&gt;&gt;</a>&nbsp;&nbsp;&nbsp;HAL_FLASH_Program
<LI><a href="#[61]">&gt;&gt;</a>&nbsp;&nbsp;&nbsp;__aeabi_d2iz
<LI><a href="#[53]">&gt;&gt;</a>&nbsp;&nbsp;&nbsp;__aeabi_uldivmod
<LI><a href="#[64]">&gt;&gt;</a>&nbsp;&nbsp;&nbsp;_dsqrt
<LI><a href="#[5b]">&gt;&gt;</a>&nbsp;&nbsp;&nbsp;_double_epilogue
<LI><a href="#[65]">&gt;&gt;</a>&nbsp;&nbsp;&nbsp;__aeabi_d2ulz
</UL>

<P><STRONG><a name="[155]"></a>_ll_ushift_r</STRONG> (Thumb, 0 bytes, Stack size 0 bytes, llushr.o(.text), UNUSED)

<P><STRONG><a name="[156]"></a>__aeabi_memcpy</STRONG> (Thumb, 36 bytes, Stack size 0 bytes, memcpya.o(.text), UNUSED)

<P><STRONG><a name="[103]"></a>__aeabi_memcpy4</STRONG> (Thumb, 0 bytes, Stack size 0 bytes, memcpya.o(.text))
<BR><BR>[Called By]<UL><LI><a href="#[102]">&gt;&gt;</a>&nbsp;&nbsp;&nbsp;MX_FREERTOS_Init
</UL>

<P><STRONG><a name="[157]"></a>__aeabi_memcpy8</STRONG> (Thumb, 0 bytes, Stack size 0 bytes, memcpya.o(.text), UNUSED)

<P><STRONG><a name="[57]"></a>__aeabi_memset</STRONG> (Thumb, 14 bytes, Stack size 0 bytes, memseta.o(.text), UNUSED)
<BR><BR>[Called By]<UL><LI><a href="#[58]">&gt;&gt;</a>&nbsp;&nbsp;&nbsp;memset
<LI><a href="#[56]">&gt;&gt;</a>&nbsp;&nbsp;&nbsp;__aeabi_memclr
</UL>

<P><STRONG><a name="[158]"></a>__aeabi_memset4</STRONG> (Thumb, 0 bytes, Stack size 0 bytes, memseta.o(.text), UNUSED)

<P><STRONG><a name="[159]"></a>__aeabi_memset8</STRONG> (Thumb, 0 bytes, Stack size 0 bytes, memseta.o(.text), UNUSED)

<P><STRONG><a name="[56]"></a>__aeabi_memclr</STRONG> (Thumb, 4 bytes, Stack size 0 bytes, memseta.o(.text), UNUSED)
<BR><BR>[Calls]<UL><LI><a href="#[57]">&gt;&gt;</a>&nbsp;&nbsp;&nbsp;__aeabi_memset
</UL>

<P><STRONG><a name="[a7]"></a>__aeabi_memclr4</STRONG> (Thumb, 0 bytes, Stack size 0 bytes, memseta.o(.text))
<BR><BR>[Called By]<UL><LI><a href="#[f2]">&gt;&gt;</a>&nbsp;&nbsp;&nbsp;HAL_UART_MspInit
<LI><a href="#[cb]">&gt;&gt;</a>&nbsp;&nbsp;&nbsp;HAL_HRTIM_MspPostInit
<LI><a href="#[bc]">&gt;&gt;</a>&nbsp;&nbsp;&nbsp;HAL_CAN_MspInit
<LI><a href="#[a6]">&gt;&gt;</a>&nbsp;&nbsp;&nbsp;HAL_ADC_MspInit
<LI><a href="#[107]">&gt;&gt;</a>&nbsp;&nbsp;&nbsp;MX_HRTIM1_Init
<LI><a href="#[105]">&gt;&gt;</a>&nbsp;&nbsp;&nbsp;MX_GPIO_Init
<LI><a href="#[ff]">&gt;&gt;</a>&nbsp;&nbsp;&nbsp;MX_ADC2_Init
<LI><a href="#[fc]">&gt;&gt;</a>&nbsp;&nbsp;&nbsp;MX_ADC1_Init
<LI><a href="#[11c]">&gt;&gt;</a>&nbsp;&nbsp;&nbsp;SystemClock_Config
</UL>

<P><STRONG><a name="[15a]"></a>__aeabi_memclr8</STRONG> (Thumb, 0 bytes, Stack size 0 bytes, memseta.o(.text), UNUSED)

<P><STRONG><a name="[58]"></a>memset</STRONG> (Thumb, 18 bytes, Stack size 8 bytes, memseta.o(.text), UNUSED)
<BR><BR>[Calls]<UL><LI><a href="#[57]">&gt;&gt;</a>&nbsp;&nbsp;&nbsp;__aeabi_memset
</UL>

<P><STRONG><a name="[89]"></a>strlen</STRONG> (Thumb, 14 bytes, Stack size 0 bytes, strlen.o(.text))
<BR><BR>[Called By]<UL><LI><a href="#[87]">&gt;&gt;</a>&nbsp;&nbsp;&nbsp;DMA_printf
</UL>

<P><STRONG><a name="[59]"></a>__aeabi_dadd</STRONG> (Thumb, 322 bytes, Stack size 48 bytes, dadd.o(.text))
<BR><BR>[Stack]<UL><LI>Max Depth = 88<LI>Call Chain = __aeabi_dadd &rArr; _double_epilogue &rArr; _double_round
</UL>
<BR>[Calls]<UL><LI><a href="#[5a]">&gt;&gt;</a>&nbsp;&nbsp;&nbsp;__aeabi_lasr
<LI><a href="#[55]">&gt;&gt;</a>&nbsp;&nbsp;&nbsp;__aeabi_llsl
<LI><a href="#[5c]">&gt;&gt;</a>&nbsp;&nbsp;&nbsp;_double_round
<LI><a href="#[5b]">&gt;&gt;</a>&nbsp;&nbsp;&nbsp;_double_epilogue
</UL>
<BR>[Called By]<UL><LI><a href="#[6f]">&gt;&gt;</a>&nbsp;&nbsp;&nbsp;Angle_Get
<LI><a href="#[74]">&gt;&gt;</a>&nbsp;&nbsp;&nbsp;LowPassFilter_RC_1order
<LI><a href="#[5d]">&gt;&gt;</a>&nbsp;&nbsp;&nbsp;__aeabi_dsub
<LI><a href="#[79]">&gt;&gt;</a>&nbsp;&nbsp;&nbsp;atan2LUT
<LI><a href="#[5e]">&gt;&gt;</a>&nbsp;&nbsp;&nbsp;__aeabi_drsub
<LI><a href="#[128]">&gt;&gt;</a>&nbsp;&nbsp;&nbsp;_fp_digits
</UL>

<P><STRONG><a name="[5d]"></a>__aeabi_dsub</STRONG> (Thumb, 6 bytes, Stack size 0 bytes, dadd.o(.text))
<BR><BR>[Stack]<UL><LI>Max Depth = 88<LI>Call Chain = __aeabi_dsub &rArr; __aeabi_dadd &rArr; _double_epilogue &rArr; _double_round
</UL>
<BR>[Calls]<UL><LI><a href="#[59]">&gt;&gt;</a>&nbsp;&nbsp;&nbsp;__aeabi_dadd
</UL>
<BR>[Called By]<UL><LI><a href="#[79]">&gt;&gt;</a>&nbsp;&nbsp;&nbsp;atan2LUT
</UL>

<P><STRONG><a name="[5e]"></a>__aeabi_drsub</STRONG> (Thumb, 6 bytes, Stack size 0 bytes, dadd.o(.text), UNUSED)
<BR><BR>[Calls]<UL><LI><a href="#[59]">&gt;&gt;</a>&nbsp;&nbsp;&nbsp;__aeabi_dadd
</UL>

<P><STRONG><a name="[5f]"></a>__aeabi_dmul</STRONG> (Thumb, 228 bytes, Stack size 48 bytes, dmul.o(.text))
<BR><BR>[Stack]<UL><LI>Max Depth = 88<LI>Call Chain = __aeabi_dmul &rArr; _double_epilogue &rArr; _double_round
</UL>
<BR>[Calls]<UL><LI><a href="#[5b]">&gt;&gt;</a>&nbsp;&nbsp;&nbsp;_double_epilogue
</UL>
<BR>[Called By]<UL><LI><a href="#[74]">&gt;&gt;</a>&nbsp;&nbsp;&nbsp;LowPassFilter_RC_1order
<LI><a href="#[79]">&gt;&gt;</a>&nbsp;&nbsp;&nbsp;atan2LUT
<LI><a href="#[128]">&gt;&gt;</a>&nbsp;&nbsp;&nbsp;_fp_digits
</UL>

<P><STRONG><a name="[60]"></a>__aeabi_ddiv</STRONG> (Thumb, 222 bytes, Stack size 32 bytes, ddiv.o(.text))
<BR><BR>[Stack]<UL><LI>Max Depth = 40<LI>Call Chain = __aeabi_ddiv &rArr; _double_round
</UL>
<BR>[Calls]<UL><LI><a href="#[5c]">&gt;&gt;</a>&nbsp;&nbsp;&nbsp;_double_round
</UL>
<BR>[Called By]<UL><LI><a href="#[74]">&gt;&gt;</a>&nbsp;&nbsp;&nbsp;LowPassFilter_RC_1order
<LI><a href="#[79]">&gt;&gt;</a>&nbsp;&nbsp;&nbsp;atan2LUT
<LI><a href="#[128]">&gt;&gt;</a>&nbsp;&nbsp;&nbsp;_fp_digits
</UL>

<P><STRONG><a name="[61]"></a>__aeabi_d2iz</STRONG> (Thumb, 62 bytes, Stack size 16 bytes, dfixi.o(.text))
<BR><BR>[Stack]<UL><LI>Max Depth = 16<LI>Call Chain = __aeabi_d2iz
</UL>
<BR>[Calls]<UL><LI><a href="#[54]">&gt;&gt;</a>&nbsp;&nbsp;&nbsp;__aeabi_llsr
</UL>
<BR>[Called By]<UL><LI><a href="#[79]">&gt;&gt;</a>&nbsp;&nbsp;&nbsp;atan2LUT
</UL>

<P><STRONG><a name="[78]"></a>__aeabi_f2d</STRONG> (Thumb, 38 bytes, Stack size 0 bytes, f2d.o(.text))
<BR><BR>[Called By]<UL><LI><a href="#[6f]">&gt;&gt;</a>&nbsp;&nbsp;&nbsp;Angle_Get
<LI><a href="#[76]">&gt;&gt;</a>&nbsp;&nbsp;&nbsp;tuner_PID
<LI><a href="#[97]">&gt;&gt;</a>&nbsp;&nbsp;&nbsp;tuner_PI
<LI><a href="#[95]">&gt;&gt;</a>&nbsp;&nbsp;&nbsp;FOC_Trans
<LI><a href="#[be]">&gt;&gt;</a>&nbsp;&nbsp;&nbsp;Massage_Process
<LI><a href="#[9a]">&gt;&gt;</a>&nbsp;&nbsp;&nbsp;limit_norm
<LI><a href="#[74]">&gt;&gt;</a>&nbsp;&nbsp;&nbsp;LowPassFilter_RC_1order
</UL>

<P><STRONG><a name="[12f]"></a>__aeabi_cdcmpeq</STRONG> (Thumb, 0 bytes, Stack size 0 bytes, cdcmple.o(.text))
<BR><BR>[Called By]<UL><LI><a href="#[79]">&gt;&gt;</a>&nbsp;&nbsp;&nbsp;atan2LUT
</UL>

<P><STRONG><a name="[12e]"></a>__aeabi_cdcmple</STRONG> (Thumb, 48 bytes, Stack size 0 bytes, cdcmple.o(.text))
<BR><BR>[Called By]<UL><LI><a href="#[79]">&gt;&gt;</a>&nbsp;&nbsp;&nbsp;atan2LUT
</UL>

<P><STRONG><a name="[62]"></a>__aeabi_d2f</STRONG> (Thumb, 56 bytes, Stack size 8 bytes, d2f.o(.text))
<BR><BR>[Stack]<UL><LI>Max Depth = 8<LI>Call Chain = __aeabi_d2f
</UL>
<BR>[Calls]<UL><LI><a href="#[63]">&gt;&gt;</a>&nbsp;&nbsp;&nbsp;_float_round
</UL>
<BR>[Called By]<UL><LI><a href="#[6f]">&gt;&gt;</a>&nbsp;&nbsp;&nbsp;Angle_Get
<LI><a href="#[76]">&gt;&gt;</a>&nbsp;&nbsp;&nbsp;tuner_PID
<LI><a href="#[97]">&gt;&gt;</a>&nbsp;&nbsp;&nbsp;tuner_PI
<LI><a href="#[95]">&gt;&gt;</a>&nbsp;&nbsp;&nbsp;FOC_Trans
<LI><a href="#[9a]">&gt;&gt;</a>&nbsp;&nbsp;&nbsp;limit_norm
<LI><a href="#[74]">&gt;&gt;</a>&nbsp;&nbsp;&nbsp;LowPassFilter_RC_1order
</UL>

<P><STRONG><a name="[15b]"></a>__aeabi_uidiv</STRONG> (Thumb, 0 bytes, Stack size 12 bytes, uidiv.o(.text), UNUSED)

<P><STRONG><a name="[12c]"></a>__aeabi_uidivmod</STRONG> (Thumb, 44 bytes, Stack size 12 bytes, uidiv.o(.text), UNUSED)
<BR><BR>[Called By]<UL><LI><a href="#[124]">&gt;&gt;</a>&nbsp;&nbsp;&nbsp;_printf_core
</UL>

<P><STRONG><a name="[55]"></a>__aeabi_llsl</STRONG> (Thumb, 30 bytes, Stack size 0 bytes, llshl.o(.text))
<BR><BR>[Called By]<UL><LI><a href="#[59]">&gt;&gt;</a>&nbsp;&nbsp;&nbsp;__aeabi_dadd
<LI><a href="#[53]">&gt;&gt;</a>&nbsp;&nbsp;&nbsp;__aeabi_uldivmod
<LI><a href="#[5b]">&gt;&gt;</a>&nbsp;&nbsp;&nbsp;_double_epilogue
<LI><a href="#[65]">&gt;&gt;</a>&nbsp;&nbsp;&nbsp;__aeabi_d2ulz
</UL>

<P><STRONG><a name="[15c]"></a>_ll_shift_l</STRONG> (Thumb, 0 bytes, Stack size 0 bytes, llshl.o(.text), UNUSED)

<P><STRONG><a name="[5a]"></a>__aeabi_lasr</STRONG> (Thumb, 36 bytes, Stack size 0 bytes, llsshr.o(.text))
<BR><BR>[Called By]<UL><LI><a href="#[59]">&gt;&gt;</a>&nbsp;&nbsp;&nbsp;__aeabi_dadd
</UL>

<P><STRONG><a name="[15d]"></a>_ll_sshift_r</STRONG> (Thumb, 0 bytes, Stack size 0 bytes, llsshr.o(.text), UNUSED)

<P><STRONG><a name="[15e]"></a>__I$use$fp</STRONG> (Thumb, 0 bytes, Stack size 0 bytes, iusefp.o(.text), UNUSED)

<P><STRONG><a name="[63]"></a>_float_round</STRONG> (Thumb, 18 bytes, Stack size 0 bytes, fepilogue.o(.text))
<BR><BR>[Called By]<UL><LI><a href="#[62]">&gt;&gt;</a>&nbsp;&nbsp;&nbsp;__aeabi_d2f
</UL>

<P><STRONG><a name="[15f]"></a>_float_epilogue</STRONG> (Thumb, 92 bytes, Stack size 4 bytes, fepilogue.o(.text), UNUSED)

<P><STRONG><a name="[5c]"></a>_double_round</STRONG> (Thumb, 30 bytes, Stack size 8 bytes, depilogue.o(.text))
<BR><BR>[Stack]<UL><LI>Max Depth = 8<LI>Call Chain = _double_round
</UL>
<BR>[Called By]<UL><LI><a href="#[60]">&gt;&gt;</a>&nbsp;&nbsp;&nbsp;__aeabi_ddiv
<LI><a href="#[59]">&gt;&gt;</a>&nbsp;&nbsp;&nbsp;__aeabi_dadd
<LI><a href="#[64]">&gt;&gt;</a>&nbsp;&nbsp;&nbsp;_dsqrt
<LI><a href="#[5b]">&gt;&gt;</a>&nbsp;&nbsp;&nbsp;_double_epilogue
</UL>

<P><STRONG><a name="[5b]"></a>_double_epilogue</STRONG> (Thumb, 156 bytes, Stack size 32 bytes, depilogue.o(.text))
<BR><BR>[Stack]<UL><LI>Max Depth = 40<LI>Call Chain = _double_epilogue &rArr; _double_round
</UL>
<BR>[Calls]<UL><LI><a href="#[54]">&gt;&gt;</a>&nbsp;&nbsp;&nbsp;__aeabi_llsr
<LI><a href="#[55]">&gt;&gt;</a>&nbsp;&nbsp;&nbsp;__aeabi_llsl
<LI><a href="#[5c]">&gt;&gt;</a>&nbsp;&nbsp;&nbsp;_double_round
</UL>
<BR>[Called By]<UL><LI><a href="#[5f]">&gt;&gt;</a>&nbsp;&nbsp;&nbsp;__aeabi_dmul
<LI><a href="#[59]">&gt;&gt;</a>&nbsp;&nbsp;&nbsp;__aeabi_dadd
</UL>

<P><STRONG><a name="[64]"></a>_dsqrt</STRONG> (Thumb, 162 bytes, Stack size 32 bytes, dsqrt.o(.text))
<BR><BR>[Stack]<UL><LI>Max Depth = 40<LI>Call Chain = _dsqrt &rArr; _double_round
</UL>
<BR>[Calls]<UL><LI><a href="#[54]">&gt;&gt;</a>&nbsp;&nbsp;&nbsp;__aeabi_llsr
<LI><a href="#[5c]">&gt;&gt;</a>&nbsp;&nbsp;&nbsp;_double_round
</UL>
<BR>[Called By]<UL><LI><a href="#[126]">&gt;&gt;</a>&nbsp;&nbsp;&nbsp;__hardfp_sqrt
</UL>

<P><STRONG><a name="[65]"></a>__aeabi_d2ulz</STRONG> (Thumb, 48 bytes, Stack size 0 bytes, dfixul.o(.text), UNUSED)
<BR><BR>[Calls]<UL><LI><a href="#[54]">&gt;&gt;</a>&nbsp;&nbsp;&nbsp;__aeabi_llsr
<LI><a href="#[55]">&gt;&gt;</a>&nbsp;&nbsp;&nbsp;__aeabi_llsl
</UL>
<BR>[Called By]<UL><LI><a href="#[128]">&gt;&gt;</a>&nbsp;&nbsp;&nbsp;_fp_digits
</UL>

<P><STRONG><a name="[129]"></a>__aeabi_cdrcmple</STRONG> (Thumb, 48 bytes, Stack size 0 bytes, cdrcmple.o(.text), UNUSED)
<BR><BR>[Called By]<UL><LI><a href="#[128]">&gt;&gt;</a>&nbsp;&nbsp;&nbsp;_fp_digits
</UL>

<P><STRONG><a name="[125]"></a>__ARM_dcmp4</STRONG> (Thumb, 96 bytes, Stack size 16 bytes, dcmp4.o(.text))
<BR><BR>[Stack]<UL><LI>Max Depth = 16<LI>Call Chain = __ARM_dcmp4
</UL>
<BR>[Called By]<UL><LI><a href="#[98]">&gt;&gt;</a>&nbsp;&nbsp;&nbsp;__hardfp_fmin
<LI><a href="#[99]">&gt;&gt;</a>&nbsp;&nbsp;&nbsp;__hardfp_fmax
</UL>

<P><STRONG><a name="[160]"></a>_dcmp4</STRONG> (Thumb, 0 bytes, Stack size 16 bytes, dcmp4.o(.text), UNUSED)

<P><STRONG><a name="[51]"></a>__scatterload</STRONG> (Thumb, 28 bytes, Stack size 0 bytes, init.o(.text))
<BR><BR>[Calls]<UL><LI><a href="#[66]">&gt;&gt;</a>&nbsp;&nbsp;&nbsp;__main_after_scatterload
</UL>
<BR>[Called By]<UL><LI><a href="#[50]">&gt;&gt;</a>&nbsp;&nbsp;&nbsp;_main_scatterload
</UL>

<P><STRONG><a name="[161]"></a>__scatterload_rt2</STRONG> (Thumb, 0 bytes, Stack size 0 bytes, init.o(.text), UNUSED)

<P><STRONG><a name="[162]"></a>__decompress</STRONG> (Thumb, 0 bytes, Stack size unknown bytes, __dclz77c.o(.text), UNUSED)

<P><STRONG><a name="[163]"></a>__decompress2</STRONG> (Thumb, 94 bytes, Stack size unknown bytes, __dclz77c.o(.text), UNUSED)

<P><STRONG><a name="[1d]"></a>ADC1_2_IRQHandler</STRONG> (Thumb, 18 bytes, Stack size 8 bytes, stm32f3xx_it.o(i.ADC1_2_IRQHandler))
<BR><BR>[Stack]<UL><LI>Max Depth = 24<LI>Call Chain = ADC1_2_IRQHandler &rArr; HAL_ADC_IRQHandler
</UL>
<BR>[Calls]<UL><LI><a href="#[67]">&gt;&gt;</a>&nbsp;&nbsp;&nbsp;HAL_ADC_IRQHandler
</UL>
<BR>[Address Reference Count : 1]<UL><LI> startup_stm32f334x8.o(RESET)
</UL>
<P><STRONG><a name="[82]"></a>AcquireCurrent</STRONG> (Thumb, 70 bytes, Stack size 0 bytes, currentsensing.o(i.AcquireCurrent))
<BR><BR>[Called By]<UL><LI><a href="#[90]">&gt;&gt;</a>&nbsp;&nbsp;&nbsp;FOC_GetSensorTask
<LI><a href="#[80]">&gt;&gt;</a>&nbsp;&nbsp;&nbsp;CaliADC
</UL>

<P><STRONG><a name="[6e]"></a>Actual_Angle_Acquire</STRONG> (Thumb, 36 bytes, Stack size 8 bytes, foc.o(i.Actual_Angle_Acquire))
<BR><BR>[Stack]<UL><LI>Max Depth = 216<LI>Call Chain = Actual_Angle_Acquire &rArr; Angle_Get &rArr; atan2LUT &rArr; __aeabi_dmul &rArr; _double_epilogue &rArr; _double_round
</UL>
<BR>[Calls]<UL><LI><a href="#[6f]">&gt;&gt;</a>&nbsp;&nbsp;&nbsp;Angle_Get
</UL>
<BR>[Called By]<UL><LI><a href="#[95]">&gt;&gt;</a>&nbsp;&nbsp;&nbsp;FOC_Trans
<LI><a href="#[90]">&gt;&gt;</a>&nbsp;&nbsp;&nbsp;FOC_GetSensorTask
</UL>

<P><STRONG><a name="[70]"></a>Actual_Current_Acquire</STRONG> (Thumb, 128 bytes, Stack size 24 bytes, foc.o(i.Actual_Current_Acquire))
<BR><BR>[Stack]<UL><LI>Max Depth = 136<LI>Call Chain = Actual_Current_Acquire &rArr; LowPassFilter_RC_1order &rArr; __aeabi_dmul &rArr; _double_epilogue &rArr; _double_round
</UL>
<BR>[Calls]<UL><LI><a href="#[73]">&gt;&gt;</a>&nbsp;&nbsp;&nbsp;dq0
<LI><a href="#[72]">&gt;&gt;</a>&nbsp;&nbsp;&nbsp;Current_SenseB
<LI><a href="#[71]">&gt;&gt;</a>&nbsp;&nbsp;&nbsp;Current_SenseA
<LI><a href="#[74]">&gt;&gt;</a>&nbsp;&nbsp;&nbsp;LowPassFilter_RC_1order
</UL>
<BR>[Called By]<UL><LI><a href="#[90]">&gt;&gt;</a>&nbsp;&nbsp;&nbsp;FOC_GetSensorTask
</UL>

<P><STRONG><a name="[96]"></a>Actual_Speed_Acquire</STRONG> (Thumb, 76 bytes, Stack size 0 bytes, foc.o(i.Actual_Speed_Acquire))
<BR><BR>[Called By]<UL><LI><a href="#[95]">&gt;&gt;</a>&nbsp;&nbsp;&nbsp;FOC_Trans
</UL>

<P><STRONG><a name="[75]"></a>Angle_Control</STRONG> (Thumb, 64 bytes, Stack size 0 bytes, foc.o(i.Angle_Control))
<BR><BR>[Stack]<UL><LI>Max Depth = 112<LI>Call Chain = Angle_Control &rArr; tuner_PID &rArr; __hardfp_fmin &rArr; __ARM_dcmp4
</UL>
<BR>[Calls]<UL><LI><a href="#[76]">&gt;&gt;</a>&nbsp;&nbsp;&nbsp;tuner_PID
</UL>
<BR>[Called By]<UL><LI><a href="#[95]">&gt;&gt;</a>&nbsp;&nbsp;&nbsp;FOC_Trans
</UL>

<P><STRONG><a name="[6f]"></a>Angle_Get</STRONG> (Thumb, 186 bytes, Stack size 48 bytes, positionsensor.o(i.Angle_Get))
<BR><BR>[Stack]<UL><LI>Max Depth = 208<LI>Call Chain = Angle_Get &rArr; atan2LUT &rArr; __aeabi_dmul &rArr; _double_epilogue &rArr; _double_round
</UL>
<BR>[Calls]<UL><LI><a href="#[78]">&gt;&gt;</a>&nbsp;&nbsp;&nbsp;__aeabi_f2d
<LI><a href="#[59]">&gt;&gt;</a>&nbsp;&nbsp;&nbsp;__aeabi_dadd
<LI><a href="#[62]">&gt;&gt;</a>&nbsp;&nbsp;&nbsp;__aeabi_d2f
<LI><a href="#[79]">&gt;&gt;</a>&nbsp;&nbsp;&nbsp;atan2LUT
<LI><a href="#[77]">&gt;&gt;</a>&nbsp;&nbsp;&nbsp;HAL_ADC_Start_DMA
</UL>
<BR>[Called By]<UL><LI><a href="#[8d]">&gt;&gt;</a>&nbsp;&nbsp;&nbsp;FOCStruct_Init
<LI><a href="#[6e]">&gt;&gt;</a>&nbsp;&nbsp;&nbsp;Actual_Angle_Acquire
</UL>

<P><STRONG><a name="[5]"></a>BusFault_Handler</STRONG> (Thumb, 2 bytes, Stack size 0 bytes, stm32f3xx_it.o(i.BusFault_Handler))
<BR><BR>[Calls]<UL><LI><a href="#[5]">&gt;&gt;</a>&nbsp;&nbsp;&nbsp;BusFault_Handler
</UL>
<BR>[Called By]<UL><LI><a href="#[5]">&gt;&gt;</a>&nbsp;&nbsp;&nbsp;BusFault_Handler
</UL>
<BR>[Address Reference Count : 1]<UL><LI> startup_stm32f334x8.o(RESET)
</UL>
<P><STRONG><a name="[7a]"></a>CAN_FilterInit</STRONG> (Thumb, 38 bytes, Stack size 0 bytes, communication.o(i.CAN_FilterInit))
<BR><BR>[Stack]<UL><LI>Max Depth = 8<LI>Call Chain = CAN_FilterInit &rArr; HAL_CAN_ConfigFilter
</UL>
<BR>[Calls]<UL><LI><a href="#[7b]">&gt;&gt;</a>&nbsp;&nbsp;&nbsp;HAL_CAN_ConfigFilter
</UL>
<BR>[Called By]<UL><LI><a href="#[7d]">&gt;&gt;</a>&nbsp;&nbsp;&nbsp;CAN_USER_Init
</UL>

<P><STRONG><a name="[1f]"></a>CAN_RX0_IRQHandler</STRONG> (Thumb, 6 bytes, Stack size 0 bytes, stm32f3xx_it.o(i.CAN_RX0_IRQHandler))
<BR><BR>[Stack]<UL><LI>Max Depth = 344<LI>Call Chain = CAN_RX0_IRQHandler &rArr; HAL_CAN_IRQHandler &rArr; HAL_CAN_RxFifo0MsgPendingCallback &rArr; Massage_Process &rArr; Write_FOC_ID &rArr; HAL_FLASH_Program &rArr; FLASH_WaitForLastOperation
</UL>
<BR>[Calls]<UL><LI><a href="#[7c]">&gt;&gt;</a>&nbsp;&nbsp;&nbsp;HAL_CAN_IRQHandler
</UL>
<BR>[Address Reference Count : 1]<UL><LI> startup_stm32f334x8.o(RESET)
</UL>
<P><STRONG><a name="[7e]"></a>CAN_RxHeader_Pack</STRONG> (Thumb, 18 bytes, Stack size 0 bytes, communication.o(i.CAN_RxHeader_Pack))
<BR><BR>[Called By]<UL><LI><a href="#[7d]">&gt;&gt;</a>&nbsp;&nbsp;&nbsp;CAN_USER_Init
</UL>

<P><STRONG><a name="[7f]"></a>CAN_TxHeader_Pack</STRONG> (Thumb, 26 bytes, Stack size 0 bytes, communication.o(i.CAN_TxHeader_Pack))
<BR><BR>[Called By]<UL><LI><a href="#[7d]">&gt;&gt;</a>&nbsp;&nbsp;&nbsp;CAN_USER_Init
</UL>

<P><STRONG><a name="[7d]"></a>CAN_USER_Init</STRONG> (Thumb, 24 bytes, Stack size 8 bytes, communication.o(i.CAN_USER_Init))
<BR><BR>[Stack]<UL><LI>Max Depth = 16<LI>Call Chain = CAN_USER_Init &rArr; CAN_FilterInit &rArr; HAL_CAN_ConfigFilter
</UL>
<BR>[Calls]<UL><LI><a href="#[7f]">&gt;&gt;</a>&nbsp;&nbsp;&nbsp;CAN_TxHeader_Pack
<LI><a href="#[7e]">&gt;&gt;</a>&nbsp;&nbsp;&nbsp;CAN_RxHeader_Pack
<LI><a href="#[7a]">&gt;&gt;</a>&nbsp;&nbsp;&nbsp;CAN_FilterInit
</UL>
<BR>[Called By]<UL><LI><a href="#[114]">&gt;&gt;</a>&nbsp;&nbsp;&nbsp;Perip_Initalization
</UL>

<P><STRONG><a name="[80]"></a>CaliADC</STRONG> (Thumb, 64 bytes, Stack size 8 bytes, currentsensing.o(i.CaliADC))
<BR><BR>[Stack]<UL><LI>Max Depth = 48<LI>Call Chain = CaliADC &rArr; HAL_ADCEx_Calibration_Start &rArr; ADC_Disable
</UL>
<BR>[Calls]<UL><LI><a href="#[81]">&gt;&gt;</a>&nbsp;&nbsp;&nbsp;HAL_ADCEx_Calibration_Start
<LI><a href="#[82]">&gt;&gt;</a>&nbsp;&nbsp;&nbsp;AcquireCurrent
</UL>
<BR>[Called By]<UL><LI><a href="#[85]">&gt;&gt;</a>&nbsp;&nbsp;&nbsp;CurrentSensor_Init
</UL>

<P><STRONG><a name="[83]"></a>CosTable</STRONG> (Thumb, 32 bytes, Stack size 0 bytes, cmath.o(i.CosTable))
<BR><BR>[Calls]<UL><LI><a href="#[84]">&gt;&gt;</a>&nbsp;&nbsp;&nbsp;SinTable
</UL>
<BR>[Called By]<UL><LI><a href="#[73]">&gt;&gt;</a>&nbsp;&nbsp;&nbsp;dq0
<LI><a href="#[9c]">&gt;&gt;</a>&nbsp;&nbsp;&nbsp;abc
</UL>

<P><STRONG><a name="[85]"></a>CurrentSensor_Init</STRONG> (Thumb, 12 bytes, Stack size 0 bytes, currentsensing.o(i.CurrentSensor_Init))
<BR><BR>[Stack]<UL><LI>Max Depth = 48<LI>Call Chain = CurrentSensor_Init &rArr; CaliADC &rArr; HAL_ADCEx_Calibration_Start &rArr; ADC_Disable
</UL>
<BR>[Calls]<UL><LI><a href="#[80]">&gt;&gt;</a>&nbsp;&nbsp;&nbsp;CaliADC
</UL>
<BR>[Called By]<UL><LI><a href="#[114]">&gt;&gt;</a>&nbsp;&nbsp;&nbsp;Perip_Initalization
</UL>

<P><STRONG><a name="[71]"></a>Current_SenseA</STRONG> (Thumb, 30 bytes, Stack size 0 bytes, currentsensing.o(i.Current_SenseA))
<BR><BR>[Called By]<UL><LI><a href="#[70]">&gt;&gt;</a>&nbsp;&nbsp;&nbsp;Actual_Current_Acquire
</UL>

<P><STRONG><a name="[72]"></a>Current_SenseB</STRONG> (Thumb, 30 bytes, Stack size 0 bytes, currentsensing.o(i.Current_SenseB))
<BR><BR>[Called By]<UL><LI><a href="#[70]">&gt;&gt;</a>&nbsp;&nbsp;&nbsp;Actual_Current_Acquire
</UL>

<P><STRONG><a name="[16]"></a>DMA1_Channel1_IRQHandler</STRONG> (Thumb, 6 bytes, Stack size 0 bytes, stm32f3xx_it.o(i.DMA1_Channel1_IRQHandler))
<BR><BR>[Stack]<UL><LI>Max Depth = 16<LI>Call Chain = DMA1_Channel1_IRQHandler &rArr; HAL_DMA_IRQHandler
</UL>
<BR>[Calls]<UL><LI><a href="#[86]">&gt;&gt;</a>&nbsp;&nbsp;&nbsp;HAL_DMA_IRQHandler
</UL>
<BR>[Address Reference Count : 1]<UL><LI> startup_stm32f334x8.o(RESET)
</UL>
<P><STRONG><a name="[17]"></a>DMA1_Channel2_IRQHandler</STRONG> (Thumb, 6 bytes, Stack size 0 bytes, stm32f3xx_it.o(i.DMA1_Channel2_IRQHandler))
<BR><BR>[Stack]<UL><LI>Max Depth = 16<LI>Call Chain = DMA1_Channel2_IRQHandler &rArr; HAL_DMA_IRQHandler
</UL>
<BR>[Calls]<UL><LI><a href="#[86]">&gt;&gt;</a>&nbsp;&nbsp;&nbsp;HAL_DMA_IRQHandler
</UL>
<BR>[Address Reference Count : 1]<UL><LI> startup_stm32f334x8.o(RESET)
</UL>
<P><STRONG><a name="[19]"></a>DMA1_Channel4_IRQHandler</STRONG> (Thumb, 6 bytes, Stack size 0 bytes, stm32f3xx_it.o(i.DMA1_Channel4_IRQHandler))
<BR><BR>[Stack]<UL><LI>Max Depth = 16<LI>Call Chain = DMA1_Channel4_IRQHandler &rArr; HAL_DMA_IRQHandler
</UL>
<BR>[Calls]<UL><LI><a href="#[86]">&gt;&gt;</a>&nbsp;&nbsp;&nbsp;HAL_DMA_IRQHandler
</UL>
<BR>[Address Reference Count : 1]<UL><LI> startup_stm32f334x8.o(RESET)
</UL>
<P><STRONG><a name="[1a]"></a>DMA1_Channel5_IRQHandler</STRONG> (Thumb, 6 bytes, Stack size 0 bytes, stm32f3xx_it.o(i.DMA1_Channel5_IRQHandler))
<BR><BR>[Stack]<UL><LI>Max Depth = 16<LI>Call Chain = DMA1_Channel5_IRQHandler &rArr; HAL_DMA_IRQHandler
</UL>
<BR>[Calls]<UL><LI><a href="#[86]">&gt;&gt;</a>&nbsp;&nbsp;&nbsp;HAL_DMA_IRQHandler
</UL>
<BR>[Address Reference Count : 1]<UL><LI> startup_stm32f334x8.o(RESET)
</UL>
<P><STRONG><a name="[87]"></a>DMA_printf</STRONG> (Thumb, 42 bytes, Stack size 24 bytes, usart.o(i.DMA_printf))
<BR><BR>[Stack]<UL><LI>Max Depth = 68<LI>Call Chain = DMA_printf &rArr; HAL_UART_Transmit_DMA &rArr; HAL_DMA_Start_IT &rArr; DMA_SetConfig
</UL>
<BR>[Calls]<UL><LI><a href="#[8a]">&gt;&gt;</a>&nbsp;&nbsp;&nbsp;HAL_UART_Transmit_DMA
<LI><a href="#[89]">&gt;&gt;</a>&nbsp;&nbsp;&nbsp;strlen
<LI><a href="#[88]">&gt;&gt;</a>&nbsp;&nbsp;&nbsp;vsprintf
</UL>
<BR>[Called By]<UL><LI><a href="#[be]">&gt;&gt;</a>&nbsp;&nbsp;&nbsp;Massage_Process
</UL>

<P><STRONG><a name="[8]"></a>DebugMon_Handler</STRONG> (Thumb, 2 bytes, Stack size 0 bytes, stm32f3xx_it.o(i.DebugMon_Handler))
<BR>[Address Reference Count : 1]<UL><LI> startup_stm32f334x8.o(RESET)
</UL>
<P><STRONG><a name="[ac]"></a>Error_Handler</STRONG> (Thumb, 2 bytes, Stack size 0 bytes, main.o(i.Error_Handler))
<BR><BR>[Called By]<UL><LI><a href="#[f2]">&gt;&gt;</a>&nbsp;&nbsp;&nbsp;HAL_UART_MspInit
<LI><a href="#[a6]">&gt;&gt;</a>&nbsp;&nbsp;&nbsp;HAL_ADC_MspInit
<LI><a href="#[10d]">&gt;&gt;</a>&nbsp;&nbsp;&nbsp;MX_USART1_UART_Init
<LI><a href="#[10b]">&gt;&gt;</a>&nbsp;&nbsp;&nbsp;MX_TIM6_Init
<LI><a href="#[107]">&gt;&gt;</a>&nbsp;&nbsp;&nbsp;MX_HRTIM1_Init
<LI><a href="#[100]">&gt;&gt;</a>&nbsp;&nbsp;&nbsp;MX_CAN_Init
<LI><a href="#[ff]">&gt;&gt;</a>&nbsp;&nbsp;&nbsp;MX_ADC2_Init
<LI><a href="#[fc]">&gt;&gt;</a>&nbsp;&nbsp;&nbsp;MX_ADC1_Init
</UL>

<P><STRONG><a name="[c6]"></a>FLASH_PageErase</STRONG> (Thumb, 28 bytes, Stack size 0 bytes, stm32f3xx_hal_flash_ex.o(i.FLASH_PageErase))
<BR><BR>[Called By]<UL><LI><a href="#[c4]">&gt;&gt;</a>&nbsp;&nbsp;&nbsp;HAL_FLASHEx_Erase
</UL>

<P><STRONG><a name="[8b]"></a>FLASH_WaitForLastOperation</STRONG> (Thumb, 74 bytes, Stack size 16 bytes, stm32f3xx_hal_flash.o(i.FLASH_WaitForLastOperation))
<BR><BR>[Stack]<UL><LI>Max Depth = 16<LI>Call Chain = FLASH_WaitForLastOperation
</UL>
<BR>[Calls]<UL><LI><a href="#[6c]">&gt;&gt;</a>&nbsp;&nbsp;&nbsp;HAL_GetTick
<LI><a href="#[8c]">&gt;&gt;</a>&nbsp;&nbsp;&nbsp;FLASH_SetErrorCode
</UL>
<BR>[Called By]<UL><LI><a href="#[c7]">&gt;&gt;</a>&nbsp;&nbsp;&nbsp;HAL_FLASH_Program
<LI><a href="#[c4]">&gt;&gt;</a>&nbsp;&nbsp;&nbsp;HAL_FLASHEx_Erase
</UL>

<P><STRONG><a name="[8d]"></a>FOCStruct_Init</STRONG> (Thumb, 182 bytes, Stack size 24 bytes, foc.o(i.FOCStruct_Init))
<BR><BR>[Stack]<UL><LI>Max Depth = 232<LI>Call Chain = FOCStruct_Init &rArr; Angle_Get &rArr; atan2LUT &rArr; __aeabi_dmul &rArr; _double_epilogue &rArr; _double_round
</UL>
<BR>[Calls]<UL><LI><a href="#[8e]">&gt;&gt;</a>&nbsp;&nbsp;&nbsp;SVPWM_SetZero
<LI><a href="#[6f]">&gt;&gt;</a>&nbsp;&nbsp;&nbsp;Angle_Get
<LI><a href="#[8f]">&gt;&gt;</a>&nbsp;&nbsp;&nbsp;init_PID
</UL>
<BR>[Called By]<UL><LI><a href="#[114]">&gt;&gt;</a>&nbsp;&nbsp;&nbsp;Perip_Initalization
</UL>

<P><STRONG><a name="[90]"></a>FOC_GetSensorTask</STRONG> (Thumb, 130 bytes, Stack size 8 bytes, foc.o(i.FOC_GetSensorTask))
<BR><BR>[Stack]<UL><LI>Max Depth = 224<LI>Call Chain = FOC_GetSensorTask &rArr; Actual_Angle_Acquire &rArr; Angle_Get &rArr; atan2LUT &rArr; __aeabi_dmul &rArr; _double_epilogue &rArr; _double_round
</UL>
<BR>[Calls]<UL><LI><a href="#[91]">&gt;&gt;</a>&nbsp;&nbsp;&nbsp;currentLimit
<LI><a href="#[92]">&gt;&gt;</a>&nbsp;&nbsp;&nbsp;OverDuty_Detect
<LI><a href="#[70]">&gt;&gt;</a>&nbsp;&nbsp;&nbsp;Actual_Current_Acquire
<LI><a href="#[6e]">&gt;&gt;</a>&nbsp;&nbsp;&nbsp;Actual_Angle_Acquire
<LI><a href="#[82]">&gt;&gt;</a>&nbsp;&nbsp;&nbsp;AcquireCurrent
</UL>
<BR>[Called By]<UL><LI><a href="#[4d]">&gt;&gt;</a>&nbsp;&nbsp;&nbsp;FOC_LOGICFuc
</UL>

<P><STRONG><a name="[4d]"></a>FOC_LOGICFuc</STRONG> (Thumb, 38 bytes, Stack size 0 bytes, freertos.o(i.FOC_LOGICFuc))
<BR><BR>[Stack]<UL><LI>Max Depth = 248<LI>Call Chain = FOC_LOGICFuc &rArr; FOC_task &rArr; FOC_Trans &rArr; Actual_Angle_Acquire &rArr; Angle_Get &rArr; atan2LUT &rArr; __aeabi_dmul &rArr; _double_epilogue &rArr; _double_round
</UL>
<BR>[Calls]<UL><LI><a href="#[93]">&gt;&gt;</a>&nbsp;&nbsp;&nbsp;FOC_task
<LI><a href="#[90]">&gt;&gt;</a>&nbsp;&nbsp;&nbsp;FOC_GetSensorTask
<LI><a href="#[81]">&gt;&gt;</a>&nbsp;&nbsp;&nbsp;HAL_ADCEx_Calibration_Start
<LI><a href="#[94]">&gt;&gt;</a>&nbsp;&nbsp;&nbsp;osDelay
<LI><a href="#[77]">&gt;&gt;</a>&nbsp;&nbsp;&nbsp;HAL_ADC_Start_DMA
</UL>
<BR>[Address Reference Count : 1]<UL><LI> freertos.o(.constdata)
</UL>
<P><STRONG><a name="[95]"></a>FOC_Trans</STRONG> (Thumb, 390 bytes, Stack size 24 bytes, foc.o(i.FOC_Trans))
<BR><BR>[Stack]<UL><LI>Max Depth = 240<LI>Call Chain = FOC_Trans &rArr; Actual_Angle_Acquire &rArr; Angle_Get &rArr; atan2LUT &rArr; __aeabi_dmul &rArr; _double_epilogue &rArr; _double_round
</UL>
<BR>[Calls]<UL><LI><a href="#[9c]">&gt;&gt;</a>&nbsp;&nbsp;&nbsp;abc
<LI><a href="#[9d]">&gt;&gt;</a>&nbsp;&nbsp;&nbsp;SPWM
<LI><a href="#[97]">&gt;&gt;</a>&nbsp;&nbsp;&nbsp;tuner_PI
<LI><a href="#[9b]">&gt;&gt;</a>&nbsp;&nbsp;&nbsp;linearize_dtc
<LI><a href="#[9e]">&gt;&gt;</a>&nbsp;&nbsp;&nbsp;Set_HrtimDuty
<LI><a href="#[75]">&gt;&gt;</a>&nbsp;&nbsp;&nbsp;Angle_Control
<LI><a href="#[96]">&gt;&gt;</a>&nbsp;&nbsp;&nbsp;Actual_Speed_Acquire
<LI><a href="#[6e]">&gt;&gt;</a>&nbsp;&nbsp;&nbsp;Actual_Angle_Acquire
<LI><a href="#[78]">&gt;&gt;</a>&nbsp;&nbsp;&nbsp;__aeabi_f2d
<LI><a href="#[62]">&gt;&gt;</a>&nbsp;&nbsp;&nbsp;__aeabi_d2f
<LI><a href="#[9a]">&gt;&gt;</a>&nbsp;&nbsp;&nbsp;limit_norm
<LI><a href="#[98]">&gt;&gt;</a>&nbsp;&nbsp;&nbsp;__hardfp_fmin
<LI><a href="#[99]">&gt;&gt;</a>&nbsp;&nbsp;&nbsp;__hardfp_fmax
</UL>
<BR>[Called By]<UL><LI><a href="#[93]">&gt;&gt;</a>&nbsp;&nbsp;&nbsp;FOC_task
</UL>

<P><STRONG><a name="[93]"></a>FOC_task</STRONG> (Thumb, 78 bytes, Stack size 8 bytes, foc.o(i.FOC_task))
<BR><BR>[Stack]<UL><LI>Max Depth = 248<LI>Call Chain = FOC_task &rArr; FOC_Trans &rArr; Actual_Angle_Acquire &rArr; Angle_Get &rArr; atan2LUT &rArr; __aeabi_dmul &rArr; _double_epilogue &rArr; _double_round
</UL>
<BR>[Calls]<UL><LI><a href="#[8e]">&gt;&gt;</a>&nbsp;&nbsp;&nbsp;SVPWM_SetZero
<LI><a href="#[95]">&gt;&gt;</a>&nbsp;&nbsp;&nbsp;FOC_Trans
<LI><a href="#[9f]">&gt;&gt;</a>&nbsp;&nbsp;&nbsp;Shut_down
</UL>
<BR>[Called By]<UL><LI><a href="#[4d]">&gt;&gt;</a>&nbsp;&nbsp;&nbsp;FOC_LOGICFuc
</UL>

<P><STRONG><a name="[81]"></a>HAL_ADCEx_Calibration_Start</STRONG> (Thumb, 150 bytes, Stack size 24 bytes, stm32f3xx_hal_adc_ex.o(i.HAL_ADCEx_Calibration_Start))
<BR><BR>[Stack]<UL><LI>Max Depth = 40<LI>Call Chain = HAL_ADCEx_Calibration_Start &rArr; ADC_Disable
</UL>
<BR>[Calls]<UL><LI><a href="#[6c]">&gt;&gt;</a>&nbsp;&nbsp;&nbsp;HAL_GetTick
<LI><a href="#[6b]">&gt;&gt;</a>&nbsp;&nbsp;&nbsp;ADC_Disable
</UL>
<BR>[Called By]<UL><LI><a href="#[80]">&gt;&gt;</a>&nbsp;&nbsp;&nbsp;CaliADC
<LI><a href="#[4d]">&gt;&gt;</a>&nbsp;&nbsp;&nbsp;FOC_LOGICFuc
</UL>

<P><STRONG><a name="[a0]"></a>HAL_ADCEx_InjectedConvCpltCallback</STRONG> (Thumb, 2 bytes, Stack size 0 bytes, stm32f3xx_hal_adc_ex.o(i.HAL_ADCEx_InjectedConvCpltCallback))
<BR><BR>[Called By]<UL><LI><a href="#[67]">&gt;&gt;</a>&nbsp;&nbsp;&nbsp;HAL_ADC_IRQHandler
</UL>

<P><STRONG><a name="[a4]"></a>HAL_ADCEx_InjectedQueueOverflowCallback</STRONG> (Thumb, 2 bytes, Stack size 0 bytes, stm32f3xx_hal_adc_ex.o(i.HAL_ADCEx_InjectedQueueOverflowCallback))
<BR><BR>[Called By]<UL><LI><a href="#[67]">&gt;&gt;</a>&nbsp;&nbsp;&nbsp;HAL_ADC_IRQHandler
</UL>

<P><STRONG><a name="[a2]"></a>HAL_ADCEx_LevelOutOfWindow2Callback</STRONG> (Thumb, 2 bytes, Stack size 0 bytes, stm32f3xx_hal_adc_ex.o(i.HAL_ADCEx_LevelOutOfWindow2Callback))
<BR><BR>[Called By]<UL><LI><a href="#[67]">&gt;&gt;</a>&nbsp;&nbsp;&nbsp;HAL_ADC_IRQHandler
</UL>

<P><STRONG><a name="[a3]"></a>HAL_ADCEx_LevelOutOfWindow3Callback</STRONG> (Thumb, 2 bytes, Stack size 0 bytes, stm32f3xx_hal_adc_ex.o(i.HAL_ADCEx_LevelOutOfWindow3Callback))
<BR><BR>[Called By]<UL><LI><a href="#[67]">&gt;&gt;</a>&nbsp;&nbsp;&nbsp;HAL_ADC_IRQHandler
</UL>

<P><STRONG><a name="[fd]"></a>HAL_ADCEx_MultiModeConfigChannel</STRONG> (Thumb, 214 bytes, Stack size 96 bytes, stm32f3xx_hal_adc_ex.o(i.HAL_ADCEx_MultiModeConfigChannel))
<BR><BR>[Stack]<UL><LI>Max Depth = 96<LI>Call Chain = HAL_ADCEx_MultiModeConfigChannel
</UL>
<BR>[Called By]<UL><LI><a href="#[fc]">&gt;&gt;</a>&nbsp;&nbsp;&nbsp;MX_ADC1_Init
</UL>

<P><STRONG><a name="[fe]"></a>HAL_ADC_ConfigChannel</STRONG> (Thumb, 828 bytes, Stack size 100 bytes, stm32f3xx_hal_adc_ex.o(i.HAL_ADC_ConfigChannel))
<BR><BR>[Stack]<UL><LI>Max Depth = 100<LI>Call Chain = HAL_ADC_ConfigChannel
</UL>
<BR>[Called By]<UL><LI><a href="#[ff]">&gt;&gt;</a>&nbsp;&nbsp;&nbsp;MX_ADC2_Init
<LI><a href="#[fc]">&gt;&gt;</a>&nbsp;&nbsp;&nbsp;MX_ADC1_Init
</UL>

<P><STRONG><a name="[68]"></a>HAL_ADC_ConvCpltCallback</STRONG> (Thumb, 2 bytes, Stack size 0 bytes, stm32f3xx_hal_adc.o(i.HAL_ADC_ConvCpltCallback))
<BR><BR>[Called By]<UL><LI><a href="#[67]">&gt;&gt;</a>&nbsp;&nbsp;&nbsp;HAL_ADC_IRQHandler
<LI><a href="#[40]">&gt;&gt;</a>&nbsp;&nbsp;&nbsp;ADC_DMAConvCplt
</UL>

<P><STRONG><a name="[6a]"></a>HAL_ADC_ConvHalfCpltCallback</STRONG> (Thumb, 2 bytes, Stack size 0 bytes, stm32f3xx_hal_adc.o(i.HAL_ADC_ConvHalfCpltCallback))
<BR><BR>[Called By]<UL><LI><a href="#[41]">&gt;&gt;</a>&nbsp;&nbsp;&nbsp;ADC_DMAHalfConvCplt
</UL>

<P><STRONG><a name="[69]"></a>HAL_ADC_ErrorCallback</STRONG> (Thumb, 2 bytes, Stack size 0 bytes, stm32f3xx_hal_adc.o(i.HAL_ADC_ErrorCallback))
<BR><BR>[Called By]<UL><LI><a href="#[67]">&gt;&gt;</a>&nbsp;&nbsp;&nbsp;HAL_ADC_IRQHandler
<LI><a href="#[42]">&gt;&gt;</a>&nbsp;&nbsp;&nbsp;ADC_DMAError
</UL>

<P><STRONG><a name="[67]"></a>HAL_ADC_IRQHandler</STRONG> (Thumb, 612 bytes, Stack size 16 bytes, stm32f3xx_hal_adc_ex.o(i.HAL_ADC_IRQHandler))
<BR><BR>[Stack]<UL><LI>Max Depth = 16<LI>Call Chain = HAL_ADC_IRQHandler
</UL>
<BR>[Calls]<UL><LI><a href="#[a3]">&gt;&gt;</a>&nbsp;&nbsp;&nbsp;HAL_ADCEx_LevelOutOfWindow3Callback
<LI><a href="#[a2]">&gt;&gt;</a>&nbsp;&nbsp;&nbsp;HAL_ADCEx_LevelOutOfWindow2Callback
<LI><a href="#[a4]">&gt;&gt;</a>&nbsp;&nbsp;&nbsp;HAL_ADCEx_InjectedQueueOverflowCallback
<LI><a href="#[a0]">&gt;&gt;</a>&nbsp;&nbsp;&nbsp;HAL_ADCEx_InjectedConvCpltCallback
<LI><a href="#[a1]">&gt;&gt;</a>&nbsp;&nbsp;&nbsp;HAL_ADC_LevelOutOfWindowCallback
<LI><a href="#[69]">&gt;&gt;</a>&nbsp;&nbsp;&nbsp;HAL_ADC_ErrorCallback
<LI><a href="#[68]">&gt;&gt;</a>&nbsp;&nbsp;&nbsp;HAL_ADC_ConvCpltCallback
</UL>
<BR>[Called By]<UL><LI><a href="#[1d]">&gt;&gt;</a>&nbsp;&nbsp;&nbsp;ADC1_2_IRQHandler
</UL>

<P><STRONG><a name="[a5]"></a>HAL_ADC_Init</STRONG> (Thumb, 460 bytes, Stack size 104 bytes, stm32f3xx_hal_adc_ex.o(i.HAL_ADC_Init))
<BR><BR>[Stack]<UL><LI>Max Depth = 200<LI>Call Chain = HAL_ADC_Init &rArr; HAL_ADC_MspInit &rArr; HAL_GPIO_Init
</UL>
<BR>[Calls]<UL><LI><a href="#[a6]">&gt;&gt;</a>&nbsp;&nbsp;&nbsp;HAL_ADC_MspInit
<LI><a href="#[6b]">&gt;&gt;</a>&nbsp;&nbsp;&nbsp;ADC_Disable
</UL>
<BR>[Called By]<UL><LI><a href="#[ff]">&gt;&gt;</a>&nbsp;&nbsp;&nbsp;MX_ADC2_Init
<LI><a href="#[fc]">&gt;&gt;</a>&nbsp;&nbsp;&nbsp;MX_ADC1_Init
</UL>

<P><STRONG><a name="[a1]"></a>HAL_ADC_LevelOutOfWindowCallback</STRONG> (Thumb, 2 bytes, Stack size 0 bytes, stm32f3xx_hal_adc.o(i.HAL_ADC_LevelOutOfWindowCallback))
<BR><BR>[Called By]<UL><LI><a href="#[67]">&gt;&gt;</a>&nbsp;&nbsp;&nbsp;HAL_ADC_IRQHandler
</UL>

<P><STRONG><a name="[a6]"></a>HAL_ADC_MspInit</STRONG> (Thumb, 260 bytes, Stack size 56 bytes, adc.o(i.HAL_ADC_MspInit))
<BR><BR>[Stack]<UL><LI>Max Depth = 96<LI>Call Chain = HAL_ADC_MspInit &rArr; HAL_GPIO_Init
</UL>
<BR>[Calls]<UL><LI><a href="#[a9]">&gt;&gt;</a>&nbsp;&nbsp;&nbsp;HAL_NVIC_SetPriority
<LI><a href="#[aa]">&gt;&gt;</a>&nbsp;&nbsp;&nbsp;HAL_NVIC_EnableIRQ
<LI><a href="#[ab]">&gt;&gt;</a>&nbsp;&nbsp;&nbsp;HAL_DMA_Init
<LI><a href="#[a8]">&gt;&gt;</a>&nbsp;&nbsp;&nbsp;HAL_GPIO_Init
<LI><a href="#[ac]">&gt;&gt;</a>&nbsp;&nbsp;&nbsp;Error_Handler
<LI><a href="#[a7]">&gt;&gt;</a>&nbsp;&nbsp;&nbsp;__aeabi_memclr4
</UL>
<BR>[Called By]<UL><LI><a href="#[a5]">&gt;&gt;</a>&nbsp;&nbsp;&nbsp;HAL_ADC_Init
</UL>

<P><STRONG><a name="[77]"></a>HAL_ADC_Start_DMA</STRONG> (Thumb, 246 bytes, Stack size 32 bytes, stm32f3xx_hal_adc_ex.o(i.HAL_ADC_Start_DMA))
<BR><BR>[Stack]<UL><LI>Max Depth = 60<LI>Call Chain = HAL_ADC_Start_DMA &rArr; HAL_DMA_Start_IT &rArr; DMA_SetConfig
</UL>
<BR>[Calls]<UL><LI><a href="#[ad]">&gt;&gt;</a>&nbsp;&nbsp;&nbsp;HAL_DMA_Start_IT
<LI><a href="#[6d]">&gt;&gt;</a>&nbsp;&nbsp;&nbsp;ADC_Enable
</UL>
<BR>[Called By]<UL><LI><a href="#[6f]">&gt;&gt;</a>&nbsp;&nbsp;&nbsp;Angle_Get
<LI><a href="#[4d]">&gt;&gt;</a>&nbsp;&nbsp;&nbsp;FOC_LOGICFuc
</UL>

<P><STRONG><a name="[115]"></a>HAL_CAN_ActivateNotification</STRONG> (Thumb, 36 bytes, Stack size 0 bytes, stm32f3xx_hal_can.o(i.HAL_CAN_ActivateNotification))
<BR><BR>[Called By]<UL><LI><a href="#[114]">&gt;&gt;</a>&nbsp;&nbsp;&nbsp;Perip_Initalization
</UL>

<P><STRONG><a name="[bf]"></a>HAL_CAN_AddTxMessage</STRONG> (Thumb, 200 bytes, Stack size 20 bytes, stm32f3xx_hal_can.o(i.HAL_CAN_AddTxMessage))
<BR><BR>[Stack]<UL><LI>Max Depth = 20<LI>Call Chain = HAL_CAN_AddTxMessage
</UL>
<BR>[Called By]<UL><LI><a href="#[b5]">&gt;&gt;</a>&nbsp;&nbsp;&nbsp;HAL_CAN_RxFifo0MsgPendingCallback
</UL>

<P><STRONG><a name="[7b]"></a>HAL_CAN_ConfigFilter</STRONG> (Thumb, 238 bytes, Stack size 8 bytes, stm32f3xx_hal_can.o(i.HAL_CAN_ConfigFilter))
<BR><BR>[Stack]<UL><LI>Max Depth = 8<LI>Call Chain = HAL_CAN_ConfigFilter
</UL>
<BR>[Called By]<UL><LI><a href="#[7a]">&gt;&gt;</a>&nbsp;&nbsp;&nbsp;CAN_FilterInit
</UL>

<P><STRONG><a name="[ba]"></a>HAL_CAN_ErrorCallback</STRONG> (Thumb, 2 bytes, Stack size 0 bytes, stm32f3xx_hal_can.o(i.HAL_CAN_ErrorCallback))
<BR><BR>[Called By]<UL><LI><a href="#[7c]">&gt;&gt;</a>&nbsp;&nbsp;&nbsp;HAL_CAN_IRQHandler
</UL>

<P><STRONG><a name="[bd]"></a>HAL_CAN_GetRxMessage</STRONG> (Thumb, 232 bytes, Stack size 12 bytes, stm32f3xx_hal_can.o(i.HAL_CAN_GetRxMessage))
<BR><BR>[Stack]<UL><LI>Max Depth = 12<LI>Call Chain = HAL_CAN_GetRxMessage
</UL>
<BR>[Called By]<UL><LI><a href="#[b5]">&gt;&gt;</a>&nbsp;&nbsp;&nbsp;HAL_CAN_RxFifo0MsgPendingCallback
</UL>

<P><STRONG><a name="[7c]"></a>HAL_CAN_IRQHandler</STRONG> (Thumb, 508 bytes, Stack size 40 bytes, stm32f3xx_hal_can.o(i.HAL_CAN_IRQHandler))
<BR><BR>[Stack]<UL><LI>Max Depth = 344<LI>Call Chain = HAL_CAN_IRQHandler &rArr; HAL_CAN_RxFifo0MsgPendingCallback &rArr; Massage_Process &rArr; Write_FOC_ID &rArr; HAL_FLASH_Program &rArr; FLASH_WaitForLastOperation
</UL>
<BR>[Calls]<UL><LI><a href="#[b5]">&gt;&gt;</a>&nbsp;&nbsp;&nbsp;HAL_CAN_RxFifo0MsgPendingCallback
<LI><a href="#[b9]">&gt;&gt;</a>&nbsp;&nbsp;&nbsp;HAL_CAN_WakeUpFromRxMsgCallback
<LI><a href="#[b2]">&gt;&gt;</a>&nbsp;&nbsp;&nbsp;HAL_CAN_TxMailbox2CompleteCallback
<LI><a href="#[b3]">&gt;&gt;</a>&nbsp;&nbsp;&nbsp;HAL_CAN_TxMailbox2AbortCallback
<LI><a href="#[b0]">&gt;&gt;</a>&nbsp;&nbsp;&nbsp;HAL_CAN_TxMailbox1CompleteCallback
<LI><a href="#[b1]">&gt;&gt;</a>&nbsp;&nbsp;&nbsp;HAL_CAN_TxMailbox1AbortCallback
<LI><a href="#[ae]">&gt;&gt;</a>&nbsp;&nbsp;&nbsp;HAL_CAN_TxMailbox0CompleteCallback
<LI><a href="#[af]">&gt;&gt;</a>&nbsp;&nbsp;&nbsp;HAL_CAN_TxMailbox0AbortCallback
<LI><a href="#[b8]">&gt;&gt;</a>&nbsp;&nbsp;&nbsp;HAL_CAN_SleepCallback
<LI><a href="#[b7]">&gt;&gt;</a>&nbsp;&nbsp;&nbsp;HAL_CAN_RxFifo1MsgPendingCallback
<LI><a href="#[b6]">&gt;&gt;</a>&nbsp;&nbsp;&nbsp;HAL_CAN_RxFifo1FullCallback
<LI><a href="#[b4]">&gt;&gt;</a>&nbsp;&nbsp;&nbsp;HAL_CAN_RxFifo0FullCallback
<LI><a href="#[ba]">&gt;&gt;</a>&nbsp;&nbsp;&nbsp;HAL_CAN_ErrorCallback
</UL>
<BR>[Called By]<UL><LI><a href="#[1f]">&gt;&gt;</a>&nbsp;&nbsp;&nbsp;CAN_RX0_IRQHandler
</UL>

<P><STRONG><a name="[bb]"></a>HAL_CAN_Init</STRONG> (Thumb, 282 bytes, Stack size 16 bytes, stm32f3xx_hal_can.o(i.HAL_CAN_Init))
<BR><BR>[Stack]<UL><LI>Max Depth = 88<LI>Call Chain = HAL_CAN_Init &rArr; HAL_CAN_MspInit &rArr; HAL_GPIO_Init
</UL>
<BR>[Calls]<UL><LI><a href="#[bc]">&gt;&gt;</a>&nbsp;&nbsp;&nbsp;HAL_CAN_MspInit
<LI><a href="#[6c]">&gt;&gt;</a>&nbsp;&nbsp;&nbsp;HAL_GetTick
</UL>
<BR>[Called By]<UL><LI><a href="#[100]">&gt;&gt;</a>&nbsp;&nbsp;&nbsp;MX_CAN_Init
</UL>

<P><STRONG><a name="[bc]"></a>HAL_CAN_MspInit</STRONG> (Thumb, 106 bytes, Stack size 32 bytes, can.o(i.HAL_CAN_MspInit))
<BR><BR>[Stack]<UL><LI>Max Depth = 72<LI>Call Chain = HAL_CAN_MspInit &rArr; HAL_GPIO_Init
</UL>
<BR>[Calls]<UL><LI><a href="#[a9]">&gt;&gt;</a>&nbsp;&nbsp;&nbsp;HAL_NVIC_SetPriority
<LI><a href="#[aa]">&gt;&gt;</a>&nbsp;&nbsp;&nbsp;HAL_NVIC_EnableIRQ
<LI><a href="#[a8]">&gt;&gt;</a>&nbsp;&nbsp;&nbsp;HAL_GPIO_Init
<LI><a href="#[a7]">&gt;&gt;</a>&nbsp;&nbsp;&nbsp;__aeabi_memclr4
</UL>
<BR>[Called By]<UL><LI><a href="#[bb]">&gt;&gt;</a>&nbsp;&nbsp;&nbsp;HAL_CAN_Init
</UL>

<P><STRONG><a name="[b4]"></a>HAL_CAN_RxFifo0FullCallback</STRONG> (Thumb, 2 bytes, Stack size 0 bytes, stm32f3xx_hal_can.o(i.HAL_CAN_RxFifo0FullCallback))
<BR><BR>[Called By]<UL><LI><a href="#[7c]">&gt;&gt;</a>&nbsp;&nbsp;&nbsp;HAL_CAN_IRQHandler
</UL>

<P><STRONG><a name="[b5]"></a>HAL_CAN_RxFifo0MsgPendingCallback</STRONG> (Thumb, 52 bytes, Stack size 8 bytes, communication.o(i.HAL_CAN_RxFifo0MsgPendingCallback))
<BR><BR>[Stack]<UL><LI>Max Depth = 304<LI>Call Chain = HAL_CAN_RxFifo0MsgPendingCallback &rArr; Massage_Process &rArr; Write_FOC_ID &rArr; HAL_FLASH_Program &rArr; FLASH_WaitForLastOperation
</UL>
<BR>[Calls]<UL><LI><a href="#[bd]">&gt;&gt;</a>&nbsp;&nbsp;&nbsp;HAL_CAN_GetRxMessage
<LI><a href="#[bf]">&gt;&gt;</a>&nbsp;&nbsp;&nbsp;HAL_CAN_AddTxMessage
<LI><a href="#[be]">&gt;&gt;</a>&nbsp;&nbsp;&nbsp;Massage_Process
</UL>
<BR>[Called By]<UL><LI><a href="#[7c]">&gt;&gt;</a>&nbsp;&nbsp;&nbsp;HAL_CAN_IRQHandler
</UL>

<P><STRONG><a name="[b6]"></a>HAL_CAN_RxFifo1FullCallback</STRONG> (Thumb, 2 bytes, Stack size 0 bytes, stm32f3xx_hal_can.o(i.HAL_CAN_RxFifo1FullCallback))
<BR><BR>[Called By]<UL><LI><a href="#[7c]">&gt;&gt;</a>&nbsp;&nbsp;&nbsp;HAL_CAN_IRQHandler
</UL>

<P><STRONG><a name="[b7]"></a>HAL_CAN_RxFifo1MsgPendingCallback</STRONG> (Thumb, 2 bytes, Stack size 0 bytes, stm32f3xx_hal_can.o(i.HAL_CAN_RxFifo1MsgPendingCallback))
<BR><BR>[Called By]<UL><LI><a href="#[7c]">&gt;&gt;</a>&nbsp;&nbsp;&nbsp;HAL_CAN_IRQHandler
</UL>

<P><STRONG><a name="[b8]"></a>HAL_CAN_SleepCallback</STRONG> (Thumb, 2 bytes, Stack size 0 bytes, stm32f3xx_hal_can.o(i.HAL_CAN_SleepCallback))
<BR><BR>[Called By]<UL><LI><a href="#[7c]">&gt;&gt;</a>&nbsp;&nbsp;&nbsp;HAL_CAN_IRQHandler
</UL>

<P><STRONG><a name="[c0]"></a>HAL_CAN_Start</STRONG> (Thumb, 88 bytes, Stack size 16 bytes, stm32f3xx_hal_can.o(i.HAL_CAN_Start))
<BR><BR>[Stack]<UL><LI>Max Depth = 16<LI>Call Chain = HAL_CAN_Start
</UL>
<BR>[Calls]<UL><LI><a href="#[6c]">&gt;&gt;</a>&nbsp;&nbsp;&nbsp;HAL_GetTick
</UL>
<BR>[Called By]<UL><LI><a href="#[114]">&gt;&gt;</a>&nbsp;&nbsp;&nbsp;Perip_Initalization
</UL>

<P><STRONG><a name="[af]"></a>HAL_CAN_TxMailbox0AbortCallback</STRONG> (Thumb, 2 bytes, Stack size 0 bytes, stm32f3xx_hal_can.o(i.HAL_CAN_TxMailbox0AbortCallback))
<BR><BR>[Called By]<UL><LI><a href="#[7c]">&gt;&gt;</a>&nbsp;&nbsp;&nbsp;HAL_CAN_IRQHandler
</UL>

<P><STRONG><a name="[ae]"></a>HAL_CAN_TxMailbox0CompleteCallback</STRONG> (Thumb, 2 bytes, Stack size 0 bytes, stm32f3xx_hal_can.o(i.HAL_CAN_TxMailbox0CompleteCallback))
<BR><BR>[Called By]<UL><LI><a href="#[7c]">&gt;&gt;</a>&nbsp;&nbsp;&nbsp;HAL_CAN_IRQHandler
</UL>

<P><STRONG><a name="[b1]"></a>HAL_CAN_TxMailbox1AbortCallback</STRONG> (Thumb, 2 bytes, Stack size 0 bytes, stm32f3xx_hal_can.o(i.HAL_CAN_TxMailbox1AbortCallback))
<BR><BR>[Called By]<UL><LI><a href="#[7c]">&gt;&gt;</a>&nbsp;&nbsp;&nbsp;HAL_CAN_IRQHandler
</UL>

<P><STRONG><a name="[b0]"></a>HAL_CAN_TxMailbox1CompleteCallback</STRONG> (Thumb, 2 bytes, Stack size 0 bytes, stm32f3xx_hal_can.o(i.HAL_CAN_TxMailbox1CompleteCallback))
<BR><BR>[Called By]<UL><LI><a href="#[7c]">&gt;&gt;</a>&nbsp;&nbsp;&nbsp;HAL_CAN_IRQHandler
</UL>

<P><STRONG><a name="[b3]"></a>HAL_CAN_TxMailbox2AbortCallback</STRONG> (Thumb, 2 bytes, Stack size 0 bytes, stm32f3xx_hal_can.o(i.HAL_CAN_TxMailbox2AbortCallback))
<BR><BR>[Called By]<UL><LI><a href="#[7c]">&gt;&gt;</a>&nbsp;&nbsp;&nbsp;HAL_CAN_IRQHandler
</UL>

<P><STRONG><a name="[b2]"></a>HAL_CAN_TxMailbox2CompleteCallback</STRONG> (Thumb, 2 bytes, Stack size 0 bytes, stm32f3xx_hal_can.o(i.HAL_CAN_TxMailbox2CompleteCallback))
<BR><BR>[Called By]<UL><LI><a href="#[7c]">&gt;&gt;</a>&nbsp;&nbsp;&nbsp;HAL_CAN_IRQHandler
</UL>

<P><STRONG><a name="[b9]"></a>HAL_CAN_WakeUpFromRxMsgCallback</STRONG> (Thumb, 2 bytes, Stack size 0 bytes, stm32f3xx_hal_can.o(i.HAL_CAN_WakeUpFromRxMsgCallback))
<BR><BR>[Called By]<UL><LI><a href="#[7c]">&gt;&gt;</a>&nbsp;&nbsp;&nbsp;HAL_CAN_IRQHandler
</UL>

<P><STRONG><a name="[ed]"></a>HAL_DMA_Abort_IT</STRONG> (Thumb, 74 bytes, Stack size 8 bytes, stm32f3xx_hal_dma.o(i.HAL_DMA_Abort_IT))
<BR><BR>[Stack]<UL><LI>Max Depth = 8<LI>Call Chain = HAL_DMA_Abort_IT
</UL>
<BR>[Called By]<UL><LI><a href="#[eb]">&gt;&gt;</a>&nbsp;&nbsp;&nbsp;HAL_UART_IRQHandler
</UL>

<P><STRONG><a name="[86]"></a>HAL_DMA_IRQHandler</STRONG> (Thumb, 168 bytes, Stack size 16 bytes, stm32f3xx_hal_dma.o(i.HAL_DMA_IRQHandler))
<BR><BR>[Stack]<UL><LI>Max Depth = 16<LI>Call Chain = HAL_DMA_IRQHandler
</UL>
<BR>[Called By]<UL><LI><a href="#[1a]">&gt;&gt;</a>&nbsp;&nbsp;&nbsp;DMA1_Channel5_IRQHandler
<LI><a href="#[19]">&gt;&gt;</a>&nbsp;&nbsp;&nbsp;DMA1_Channel4_IRQHandler
<LI><a href="#[17]">&gt;&gt;</a>&nbsp;&nbsp;&nbsp;DMA1_Channel2_IRQHandler
<LI><a href="#[16]">&gt;&gt;</a>&nbsp;&nbsp;&nbsp;DMA1_Channel1_IRQHandler
</UL>

<P><STRONG><a name="[ab]"></a>HAL_DMA_Init</STRONG> (Thumb, 78 bytes, Stack size 16 bytes, stm32f3xx_hal_dma.o(i.HAL_DMA_Init))
<BR><BR>[Stack]<UL><LI>Max Depth = 16<LI>Call Chain = HAL_DMA_Init
</UL>
<BR>[Calls]<UL><LI><a href="#[c1]">&gt;&gt;</a>&nbsp;&nbsp;&nbsp;DMA_CalcBaseAndBitshift
</UL>
<BR>[Called By]<UL><LI><a href="#[f2]">&gt;&gt;</a>&nbsp;&nbsp;&nbsp;HAL_UART_MspInit
<LI><a href="#[a6]">&gt;&gt;</a>&nbsp;&nbsp;&nbsp;HAL_ADC_MspInit
</UL>

<P><STRONG><a name="[ad]"></a>HAL_DMA_Start_IT</STRONG> (Thumb, 112 bytes, Stack size 16 bytes, stm32f3xx_hal_dma.o(i.HAL_DMA_Start_IT))
<BR><BR>[Stack]<UL><LI>Max Depth = 28<LI>Call Chain = HAL_DMA_Start_IT &rArr; DMA_SetConfig
</UL>
<BR>[Calls]<UL><LI><a href="#[c2]">&gt;&gt;</a>&nbsp;&nbsp;&nbsp;DMA_SetConfig
</UL>
<BR>[Called By]<UL><LI><a href="#[8a]">&gt;&gt;</a>&nbsp;&nbsp;&nbsp;HAL_UART_Transmit_DMA
<LI><a href="#[77]">&gt;&gt;</a>&nbsp;&nbsp;&nbsp;HAL_ADC_Start_DMA
</UL>

<P><STRONG><a name="[c3]"></a>HAL_Delay</STRONG> (Thumb, 32 bytes, Stack size 16 bytes, stm32f3xx_hal.o(i.HAL_Delay))
<BR><BR>[Stack]<UL><LI>Max Depth = 16<LI>Call Chain = HAL_Delay
</UL>
<BR>[Calls]<UL><LI><a href="#[6c]">&gt;&gt;</a>&nbsp;&nbsp;&nbsp;HAL_GetTick
</UL>
<BR>[Called By]<UL><LI><a href="#[114]">&gt;&gt;</a>&nbsp;&nbsp;&nbsp;Perip_Initalization
</UL>

<P><STRONG><a name="[c4]"></a>HAL_FLASHEx_Erase</STRONG> (Thumb, 158 bytes, Stack size 32 bytes, stm32f3xx_hal_flash_ex.o(i.HAL_FLASHEx_Erase))
<BR><BR>[Stack]<UL><LI>Max Depth = 48<LI>Call Chain = HAL_FLASHEx_Erase &rArr; FLASH_WaitForLastOperation
</UL>
<BR>[Calls]<UL><LI><a href="#[c5]">&gt;&gt;</a>&nbsp;&nbsp;&nbsp;FLASH_MassErase
<LI><a href="#[c6]">&gt;&gt;</a>&nbsp;&nbsp;&nbsp;FLASH_PageErase
<LI><a href="#[8b]">&gt;&gt;</a>&nbsp;&nbsp;&nbsp;FLASH_WaitForLastOperation
</UL>
<BR>[Called By]<UL><LI><a href="#[111]">&gt;&gt;</a>&nbsp;&nbsp;&nbsp;Write_FOC_ID
</UL>

<P><STRONG><a name="[122]"></a>HAL_FLASH_Lock</STRONG> (Thumb, 14 bytes, Stack size 0 bytes, stm32f3xx_hal_flash.o(i.HAL_FLASH_Lock))
<BR><BR>[Called By]<UL><LI><a href="#[111]">&gt;&gt;</a>&nbsp;&nbsp;&nbsp;Write_FOC_ID
</UL>

<P><STRONG><a name="[c7]"></a>HAL_FLASH_Program</STRONG> (Thumb, 120 bytes, Stack size 40 bytes, stm32f3xx_hal_flash.o(i.HAL_FLASH_Program))
<BR><BR>[Stack]<UL><LI>Max Depth = 56<LI>Call Chain = HAL_FLASH_Program &rArr; FLASH_WaitForLastOperation
</UL>
<BR>[Calls]<UL><LI><a href="#[8b]">&gt;&gt;</a>&nbsp;&nbsp;&nbsp;FLASH_WaitForLastOperation
<LI><a href="#[c8]">&gt;&gt;</a>&nbsp;&nbsp;&nbsp;FLASH_Program_HalfWord
<LI><a href="#[54]">&gt;&gt;</a>&nbsp;&nbsp;&nbsp;__aeabi_llsr
</UL>
<BR>[Called By]<UL><LI><a href="#[111]">&gt;&gt;</a>&nbsp;&nbsp;&nbsp;Write_FOC_ID
</UL>

<P><STRONG><a name="[121]"></a>HAL_FLASH_Unlock</STRONG> (Thumb, 28 bytes, Stack size 0 bytes, stm32f3xx_hal_flash.o(i.HAL_FLASH_Unlock))
<BR><BR>[Called By]<UL><LI><a href="#[111]">&gt;&gt;</a>&nbsp;&nbsp;&nbsp;Write_FOC_ID
</UL>

<P><STRONG><a name="[a8]"></a>HAL_GPIO_Init</STRONG> (Thumb, 358 bytes, Stack size 40 bytes, stm32f3xx_hal_gpio.o(i.HAL_GPIO_Init))
<BR><BR>[Stack]<UL><LI>Max Depth = 40<LI>Call Chain = HAL_GPIO_Init
</UL>
<BR>[Called By]<UL><LI><a href="#[f2]">&gt;&gt;</a>&nbsp;&nbsp;&nbsp;HAL_UART_MspInit
<LI><a href="#[cb]">&gt;&gt;</a>&nbsp;&nbsp;&nbsp;HAL_HRTIM_MspPostInit
<LI><a href="#[bc]">&gt;&gt;</a>&nbsp;&nbsp;&nbsp;HAL_CAN_MspInit
<LI><a href="#[a6]">&gt;&gt;</a>&nbsp;&nbsp;&nbsp;HAL_ADC_MspInit
<LI><a href="#[105]">&gt;&gt;</a>&nbsp;&nbsp;&nbsp;MX_GPIO_Init
</UL>

<P><STRONG><a name="[11a]"></a>HAL_GPIO_TogglePin</STRONG> (Thumb, 12 bytes, Stack size 0 bytes, stm32f3xx_hal_gpio.o(i.HAL_GPIO_TogglePin))
<BR><BR>[Called By]<UL><LI><a href="#[4c]">&gt;&gt;</a>&nbsp;&nbsp;&nbsp;StartDefaultTask
</UL>

<P><STRONG><a name="[106]"></a>HAL_GPIO_WritePin</STRONG> (Thumb, 10 bytes, Stack size 0 bytes, stm32f3xx_hal_gpio.o(i.HAL_GPIO_WritePin))
<BR><BR>[Called By]<UL><LI><a href="#[113]">&gt;&gt;</a>&nbsp;&nbsp;&nbsp;Stop_Drv8302
<LI><a href="#[fb]">&gt;&gt;</a>&nbsp;&nbsp;&nbsp;Start_Drv8302
<LI><a href="#[105]">&gt;&gt;</a>&nbsp;&nbsp;&nbsp;MX_GPIO_Init
</UL>

<P><STRONG><a name="[6c]"></a>HAL_GetTick</STRONG> (Thumb, 6 bytes, Stack size 0 bytes, stm32f3xx_hal.o(i.HAL_GetTick))
<BR><BR>[Called By]<UL><LI><a href="#[81]">&gt;&gt;</a>&nbsp;&nbsp;&nbsp;HAL_ADCEx_Calibration_Start
<LI><a href="#[cc]">&gt;&gt;</a>&nbsp;&nbsp;&nbsp;HAL_HRTIM_PollForDLLCalibration
<LI><a href="#[bb]">&gt;&gt;</a>&nbsp;&nbsp;&nbsp;HAL_CAN_Init
<LI><a href="#[de]">&gt;&gt;</a>&nbsp;&nbsp;&nbsp;HAL_RCC_OscConfig
<LI><a href="#[dc]">&gt;&gt;</a>&nbsp;&nbsp;&nbsp;HAL_RCC_ClockConfig
<LI><a href="#[db]">&gt;&gt;</a>&nbsp;&nbsp;&nbsp;HAL_RCCEx_PeriphCLKConfig
<LI><a href="#[c3]">&gt;&gt;</a>&nbsp;&nbsp;&nbsp;HAL_Delay
<LI><a href="#[c0]">&gt;&gt;</a>&nbsp;&nbsp;&nbsp;HAL_CAN_Start
<LI><a href="#[6d]">&gt;&gt;</a>&nbsp;&nbsp;&nbsp;ADC_Enable
<LI><a href="#[6b]">&gt;&gt;</a>&nbsp;&nbsp;&nbsp;ADC_Disable
<LI><a href="#[8b]">&gt;&gt;</a>&nbsp;&nbsp;&nbsp;FLASH_WaitForLastOperation
<LI><a href="#[11d]">&gt;&gt;</a>&nbsp;&nbsp;&nbsp;UART_WaitOnFlagUntilTimeout
<LI><a href="#[f5]">&gt;&gt;</a>&nbsp;&nbsp;&nbsp;UART_CheckIdleState
</UL>

<P><STRONG><a name="[108]"></a>HAL_HRTIM_DLLCalibrationStart</STRONG> (Thumb, 92 bytes, Stack size 0 bytes, stm32f3xx_hal_hrtim.o(i.HAL_HRTIM_DLLCalibrationStart))
<BR><BR>[Called By]<UL><LI><a href="#[107]">&gt;&gt;</a>&nbsp;&nbsp;&nbsp;MX_HRTIM1_Init
</UL>

<P><STRONG><a name="[c9]"></a>HAL_HRTIM_Init</STRONG> (Thumb, 180 bytes, Stack size 16 bytes, stm32f3xx_hal_hrtim.o(i.HAL_HRTIM_Init))
<BR><BR>[Stack]<UL><LI>Max Depth = 24<LI>Call Chain = HAL_HRTIM_Init &rArr; HAL_HRTIM_MspInit
</UL>
<BR>[Calls]<UL><LI><a href="#[ca]">&gt;&gt;</a>&nbsp;&nbsp;&nbsp;HAL_HRTIM_MspInit
</UL>
<BR>[Called By]<UL><LI><a href="#[107]">&gt;&gt;</a>&nbsp;&nbsp;&nbsp;MX_HRTIM1_Init
</UL>

<P><STRONG><a name="[ca]"></a>HAL_HRTIM_MspInit</STRONG> (Thumb, 30 bytes, Stack size 8 bytes, hrtim.o(i.HAL_HRTIM_MspInit))
<BR><BR>[Stack]<UL><LI>Max Depth = 8<LI>Call Chain = HAL_HRTIM_MspInit
</UL>
<BR>[Called By]<UL><LI><a href="#[c9]">&gt;&gt;</a>&nbsp;&nbsp;&nbsp;HAL_HRTIM_Init
</UL>

<P><STRONG><a name="[cb]"></a>HAL_HRTIM_MspPostInit</STRONG> (Thumb, 76 bytes, Stack size 32 bytes, hrtim.o(i.HAL_HRTIM_MspPostInit))
<BR><BR>[Stack]<UL><LI>Max Depth = 72<LI>Call Chain = HAL_HRTIM_MspPostInit &rArr; HAL_GPIO_Init
</UL>
<BR>[Calls]<UL><LI><a href="#[a8]">&gt;&gt;</a>&nbsp;&nbsp;&nbsp;HAL_GPIO_Init
<LI><a href="#[a7]">&gt;&gt;</a>&nbsp;&nbsp;&nbsp;__aeabi_memclr4
</UL>
<BR>[Called By]<UL><LI><a href="#[107]">&gt;&gt;</a>&nbsp;&nbsp;&nbsp;MX_HRTIM1_Init
</UL>

<P><STRONG><a name="[cc]"></a>HAL_HRTIM_PollForDLLCalibration</STRONG> (Thumb, 66 bytes, Stack size 16 bytes, stm32f3xx_hal_hrtim.o(i.HAL_HRTIM_PollForDLLCalibration))
<BR><BR>[Stack]<UL><LI>Max Depth = 16<LI>Call Chain = HAL_HRTIM_PollForDLLCalibration
</UL>
<BR>[Calls]<UL><LI><a href="#[6c]">&gt;&gt;</a>&nbsp;&nbsp;&nbsp;HAL_GetTick
</UL>
<BR>[Called By]<UL><LI><a href="#[107]">&gt;&gt;</a>&nbsp;&nbsp;&nbsp;MX_HRTIM1_Init
</UL>

<P><STRONG><a name="[109]"></a>HAL_HRTIM_TimeBaseConfig</STRONG> (Thumb, 122 bytes, Stack size 16 bytes, stm32f3xx_hal_hrtim.o(i.HAL_HRTIM_TimeBaseConfig))
<BR><BR>[Stack]<UL><LI>Max Depth = 16<LI>Call Chain = HAL_HRTIM_TimeBaseConfig
</UL>
<BR>[Called By]<UL><LI><a href="#[107]">&gt;&gt;</a>&nbsp;&nbsp;&nbsp;MX_HRTIM1_Init
</UL>

<P><STRONG><a name="[10a]"></a>HAL_HRTIM_WaveformCompareConfig</STRONG> (Thumb, 308 bytes, Stack size 36 bytes, stm32f3xx_hal_hrtim.o(i.HAL_HRTIM_WaveformCompareConfig))
<BR><BR>[Stack]<UL><LI>Max Depth = 36<LI>Call Chain = HAL_HRTIM_WaveformCompareConfig
</UL>
<BR>[Called By]<UL><LI><a href="#[107]">&gt;&gt;</a>&nbsp;&nbsp;&nbsp;MX_HRTIM1_Init
</UL>

<P><STRONG><a name="[fa]"></a>HAL_HRTIM_WaveformCountStart_IT</STRONG> (Thumb, 128 bytes, Stack size 20 bytes, stm32f3xx_hal_hrtim.o(i.HAL_HRTIM_WaveformCountStart_IT))
<BR><BR>[Stack]<UL><LI>Max Depth = 20<LI>Call Chain = HAL_HRTIM_WaveformCountStart_IT
</UL>
<BR>[Called By]<UL><LI><a href="#[f8]">&gt;&gt;</a>&nbsp;&nbsp;&nbsp;Init_Drv8302
</UL>

<P><STRONG><a name="[cd]"></a>HAL_HRTIM_WaveformOutputConfig</STRONG> (Thumb, 54 bytes, Stack size 16 bytes, stm32f3xx_hal_hrtim.o(i.HAL_HRTIM_WaveformOutputConfig))
<BR><BR>[Stack]<UL><LI>Max Depth = 36<LI>Call Chain = HAL_HRTIM_WaveformOutputConfig &rArr; HRTIM_OutputConfig
</UL>
<BR>[Calls]<UL><LI><a href="#[ce]">&gt;&gt;</a>&nbsp;&nbsp;&nbsp;HRTIM_OutputConfig
</UL>
<BR>[Called By]<UL><LI><a href="#[107]">&gt;&gt;</a>&nbsp;&nbsp;&nbsp;MX_HRTIM1_Init
</UL>

<P><STRONG><a name="[f9]"></a>HAL_HRTIM_WaveformOutputStart</STRONG> (Thumb, 48 bytes, Stack size 8 bytes, stm32f3xx_hal_hrtim.o(i.HAL_HRTIM_WaveformOutputStart))
<BR><BR>[Stack]<UL><LI>Max Depth = 8<LI>Call Chain = HAL_HRTIM_WaveformOutputStart
</UL>
<BR>[Called By]<UL><LI><a href="#[f8]">&gt;&gt;</a>&nbsp;&nbsp;&nbsp;Init_Drv8302
</UL>

<P><STRONG><a name="[cf]"></a>HAL_HRTIM_WaveformTimerConfig</STRONG> (Thumb, 186 bytes, Stack size 24 bytes, stm32f3xx_hal_hrtim.o(i.HAL_HRTIM_WaveformTimerConfig))
<BR><BR>[Stack]<UL><LI>Max Depth = 60<LI>Call Chain = HAL_HRTIM_WaveformTimerConfig &rArr; HRTIM_TimingUnitWaveform_Config
</UL>
<BR>[Calls]<UL><LI><a href="#[d0]">&gt;&gt;</a>&nbsp;&nbsp;&nbsp;HRTIM_TimingUnitWaveform_Config
<LI><a href="#[d1]">&gt;&gt;</a>&nbsp;&nbsp;&nbsp;HRTIM_ForceRegistersUpdate
</UL>
<BR>[Called By]<UL><LI><a href="#[107]">&gt;&gt;</a>&nbsp;&nbsp;&nbsp;MX_HRTIM1_Init
</UL>

<P><STRONG><a name="[ea]"></a>HAL_IncTick</STRONG> (Thumb, 12 bytes, Stack size 0 bytes, stm32f3xx_hal.o(i.HAL_IncTick))
<BR><BR>[Called By]<UL><LI><a href="#[e5]">&gt;&gt;</a>&nbsp;&nbsp;&nbsp;HAL_TIM_PeriodElapsedCallback
</UL>

<P><STRONG><a name="[d2]"></a>HAL_Init</STRONG> (Thumb, 32 bytes, Stack size 8 bytes, stm32f3xx_hal.o(i.HAL_Init))
<BR><BR>[Stack]<UL><LI>Max Depth = 68<LI>Call Chain = HAL_Init &rArr; HAL_InitTick &rArr; HAL_TIM_Base_Init &rArr; TIM_Base_SetConfig
</UL>
<BR>[Calls]<UL><LI><a href="#[d4]">&gt;&gt;</a>&nbsp;&nbsp;&nbsp;HAL_InitTick
<LI><a href="#[d3]">&gt;&gt;</a>&nbsp;&nbsp;&nbsp;HAL_NVIC_SetPriorityGrouping
<LI><a href="#[d5]">&gt;&gt;</a>&nbsp;&nbsp;&nbsp;HAL_MspInit
</UL>
<BR>[Called By]<UL><LI><a href="#[3d]">&gt;&gt;</a>&nbsp;&nbsp;&nbsp;main
</UL>

<P><STRONG><a name="[d4]"></a>HAL_InitTick</STRONG> (Thumb, 100 bytes, Stack size 32 bytes, stm32f3xx_hal_timebase_tim.o(i.HAL_InitTick))
<BR><BR>[Stack]<UL><LI>Max Depth = 60<LI>Call Chain = HAL_InitTick &rArr; HAL_TIM_Base_Init &rArr; TIM_Base_SetConfig
</UL>
<BR>[Calls]<UL><LI><a href="#[d9]">&gt;&gt;</a>&nbsp;&nbsp;&nbsp;HAL_TIM_Base_Start_IT
<LI><a href="#[d8]">&gt;&gt;</a>&nbsp;&nbsp;&nbsp;HAL_TIM_Base_Init
<LI><a href="#[d7]">&gt;&gt;</a>&nbsp;&nbsp;&nbsp;HAL_RCC_GetPCLK1Freq
<LI><a href="#[d6]">&gt;&gt;</a>&nbsp;&nbsp;&nbsp;HAL_RCC_GetClockConfig
<LI><a href="#[a9]">&gt;&gt;</a>&nbsp;&nbsp;&nbsp;HAL_NVIC_SetPriority
<LI><a href="#[aa]">&gt;&gt;</a>&nbsp;&nbsp;&nbsp;HAL_NVIC_EnableIRQ
</UL>
<BR>[Called By]<UL><LI><a href="#[dc]">&gt;&gt;</a>&nbsp;&nbsp;&nbsp;HAL_RCC_ClockConfig
<LI><a href="#[d2]">&gt;&gt;</a>&nbsp;&nbsp;&nbsp;HAL_Init
</UL>

<P><STRONG><a name="[d5]"></a>HAL_MspInit</STRONG> (Thumb, 48 bytes, Stack size 8 bytes, stm32f3xx_hal_msp.o(i.HAL_MspInit))
<BR><BR>[Stack]<UL><LI>Max Depth = 24<LI>Call Chain = HAL_MspInit &rArr; HAL_NVIC_SetPriority
</UL>
<BR>[Calls]<UL><LI><a href="#[a9]">&gt;&gt;</a>&nbsp;&nbsp;&nbsp;HAL_NVIC_SetPriority
</UL>
<BR>[Called By]<UL><LI><a href="#[d2]">&gt;&gt;</a>&nbsp;&nbsp;&nbsp;HAL_Init
</UL>

<P><STRONG><a name="[aa]"></a>HAL_NVIC_EnableIRQ</STRONG> (Thumb, 26 bytes, Stack size 0 bytes, stm32f3xx_hal_cortex.o(i.HAL_NVIC_EnableIRQ))
<BR><BR>[Called By]<UL><LI><a href="#[f2]">&gt;&gt;</a>&nbsp;&nbsp;&nbsp;HAL_UART_MspInit
<LI><a href="#[d4]">&gt;&gt;</a>&nbsp;&nbsp;&nbsp;HAL_InitTick
<LI><a href="#[bc]">&gt;&gt;</a>&nbsp;&nbsp;&nbsp;HAL_CAN_MspInit
<LI><a href="#[a6]">&gt;&gt;</a>&nbsp;&nbsp;&nbsp;HAL_ADC_MspInit
<LI><a href="#[101]">&gt;&gt;</a>&nbsp;&nbsp;&nbsp;MX_DMA_Init
</UL>

<P><STRONG><a name="[a9]"></a>HAL_NVIC_SetPriority</STRONG> (Thumb, 60 bytes, Stack size 16 bytes, stm32f3xx_hal_cortex.o(i.HAL_NVIC_SetPriority))
<BR><BR>[Stack]<UL><LI>Max Depth = 16<LI>Call Chain = HAL_NVIC_SetPriority
</UL>
<BR>[Calls]<UL><LI><a href="#[da]">&gt;&gt;</a>&nbsp;&nbsp;&nbsp;__NVIC_SetPriority
</UL>
<BR>[Called By]<UL><LI><a href="#[f2]">&gt;&gt;</a>&nbsp;&nbsp;&nbsp;HAL_UART_MspInit
<LI><a href="#[d4]">&gt;&gt;</a>&nbsp;&nbsp;&nbsp;HAL_InitTick
<LI><a href="#[bc]">&gt;&gt;</a>&nbsp;&nbsp;&nbsp;HAL_CAN_MspInit
<LI><a href="#[a6]">&gt;&gt;</a>&nbsp;&nbsp;&nbsp;HAL_ADC_MspInit
<LI><a href="#[101]">&gt;&gt;</a>&nbsp;&nbsp;&nbsp;MX_DMA_Init
<LI><a href="#[d5]">&gt;&gt;</a>&nbsp;&nbsp;&nbsp;HAL_MspInit
</UL>

<P><STRONG><a name="[d3]"></a>HAL_NVIC_SetPriorityGrouping</STRONG> (Thumb, 26 bytes, Stack size 0 bytes, stm32f3xx_hal_cortex.o(i.HAL_NVIC_SetPriorityGrouping))
<BR><BR>[Called By]<UL><LI><a href="#[d2]">&gt;&gt;</a>&nbsp;&nbsp;&nbsp;HAL_Init
</UL>

<P><STRONG><a name="[db]"></a>HAL_RCCEx_PeriphCLKConfig</STRONG> (Thumb, 378 bytes, Stack size 40 bytes, stm32f3xx_hal_rcc_ex.o(i.HAL_RCCEx_PeriphCLKConfig))
<BR><BR>[Stack]<UL><LI>Max Depth = 40<LI>Call Chain = HAL_RCCEx_PeriphCLKConfig
</UL>
<BR>[Calls]<UL><LI><a href="#[6c]">&gt;&gt;</a>&nbsp;&nbsp;&nbsp;HAL_GetTick
</UL>
<BR>[Called By]<UL><LI><a href="#[11c]">&gt;&gt;</a>&nbsp;&nbsp;&nbsp;SystemClock_Config
</UL>

[...]
<LI><a href="#[13a]">&gt;&gt;</a>&nbsp;&nbsp;&nbsp;prvAddNewTaskToReadyList
<LI><a href="#[147]">&gt;&gt;</a>&nbsp;&nbsp;&nbsp;xTaskResumeAll
</UL>

<P><STRONG><a name="[13f]"></a>vPortFree</STRONG> (Thumb, 88 bytes, Stack size 16 bytes, heap_4.o(i.vPortFree))
<BR><BR>[Stack]<UL><LI>Max Depth = 72<LI>Call Chain = vPortFree &rArr; xTaskResumeAll &rArr; xTaskIncrementTick
</UL>
<BR>[Calls]<UL><LI><a href="#[146]">&gt;&gt;</a>&nbsp;&nbsp;&nbsp;prvInsertBlockIntoFreeList
<LI><a href="#[147]">&gt;&gt;</a>&nbsp;&nbsp;&nbsp;xTaskResumeAll
<LI><a href="#[144]">&gt;&gt;</a>&nbsp;&nbsp;&nbsp;vTaskSuspendAll
</UL>
<BR>[Called By]<UL><LI><a href="#[135]">&gt;&gt;</a>&nbsp;&nbsp;&nbsp;xTaskCreate
<LI><a href="#[13e]">&gt;&gt;</a>&nbsp;&nbsp;&nbsp;prvDeleteTCB
</UL>

<P><STRONG><a name="[14a]"></a>vPortSetupTimerInterrupt</STRONG> (Thumb, 32 bytes, Stack size 0 bytes, port.o(i.vPortSetupTimerInterrupt))
<BR><BR>[Called By]<UL><LI><a href="#[149]">&gt;&gt;</a>&nbsp;&nbsp;&nbsp;xPortStartScheduler
</UL>

<P><STRONG><a name="[131]"></a>vTaskDelay</STRONG> (Thumb, 66 bytes, Stack size 8 bytes, tasks.o(i.vTaskDelay))
<BR><BR>[Stack]<UL><LI>Max Depth = 64<LI>Call Chain = vTaskDelay &rArr; xTaskResumeAll &rArr; xTaskIncrementTick
</UL>
<BR>[Calls]<UL><LI><a href="#[136]">&gt;&gt;</a>&nbsp;&nbsp;&nbsp;prvAddCurrentTaskToDelayedList
<LI><a href="#[147]">&gt;&gt;</a>&nbsp;&nbsp;&nbsp;xTaskResumeAll
<LI><a href="#[144]">&gt;&gt;</a>&nbsp;&nbsp;&nbsp;vTaskSuspendAll
</UL>
<BR>[Called By]<UL><LI><a href="#[94]">&gt;&gt;</a>&nbsp;&nbsp;&nbsp;osDelay
</UL>

<P><STRONG><a name="[132]"></a>vTaskStartScheduler</STRONG> (Thumb, 90 bytes, Stack size 32 bytes, tasks.o(i.vTaskStartScheduler))
<BR><BR>[Stack]<UL><LI>Max Depth = 112<LI>Call Chain = vTaskStartScheduler &rArr; xTaskCreateStatic &rArr; prvInitialiseNewTask &rArr; pxPortInitialiseStack
</UL>
<BR>[Calls]<UL><LI><a href="#[148]">&gt;&gt;</a>&nbsp;&nbsp;&nbsp;vApplicationGetIdleTaskMemory
<LI><a href="#[149]">&gt;&gt;</a>&nbsp;&nbsp;&nbsp;xPortStartScheduler
<LI><a href="#[134]">&gt;&gt;</a>&nbsp;&nbsp;&nbsp;xTaskCreateStatic
</UL>
<BR>[Called By]<UL><LI><a href="#[130]">&gt;&gt;</a>&nbsp;&nbsp;&nbsp;osKernelStart
</UL>

<P><STRONG><a name="[144]"></a>vTaskSuspendAll</STRONG> (Thumb, 10 bytes, Stack size 0 bytes, tasks.o(i.vTaskSuspendAll))
<BR><BR>[Called By]<UL><LI><a href="#[131]">&gt;&gt;</a>&nbsp;&nbsp;&nbsp;vTaskDelay
<LI><a href="#[13f]">&gt;&gt;</a>&nbsp;&nbsp;&nbsp;vPortFree
<LI><a href="#[143]">&gt;&gt;</a>&nbsp;&nbsp;&nbsp;pvPortMalloc
</UL>

<P><STRONG><a name="[52]"></a>vTaskSwitchContext</STRONG> (Thumb, 82 bytes, Stack size 0 bytes, tasks.o(i.vTaskSwitchContext))
<BR><BR>[Called By]<UL><LI><a href="#[9]">&gt;&gt;</a>&nbsp;&nbsp;&nbsp;PendSV_Handler
</UL>

<P><STRONG><a name="[149]"></a>xPortStartScheduler</STRONG> (Thumb, 222 bytes, Stack size 16 bytes, port.o(i.xPortStartScheduler))
<BR><BR>[Stack]<UL><LI>Max Depth = 16<LI>Call Chain = xPortStartScheduler
</UL>
<BR>[Calls]<UL><LI><a href="#[14a]">&gt;&gt;</a>&nbsp;&nbsp;&nbsp;vPortSetupTimerInterrupt
<LI><a href="#[14b]">&gt;&gt;</a>&nbsp;&nbsp;&nbsp;__asm___6_port_c_39a90d8d__prvEnableVFP
<LI><a href="#[14c]">&gt;&gt;</a>&nbsp;&nbsp;&nbsp;__asm___6_port_c_39a90d8d__prvStartFirstTask
</UL>
<BR>[Called By]<UL><LI><a href="#[132]">&gt;&gt;</a>&nbsp;&nbsp;&nbsp;vTaskStartScheduler
</UL>

<P><STRONG><a name="[135]"></a>xTaskCreate</STRONG> (Thumb, 90 bytes, Stack size 56 bytes, tasks.o(i.xTaskCreate))
<BR><BR>[Stack]<UL><LI>Max Depth = 136<LI>Call Chain = xTaskCreate &rArr; pvPortMalloc &rArr; xTaskResumeAll &rArr; xTaskIncrementTick
</UL>
<BR>[Calls]<UL><LI><a href="#[140]">&gt;&gt;</a>&nbsp;&nbsp;&nbsp;prvInitialiseNewTask
<LI><a href="#[13a]">&gt;&gt;</a>&nbsp;&nbsp;&nbsp;prvAddNewTaskToReadyList
<LI><a href="#[13f]">&gt;&gt;</a>&nbsp;&nbsp;&nbsp;vPortFree
<LI><a href="#[143]">&gt;&gt;</a>&nbsp;&nbsp;&nbsp;pvPortMalloc
</UL>
<BR>[Called By]<UL><LI><a href="#[104]">&gt;&gt;</a>&nbsp;&nbsp;&nbsp;osThreadCreate
</UL>

<P><STRONG><a name="[134]"></a>xTaskCreateStatic</STRONG> (Thumb, 86 bytes, Stack size 40 bytes, tasks.o(i.xTaskCreateStatic))
<BR><BR>[Stack]<UL><LI>Max Depth = 80<LI>Call Chain = xTaskCreateStatic &rArr; prvInitialiseNewTask &rArr; pxPortInitialiseStack
</UL>
<BR>[Calls]<UL><LI><a href="#[140]">&gt;&gt;</a>&nbsp;&nbsp;&nbsp;prvInitialiseNewTask
<LI><a href="#[13a]">&gt;&gt;</a>&nbsp;&nbsp;&nbsp;prvAddNewTaskToReadyList
</UL>
<BR>[Called By]<UL><LI><a href="#[104]">&gt;&gt;</a>&nbsp;&nbsp;&nbsp;osThreadCreate
<LI><a href="#[132]">&gt;&gt;</a>&nbsp;&nbsp;&nbsp;vTaskStartScheduler
</UL>

<P><STRONG><a name="[11b]"></a>xTaskIncrementTick</STRONG> (Thumb, 192 bytes, Stack size 24 bytes, tasks.o(i.xTaskIncrementTick))
<BR><BR>[Stack]<UL><LI>Max Depth = 24<LI>Call Chain = xTaskIncrementTick
</UL>
<BR>[Calls]<UL><LI><a href="#[14d]">&gt;&gt;</a>&nbsp;&nbsp;&nbsp;prvResetNextTaskUnblockTime
<LI><a href="#[138]">&gt;&gt;</a>&nbsp;&nbsp;&nbsp;vListInsertEnd
<LI><a href="#[137]">&gt;&gt;</a>&nbsp;&nbsp;&nbsp;uxListRemove
</UL>
<BR>[Called By]<UL><LI><a href="#[a]">&gt;&gt;</a>&nbsp;&nbsp;&nbsp;SysTick_Handler
<LI><a href="#[147]">&gt;&gt;</a>&nbsp;&nbsp;&nbsp;xTaskResumeAll
</UL>

<P><STRONG><a name="[147]"></a>xTaskResumeAll</STRONG> (Thumb, 182 bytes, Stack size 32 bytes, tasks.o(i.xTaskResumeAll))
<BR><BR>[Stack]<UL><LI>Max Depth = 56<LI>Call Chain = xTaskResumeAll &rArr; xTaskIncrementTick
</UL>
<BR>[Calls]<UL><LI><a href="#[11b]">&gt;&gt;</a>&nbsp;&nbsp;&nbsp;xTaskIncrementTick
<LI><a href="#[14d]">&gt;&gt;</a>&nbsp;&nbsp;&nbsp;prvResetNextTaskUnblockTime
<LI><a href="#[138]">&gt;&gt;</a>&nbsp;&nbsp;&nbsp;vListInsertEnd
<LI><a href="#[137]">&gt;&gt;</a>&nbsp;&nbsp;&nbsp;uxListRemove
<LI><a href="#[13d]">&gt;&gt;</a>&nbsp;&nbsp;&nbsp;vPortExitCritical
<LI><a href="#[13b]">&gt;&gt;</a>&nbsp;&nbsp;&nbsp;vPortEnterCritical
</UL>
<BR>[Called By]<UL><LI><a href="#[131]">&gt;&gt;</a>&nbsp;&nbsp;&nbsp;vTaskDelay
<LI><a href="#[13f]">&gt;&gt;</a>&nbsp;&nbsp;&nbsp;vPortFree
<LI><a href="#[143]">&gt;&gt;</a>&nbsp;&nbsp;&nbsp;pvPortMalloc
</UL>
<P>
<H3>
Local Symbols
</H3>
<P><STRONG><a name="[40]"></a>ADC_DMAConvCplt</STRONG> (Thumb, 68 bytes, Stack size 0 bytes, stm32f3xx_hal_adc_ex.o(i.ADC_DMAConvCplt))
<BR><BR>[Calls]<UL><LI><a href="#[68]">&gt;&gt;</a>&nbsp;&nbsp;&nbsp;HAL_ADC_ConvCpltCallback
</UL>
<BR>[Address Reference Count : 1]<UL><LI> stm32f3xx_hal_adc_ex.o(i.HAL_ADC_Start_DMA)
</UL>
<P><STRONG><a name="[42]"></a>ADC_DMAError</STRONG> (Thumb, 22 bytes, Stack size 0 bytes, stm32f3xx_hal_adc_ex.o(i.ADC_DMAError))
<BR><BR>[Calls]<UL><LI><a href="#[69]">&gt;&gt;</a>&nbsp;&nbsp;&nbsp;HAL_ADC_ErrorCallback
</UL>
<BR>[Address Reference Count : 1]<UL><LI> stm32f3xx_hal_adc_ex.o(i.HAL_ADC_Start_DMA)
</UL>
<P><STRONG><a name="[41]"></a>ADC_DMAHalfConvCplt</STRONG> (Thumb, 6 bytes, Stack size 0 bytes, stm32f3xx_hal_adc_ex.o(i.ADC_DMAHalfConvCplt))
<BR><BR>[Calls]<UL><LI><a href="#[6a]">&gt;&gt;</a>&nbsp;&nbsp;&nbsp;HAL_ADC_ConvHalfCpltCallback
</UL>
<BR>[Address Reference Count : 1]<UL><LI> stm32f3xx_hal_adc_ex.o(i.HAL_ADC_Start_DMA)
</UL>
<P><STRONG><a name="[6b]"></a>ADC_Disable</STRONG> (Thumb, 98 bytes, Stack size 16 bytes, stm32f3xx_hal_adc_ex.o(i.ADC_Disable))
<BR><BR>[Stack]<UL><LI>Max Depth = 16<LI>Call Chain = ADC_Disable
</UL>
<BR>[Calls]<UL><LI><a href="#[6c]">&gt;&gt;</a>&nbsp;&nbsp;&nbsp;HAL_GetTick
</UL>
<BR>[Called By]<UL><LI><a href="#[81]">&gt;&gt;</a>&nbsp;&nbsp;&nbsp;HAL_ADCEx_Calibration_Start
<LI><a href="#[a5]">&gt;&gt;</a>&nbsp;&nbsp;&nbsp;HAL_ADC_Init
</UL>

<P><STRONG><a name="[6d]"></a>ADC_Enable</STRONG> (Thumb, 92 bytes, Stack size 16 bytes, stm32f3xx_hal_adc_ex.o(i.ADC_Enable))
<BR><BR>[Stack]<UL><LI>Max Depth = 16<LI>Call Chain = ADC_Enable
</UL>
<BR>[Calls]<UL><LI><a href="#[6c]">&gt;&gt;</a>&nbsp;&nbsp;&nbsp;HAL_GetTick
</UL>
<BR>[Called By]<UL><LI><a href="#[77]">&gt;&gt;</a>&nbsp;&nbsp;&nbsp;HAL_ADC_Start_DMA
</UL>

<P><STRONG><a name="[c1]"></a>DMA_CalcBaseAndBitshift</STRONG> (Thumb, 22 bytes, Stack size 0 bytes, stm32f3xx_hal_dma.o(i.DMA_CalcBaseAndBitshift))
<BR><BR>[Called By]<UL><LI><a href="#[ab]">&gt;&gt;</a>&nbsp;&nbsp;&nbsp;HAL_DMA_Init
</UL>

<P><STRONG><a name="[c2]"></a>DMA_SetConfig</STRONG> (Thumb, 42 bytes, Stack size 12 bytes, stm32f3xx_hal_dma.o(i.DMA_SetConfig))
<BR><BR>[Stack]<UL><LI>Max Depth = 12<LI>Call Chain = DMA_SetConfig
</UL>
<BR>[Called By]<UL><LI><a href="#[ad]">&gt;&gt;</a>&nbsp;&nbsp;&nbsp;HAL_DMA_Start_IT
</UL>

<P><STRONG><a name="[da]"></a>__NVIC_SetPriority</STRONG> (Thumb, 32 bytes, Stack size 0 bytes, stm32f3xx_hal_cortex.o(i.__NVIC_SetPriority))
<BR><BR>[Called By]<UL><LI><a href="#[a9]">&gt;&gt;</a>&nbsp;&nbsp;&nbsp;HAL_NVIC_SetPriority
</UL>

<P><STRONG><a name="[c8]"></a>FLASH_Program_HalfWord</STRONG> (Thumb, 20 bytes, Stack size 0 bytes, stm32f3xx_hal_flash.o(i.FLASH_Program_HalfWord))
<BR><BR>[Called By]<UL><LI><a href="#[c7]">&gt;&gt;</a>&nbsp;&nbsp;&nbsp;HAL_FLASH_Program
</UL>

<P><STRONG><a name="[8c]"></a>FLASH_SetErrorCode</STRONG> (Thumb, 44 bytes, Stack size 0 bytes, stm32f3xx_hal_flash.o(i.FLASH_SetErrorCode))
<BR><BR>[Called By]<UL><LI><a href="#[8b]">&gt;&gt;</a>&nbsp;&nbsp;&nbsp;FLASH_WaitForLastOperation
</UL>

<P><STRONG><a name="[c5]"></a>FLASH_MassErase</STRONG> (Thumb, 26 bytes, Stack size 0 bytes, stm32f3xx_hal_flash_ex.o(i.FLASH_MassErase))
<BR><BR>[Called By]<UL><LI><a href="#[c4]">&gt;&gt;</a>&nbsp;&nbsp;&nbsp;HAL_FLASHEx_Erase
</UL>

<P><STRONG><a name="[d1]"></a>HRTIM_ForceRegistersUpdate</STRONG> (Thumb, 90 bytes, Stack size 0 bytes, stm32f3xx_hal_hrtim.o(i.HRTIM_ForceRegistersUpdate))
<BR><BR>[Called By]<UL><LI><a href="#[cf]">&gt;&gt;</a>&nbsp;&nbsp;&nbsp;HAL_HRTIM_WaveformTimerConfig
</UL>

<P><STRONG><a name="[ce]"></a>HRTIM_OutputConfig</STRONG> (Thumb, 206 bytes, Stack size 20 bytes, stm32f3xx_hal_hrtim.o(i.HRTIM_OutputConfig))
<BR><BR>[Stack]<UL><LI>Max Depth = 20<LI>Call Chain = HRTIM_OutputConfig
</UL>
<BR>[Called By]<UL><LI><a href="#[cd]">&gt;&gt;</a>&nbsp;&nbsp;&nbsp;HAL_HRTIM_WaveformOutputConfig
</UL>

<P><STRONG><a name="[d0]"></a>HRTIM_TimingUnitWaveform_Config</STRONG> (Thumb, 322 bytes, Stack size 36 bytes, stm32f3xx_hal_hrtim.o(i.HRTIM_TimingUnitWaveform_Config))
<BR><BR>[Stack]<UL><LI>Max Depth = 36<LI>Call Chain = HRTIM_TimingUnitWaveform_Config
</UL>
<BR>[Called By]<UL><LI><a href="#[cf]">&gt;&gt;</a>&nbsp;&nbsp;&nbsp;HAL_HRTIM_WaveformTimerConfig
</UL>

<P><STRONG><a name="[43]"></a>UART_DMAAbortOnError</STRONG> (Thumb, 20 bytes, Stack size 8 bytes, stm32f3xx_hal_uart.o(i.UART_DMAAbortOnError))
<BR><BR>[Stack]<UL><LI>Max Depth = 8<LI>Call Chain = UART_DMAAbortOnError
</UL>
<BR>[Calls]<UL><LI><a href="#[ee]">&gt;&gt;</a>&nbsp;&nbsp;&nbsp;HAL_UART_ErrorCallback
</UL>
<BR>[Address Reference Count : 1]<UL><LI> stm32f3xx_hal_uart.o(i.HAL_UART_IRQHandler)
</UL>
<P><STRONG><a name="[48]"></a>UART_DMAError</STRONG> (Thumb, 72 bytes, Stack size 16 bytes, stm32f3xx_hal_uart.o(i.UART_DMAError))
<BR><BR>[Stack]<UL><LI>Max Depth = 16<LI>Call Chain = UART_DMAError
</UL>
<BR>[Calls]<UL><LI><a href="#[11e]">&gt;&gt;</a>&nbsp;&nbsp;&nbsp;UART_EndTxTransfer
<LI><a href="#[ec]">&gt;&gt;</a>&nbsp;&nbsp;&nbsp;UART_EndRxTransfer
<LI><a href="#[ee]">&gt;&gt;</a>&nbsp;&nbsp;&nbsp;HAL_UART_ErrorCallback
</UL>
<BR>[Address Reference Count : 1]<UL><LI> stm32f3xx_hal_uart.o(i.HAL_UART_Transmit_DMA)
</UL>
<P><STRONG><a name="[46]"></a>UART_DMATransmitCplt</STRONG> (Thumb, 46 bytes, Stack size 8 bytes, stm32f3xx_hal_uart.o(i.UART_DMATransmitCplt))
<BR><BR>[Stack]<UL><LI>Max Depth = 8<LI>Call Chain = UART_DMATransmitCplt
</UL>
<BR>[Calls]<UL><LI><a href="#[f0]">&gt;&gt;</a>&nbsp;&nbsp;&nbsp;HAL_UART_TxCpltCallback
</UL>
<BR>[Address Reference Count : 1]<UL><LI> stm32f3xx_hal_uart.o(i.HAL_UART_Transmit_DMA)
</UL>
<P><STRONG><a name="[47]"></a>UART_DMATxHalfCplt</STRONG> (Thumb, 10 bytes, Stack size 8 bytes, stm32f3xx_hal_uart.o(i.UART_DMATxHalfCplt))
<BR><BR>[Stack]<UL><LI>Max Depth = 8<LI>Call Chain = UART_DMATxHalfCplt
</UL>
<BR>[Calls]<UL><LI><a href="#[11f]">&gt;&gt;</a>&nbsp;&nbsp;&nbsp;HAL_UART_TxHalfCpltCallback
</UL>
<BR>[Address Reference Count : 1]<UL><LI> stm32f3xx_hal_uart.o(i.HAL_UART_Transmit_DMA)
</UL>
<P><STRONG><a name="[ec]"></a>UART_EndRxTransfer</STRONG> (Thumb, 30 bytes, Stack size 0 bytes, stm32f3xx_hal_uart.o(i.UART_EndRxTransfer))
<BR><BR>[Called By]<UL><LI><a href="#[eb]">&gt;&gt;</a>&nbsp;&nbsp;&nbsp;HAL_UART_IRQHandler
<LI><a href="#[48]">&gt;&gt;</a>&nbsp;&nbsp;&nbsp;UART_DMAError
</UL>

<P><STRONG><a name="[11e]"></a>UART_EndTxTransfer</STRONG> (Thumb, 16 bytes, Stack size 0 bytes, stm32f3xx_hal_uart.o(i.UART_EndTxTransfer))
<BR><BR>[Called By]<UL><LI><a href="#[48]">&gt;&gt;</a>&nbsp;&nbsp;&nbsp;UART_DMAError
</UL>

<P><STRONG><a name="[45]"></a>UART_RxISR_16BIT</STRONG> (Thumb, 90 bytes, Stack size 8 bytes, stm32f3xx_hal_uart.o(i.UART_RxISR_16BIT))
<BR><BR>[Stack]<UL><LI>Max Depth = 312<LI>Call Chain = UART_RxISR_16BIT &rArr; HAL_UART_RxCpltCallback &rArr; Massage_Process &rArr; Write_FOC_ID &rArr; HAL_FLASH_Program &rArr; FLASH_WaitForLastOperation
</UL>
<BR>[Calls]<UL><LI><a href="#[f6]">&gt;&gt;</a>&nbsp;&nbsp;&nbsp;HAL_UART_RxCpltCallback
</UL>
<BR>[Address Reference Count : 1]<UL><LI> stm32f3xx_hal_uart.o(i.HAL_UART_Receive_IT)
</UL>
<P><STRONG><a name="[44]"></a>UART_RxISR_8BIT</STRONG> (Thumb, 90 bytes, Stack size 8 bytes, stm32f3xx_hal_uart.o(i.UART_RxISR_8BIT))
<BR><BR>[Stack]<UL><LI>Max Depth = 312<LI>Call Chain = UART_RxISR_8BIT &rArr; HAL_UART_RxCpltCallback &rArr; Massage_Process &rArr; Write_FOC_ID &rArr; HAL_FLASH_Program &rArr; FLASH_WaitForLastOperation
</UL>
<BR>[Calls]<UL><LI><a href="#[f6]">&gt;&gt;</a>&nbsp;&nbsp;&nbsp;HAL_UART_RxCpltCallback
</UL>
<BR>[Address Reference Count : 1]<UL><LI> stm32f3xx_hal_uart.o(i.HAL_UART_Receive_IT)
</UL>
<P><STRONG><a name="[136]"></a>prvAddCurrentTaskToDelayedList</STRONG> (Thumb, 102 bytes, Stack size 24 bytes, tasks.o(i.prvAddCurrentTaskToDelayedList))
<BR><BR>[Stack]<UL><LI>Max Depth = 36<LI>Call Chain = prvAddCurrentTaskToDelayedList &rArr; vListInsert
</UL>
<BR>[Calls]<UL><LI><a href="#[138]">&gt;&gt;</a>&nbsp;&nbsp;&nbsp;vListInsertEnd
<LI><a href="#[139]">&gt;&gt;</a>&nbsp;&nbsp;&nbsp;vListInsert
<LI><a href="#[137]">&gt;&gt;</a>&nbsp;&nbsp;&nbsp;uxListRemove
</UL>
<BR>[Called By]<UL><LI><a href="#[131]">&gt;&gt;</a>&nbsp;&nbsp;&nbsp;vTaskDelay
</UL>

<P><STRONG><a name="[13a]"></a>prvAddNewTaskToReadyList</STRONG> (Thumb, 194 bytes, Stack size 24 bytes, tasks.o(i.prvAddNewTaskToReadyList))
<BR><BR>[Stack]<UL><LI>Max Depth = 24<LI>Call Chain = prvAddNewTaskToReadyList
</UL>
<BR>[Calls]<UL><LI><a href="#[138]">&gt;&gt;</a>&nbsp;&nbsp;&nbsp;vListInsertEnd
<LI><a href="#[13d]">&gt;&gt;</a>&nbsp;&nbsp;&nbsp;vPortExitCritical
<LI><a href="#[13b]">&gt;&gt;</a>&nbsp;&nbsp;&nbsp;vPortEnterCritical
<LI><a href="#[13c]">&gt;&gt;</a>&nbsp;&nbsp;&nbsp;vListInitialise
</UL>
<BR>[Called By]<UL><LI><a href="#[134]">&gt;&gt;</a>&nbsp;&nbsp;&nbsp;xTaskCreateStatic
<LI><a href="#[135]">&gt;&gt;</a>&nbsp;&nbsp;&nbsp;xTaskCreate
</UL>

<P><STRONG><a name="[13e]"></a>prvDeleteTCB</STRONG> (Thumb, 52 bytes, Stack size 8 bytes, tasks.o(i.prvDeleteTCB))
<BR><BR>[Stack]<UL><LI>Max Depth = 80<LI>Call Chain = prvDeleteTCB &rArr; vPortFree &rArr; xTaskResumeAll &rArr; xTaskIncrementTick
</UL>
<BR>[Calls]<UL><LI><a href="#[13f]">&gt;&gt;</a>&nbsp;&nbsp;&nbsp;vPortFree
</UL>
<BR>[Called By]<UL><LI><a href="#[4b]">&gt;&gt;</a>&nbsp;&nbsp;&nbsp;prvIdleTask
</UL>

<P><STRONG><a name="[4b]"></a>prvIdleTask</STRONG> (Thumb, 82 bytes, Stack size 0 bytes, tasks.o(i.prvIdleTask))
<BR><BR>[Stack]<UL><LI>Max Depth = 80<LI>Call Chain = prvIdleTask &rArr; prvDeleteTCB &rArr; vPortFree &rArr; xTaskResumeAll &rArr; xTaskIncrementTick
</UL>
<BR>[Calls]<UL><LI><a href="#[13e]">&gt;&gt;</a>&nbsp;&nbsp;&nbsp;prvDeleteTCB
<LI><a href="#[137]">&gt;&gt;</a>&nbsp;&nbsp;&nbsp;uxListRemove
<LI><a href="#[13d]">&gt;&gt;</a>&nbsp;&nbsp;&nbsp;vPortExitCritical
<LI><a href="#[13b]">&gt;&gt;</a>&nbsp;&nbsp;&nbsp;vPortEnterCritical
</UL>
<BR>[Address Reference Count : 1]<UL><LI> tasks.o(i.vTaskStartScheduler)
</UL>
<P><STRONG><a name="[140]"></a>prvInitialiseNewTask</STRONG> (Thumb, 142 bytes, Stack size 32 bytes, tasks.o(i.prvInitialiseNewTask))
<BR><BR>[Stack]<UL><LI>Max Depth = 40<LI>Call Chain = prvInitialiseNewTask &rArr; pxPortInitialiseStack
</UL>
<BR>[Calls]<UL><LI><a href="#[142]">&gt;&gt;</a>&nbsp;&nbsp;&nbsp;pxPortInitialiseStack
<LI><a href="#[141]">&gt;&gt;</a>&nbsp;&nbsp;&nbsp;vListInitialiseItem
</UL>
<BR>[Called By]<UL><LI><a href="#[134]">&gt;&gt;</a>&nbsp;&nbsp;&nbsp;xTaskCreateStatic
<LI><a href="#[135]">&gt;&gt;</a>&nbsp;&nbsp;&nbsp;xTaskCreate
</UL>

<P><STRONG><a name="[14d]"></a>prvResetNextTaskUnblockTime</STRONG> (Thumb, 26 bytes, Stack size 0 bytes, tasks.o(i.prvResetNextTaskUnblockTime))
<BR><BR>[Called By]<UL><LI><a href="#[11b]">&gt;&gt;</a>&nbsp;&nbsp;&nbsp;xTaskIncrementTick
<LI><a href="#[147]">&gt;&gt;</a>&nbsp;&nbsp;&nbsp;xTaskResumeAll
</UL>

<P><STRONG><a name="[133]"></a>makeFreeRtosPriority</STRONG> (Thumb, 12 bytes, Stack size 0 bytes, cmsis_os.o(i.makeFreeRtosPriority))
<BR><BR>[Called By]<UL><LI><a href="#[104]">&gt;&gt;</a>&nbsp;&nbsp;&nbsp;osThreadCreate
</UL>

<P><STRONG><a name="[145]"></a>prvHeapInit</STRONG> (Thumb, 66 bytes, Stack size 0 bytes, heap_4.o(i.prvHeapInit))
<BR><BR>[Called By]<UL><LI><a href="#[143]">&gt;&gt;</a>&nbsp;&nbsp;&nbsp;pvPortMalloc
</UL>

<P><STRONG><a name="[146]"></a>prvInsertBlockIntoFreeList</STRONG> (Thumb, 72 bytes, Stack size 12 bytes, heap_4.o(i.prvInsertBlockIntoFreeList))
<BR><BR>[Stack]<UL><LI>Max Depth = 12<LI>Call Chain = prvInsertBlockIntoFreeList
</UL>
<BR>[Called By]<UL><LI><a href="#[13f]">&gt;&gt;</a>&nbsp;&nbsp;&nbsp;vPortFree
<LI><a href="#[143]">&gt;&gt;</a>&nbsp;&nbsp;&nbsp;pvPortMalloc
</UL>

<P><STRONG><a name="[4a]"></a>prvTaskExitError</STRONG> (Thumb, 36 bytes, Stack size 0 bytes, port.o(i.prvTaskExitError))
<BR>[Address Reference Count : 1]<UL><LI> port.o(i.pxPortInitialiseStack)
</UL>
<P><STRONG><a name="[128]"></a>_fp_digits</STRONG> (Thumb, 366 bytes, Stack size 64 bytes, printfa.o(i._fp_digits), UNUSED)
<BR><BR>[Calls]<UL><LI><a href="#[5f]">&gt;&gt;</a>&nbsp;&nbsp;&nbsp;__aeabi_dmul
<LI><a href="#[60]">&gt;&gt;</a>&nbsp;&nbsp;&nbsp;__aeabi_ddiv
<LI><a href="#[59]">&gt;&gt;</a>&nbsp;&nbsp;&nbsp;__aeabi_dadd
<LI><a href="#[53]">&gt;&gt;</a>&nbsp;&nbsp;&nbsp;__aeabi_uldivmod
<LI><a href="#[65]">&gt;&gt;</a>&nbsp;&nbsp;&nbsp;__aeabi_d2ulz
<LI><a href="#[129]">&gt;&gt;</a>&nbsp;&nbsp;&nbsp;__aeabi_cdrcmple
</UL>
<BR>[Called By]<UL><LI><a href="#[124]">&gt;&gt;</a>&nbsp;&nbsp;&nbsp;_printf_core
</UL>

<P><STRONG><a name="[124]"></a>_printf_core</STRONG> (Thumb, 1744 bytes, Stack size 136 bytes, printfa.o(i._printf_core), UNUSED)
<BR><BR>[Calls]<UL><LI><a href="#[53]">&gt;&gt;</a>&nbsp;&nbsp;&nbsp;__aeabi_uldivmod
<LI><a href="#[12c]">&gt;&gt;</a>&nbsp;&nbsp;&nbsp;__aeabi_uidivmod
<LI><a href="#[12a]">&gt;&gt;</a>&nbsp;&nbsp;&nbsp;_printf_pre_padding
<LI><a href="#[12b]">&gt;&gt;</a>&nbsp;&nbsp;&nbsp;_printf_post_padding
<LI><a href="#[128]">&gt;&gt;</a>&nbsp;&nbsp;&nbsp;_fp_digits
</UL>
<BR>[Called By]<UL><LI><a href="#[123]">&gt;&gt;</a>&nbsp;&nbsp;&nbsp;__0vsprintf
</UL>

<P><STRONG><a name="[12b]"></a>_printf_post_padding</STRONG> (Thumb, 36 bytes, Stack size 24 bytes, printfa.o(i._printf_post_padding), UNUSED)
<BR><BR>[Called By]<UL><LI><a href="#[124]">&gt;&gt;</a>&nbsp;&nbsp;&nbsp;_printf_core
</UL>

<P><STRONG><a name="[12a]"></a>_printf_pre_padding</STRONG> (Thumb, 46 bytes, Stack size 24 bytes, printfa.o(i._printf_pre_padding), UNUSED)
<BR><BR>[Called By]<UL><LI><a href="#[124]">&gt;&gt;</a>&nbsp;&nbsp;&nbsp;_printf_core
</UL>

<P><STRONG><a name="[49]"></a>_sputc</STRONG> (Thumb, 10 bytes, Stack size 0 bytes, printfa.o(i._sputc))
<BR><BR>[Called By]<UL><LI><a href="#[123]">&gt;&gt;</a>&nbsp;&nbsp;&nbsp;__0vsprintf
</UL>
<BR>[Address Reference Count : 1]<UL><LI> printfa.o(i.__0vsprintf)
</UL><P>
<H3>
Undefined Global Symbols
</H3><HR></body></html>
