Archive member included to satisfy reference by file (symbol)

d:/program file/arm_gun_tool/bin/../lib/gcc/arm-none-eabi/9.3.1/thumb/v7e-m+fp/hard\libgcc.a(_arm_muldf3.o)
                              CMakeFiles/Clion_ADC_test.elf.dir/Src/Firmware/inc/Cmath.c.obj (__aeabi_dmul)
d:/program file/arm_gun_tool/bin/../lib/gcc/arm-none-eabi/9.3.1/thumb/v7e-m+fp/hard\libgcc.a(_arm_addsubdf3.o)
                              CMakeFiles/Clion_ADC_test.elf.dir/Src/Firmware/inc/positionsensor.c.obj (__aeabi_dsub)
d:/program file/arm_gun_tool/bin/../lib/gcc/arm-none-eabi/9.3.1/thumb/v7e-m+fp/hard\libgcc.a(_arm_muldivdf3.o)
                              CMakeFiles/Clion_ADC_test.elf.dir/Src/Firmware/inc/Cmath.c.obj (__aeabi_ddiv)
d:/program file/arm_gun_tool/bin/../lib/gcc/arm-none-eabi/9.3.1/thumb/v7e-m+fp/hard\libgcc.a(_arm_cmpdf2.o)
                              CMakeFiles/Clion_ADC_test.elf.dir/Src/Firmware/inc/positionsensor.c.obj (__aeabi_dcmpeq)
d:/program file/arm_gun_tool/bin/../lib/gcc/arm-none-eabi/9.3.1/thumb/v7e-m+fp/hard\libgcc.a(_arm_fixdfsi.o)
                              CMakeFiles/Clion_ADC_test.elf.dir/Src/Firmware/inc/positionsensor.c.obj (__aeabi_d2iz)
d:/program file/arm_gun_tool/bin/../lib/gcc/arm-none-eabi/9.3.1/thumb/v7e-m+fp/hard\libgcc.a(_arm_truncdfsf2.o)
                              CMakeFiles/Clion_ADC_test.elf.dir/Src/Firmware/inc/Cmath.c.obj (__aeabi_d2f)
d:/program file/arm_gun_tool/bin/../lib/gcc/arm-none-eabi/9.3.1/../../../../arm-none-eabi/lib/thumb/v7e-m+fp/hard\libg.a(lib_a-errno.o)
                              CMakeFiles/Clion_ADC_test.elf.dir/Src/retarget.c.obj (__errno)
d:/program file/arm_gun_tool/bin/../lib/gcc/arm-none-eabi/9.3.1/../../../../arm-none-eabi/lib/thumb/v7e-m+fp/hard\libg.a(lib_a-exit.o)
                              d:/program file/arm_gun_tool/bin/../lib/gcc/arm-none-eabi/9.3.1/../../../../arm-none-eabi/lib/thumb/v7e-m+fp/hard/crt0.o (exit)
d:/program file/arm_gun_tool/bin/../lib/gcc/arm-none-eabi/9.3.1/../../../../arm-none-eabi/lib/thumb/v7e-m+fp/hard\libg.a(lib_a-impure.o)
                              d:/program file/arm_gun_tool/bin/../lib/gcc/arm-none-eabi/9.3.1/../../../../arm-none-eabi/lib/thumb/v7e-m+fp/hard\libg.a(lib_a-exit.o) (_global_impure_ptr)
d:/program file/arm_gun_tool/bin/../lib/gcc/arm-none-eabi/9.3.1/../../../../arm-none-eabi/lib/thumb/v7e-m+fp/hard\libg.a(lib_a-init.o)
                              d:/program file/arm_gun_tool/bin/../lib/gcc/arm-none-eabi/9.3.1/../../../../arm-none-eabi/lib/thumb/v7e-m+fp/hard/crt0.o (__libc_init_array)
d:/program file/arm_gun_tool/bin/../lib/gcc/arm-none-eabi/9.3.1/../../../../arm-none-eabi/lib/thumb/v7e-m+fp/hard\libg.a(lib_a-memset.o)
                              d:/program file/arm_gun_tool/bin/../lib/gcc/arm-none-eabi/9.3.1/../../../../arm-none-eabi/lib/thumb/v7e-m+fp/hard/crt0.o (memset)
d:/program file/arm_gun_tool/bin/../lib/gcc/arm-none-eabi/9.3.1/../../../../arm-none-eabi/lib/thumb/v7e-m+fp/hard\libg.a(lib_a-printf.o)
                              CMakeFiles/Clion_ADC_test.elf.dir/Src/Firmware/inc/Cmath.c.obj (printf)
d:/program file/arm_gun_tool/bin/../lib/gcc/arm-none-eabi/9.3.1/../../../../arm-none-eabi/lib/thumb/v7e-m+fp/hard\libg.a(lib_a-setvbuf.o)
                              CMakeFiles/Clion_ADC_test.elf.dir/Src/retarget.c.obj (setvbuf)
d:/program file/arm_gun_tool/bin/../lib/gcc/arm-none-eabi/9.3.1/../../../../arm-none-eabi/lib/thumb/v7e-m+fp/hard\libg.a(lib_a-strlen.o)
                              CMakeFiles/Clion_ADC_test.elf.dir/Src/usart.c.obj (strlen)
d:/program file/arm_gun_tool/bin/../lib/gcc/arm-none-eabi/9.3.1/../../../../arm-none-eabi/lib/thumb/v7e-m+fp/hard\libg.a(lib_a-vfprintf.o)
                              d:/program file/arm_gun_tool/bin/../lib/gcc/arm-none-eabi/9.3.1/../../../../arm-none-eabi/lib/thumb/v7e-m+fp/hard\libg.a(lib_a-printf.o) (_vfprintf_r)
d:/program file/arm_gun_tool/bin/../lib/gcc/arm-none-eabi/9.3.1/../../../../arm-none-eabi/lib/thumb/v7e-m+fp/hard\libg.a(lib_a-vsprintf.o)
                              CMakeFiles/Clion_ADC_test.elf.dir/Src/usart.c.obj (vsprintf)
d:/program file/arm_gun_tool/bin/../lib/gcc/arm-none-eabi/9.3.1/../../../../arm-none-eabi/lib/thumb/v7e-m+fp/hard\libg.a(lib_a-wsetup.o)
                              d:/program file/arm_gun_tool/bin/../lib/gcc/arm-none-eabi/9.3.1/../../../../arm-none-eabi/lib/thumb/v7e-m+fp/hard\libg.a(lib_a-vfprintf.o) (__swsetup_r)
d:/program file/arm_gun_tool/bin/../lib/gcc/arm-none-eabi/9.3.1/../../../../arm-none-eabi/lib/thumb/v7e-m+fp/hard\libg.a(lib_a-__call_atexit.o)
                              d:/program file/arm_gun_tool/bin/../lib/gcc/arm-none-eabi/9.3.1/../../../../arm-none-eabi/lib/thumb/v7e-m+fp/hard\libg.a(lib_a-exit.o) (__call_exitprocs)
d:/program file/arm_gun_tool/bin/../lib/gcc/arm-none-eabi/9.3.1/../../../../arm-none-eabi/lib/thumb/v7e-m+fp/hard\libg.a(lib_a-atexit.o)
[...]
Memory Configuration

Name             Origin             Length             Attributes
RAM              0x20000000         0x00003000         xrw
CCMRAM           0x10000000         0x00001000         rw
FLASH            0x08000000         0x00010000         xr
*default*        0x00000000         0xffffffff

Linker script and memory map

LOAD d:/program file/arm_gun_tool/bin/../lib/gcc/arm-none-eabi/9.3.1/thumb/v7e-m+fp/hard/crti.o
LOAD d:/program file/arm_gun_tool/bin/../lib/gcc/arm-none-eabi/9.3.1/thumb/v7e-m+fp/hard/crtbegin.o
LOAD d:/program file/arm_gun_tool/bin/../lib/gcc/arm-none-eabi/9.3.1/../../../../arm-none-eabi/lib/thumb/v7e-m+fp/hard/crt0.o
LOAD CMakeFiles/Clion_ADC_test.elf.dir/Drivers/STM32F3xx_HAL_Driver/Src/stm32f3xx_hal.c.obj
LOAD CMakeFiles/Clion_ADC_test.elf.dir/Drivers/STM32F3xx_HAL_Driver/Src/stm32f3xx_hal_adc.c.obj
LOAD CMakeFiles/Clion_ADC_test.elf.dir/Drivers/STM32F3xx_HAL_Driver/Src/stm32f3xx_hal_adc_ex.c.obj
LOAD CMakeFiles/Clion_ADC_test.elf.dir/Drivers/STM32F3xx_HAL_Driver/Src/stm32f3xx_hal_can.c.obj
LOAD CMakeFiles/Clion_ADC_test.elf.dir/Drivers/STM32F3xx_HAL_Driver/Src/stm32f3xx_hal_cortex.c.obj
LOAD CMakeFiles/Clion_ADC_test.elf.dir/Drivers/STM32F3xx_HAL_Driver/Src/stm32f3xx_hal_dma.c.obj
LOAD CMakeFiles/Clion_ADC_test.elf.dir/Drivers/STM32F3xx_HAL_Driver/Src/stm32f3xx_hal_exti.c.obj
LOAD CMakeFiles/Clion_ADC_test.elf.dir/Drivers/STM32F3xx_HAL_Driver/Src/stm32f3xx_hal_flash.c.obj
LOAD CMakeFiles/Clion_ADC_test.elf.dir/Drivers/STM32F3xx_HAL_Driver/Src/stm32f3xx_hal_flash_ex.c.obj
LOAD CMakeFiles/Clion_ADC_test.elf.dir/Drivers/STM32F3xx_HAL_Driver/Src/stm32f3xx_hal_gpio.c.obj
LOAD CMakeFiles/Clion_ADC_test.elf.dir/Drivers/STM32F3xx_HAL_Driver/Src/stm32f3xx_hal_i2c.c.obj
LOAD CMakeFiles/Clion_ADC_test.elf.dir/Drivers/STM32F3xx_HAL_Driver/Src/stm32f3xx_hal_i2c_ex.c.obj
LOAD CMakeFiles/Clion_ADC_test.elf.dir/Drivers/STM32F3xx_HAL_Driver/Src/stm32f3xx_hal_pwr.c.obj
LOAD CMakeFiles/Clion_ADC_test.elf.dir/Drivers/STM32F3xx_HAL_Driver/Src/stm32f3xx_hal_pwr_ex.c.obj
LOAD CMakeFiles/Clion_ADC_test.elf.dir/Drivers/STM32F3xx_HAL_Driver/Src/stm32f3xx_hal_rcc.c.obj
LOAD CMakeFiles/Clion_ADC_test.elf.dir/Drivers/STM32F3xx_HAL_Driver/Src/stm32f3xx_hal_rcc_ex.c.obj
LOAD CMakeFiles/Clion_ADC_test.elf.dir/Drivers/STM32F3xx_HAL_Driver/Src/stm32f3xx_hal_tim.c.obj
LOAD CMakeFiles/Clion_ADC_test.elf.dir/Drivers/STM32F3xx_HAL_Driver/Src/stm32f3xx_hal_tim_ex.c.obj
LOAD CMakeFiles/Clion_ADC_test.elf.dir/Drivers/STM32F3xx_HAL_Driver/Src/stm32f3xx_hal_uart.c.obj
LOAD CMakeFiles/Clion_ADC_test.elf.dir/Drivers/STM32F3xx_HAL_Driver/Src/stm32f3xx_hal_uart_ex.c.obj
LOAD CMakeFiles/Clion_ADC_test.elf.dir/Src/Firmware/inc/Cmath.c.obj
LOAD CMakeFiles/Clion_ADC_test.elf.dir/Src/Firmware/inc/CurrentSensing.c.obj
LOAD CMakeFiles/Clion_ADC_test.elf.dir/Src/Firmware/inc/SVPWM.c.obj
LOAD CMakeFiles/Clion_ADC_test.elf.dir/Src/Firmware/inc/communication.c.obj
LOAD CMakeFiles/Clion_ADC_test.elf.dir/Src/Firmware/inc/foc.c.obj
LOAD CMakeFiles/Clion_ADC_test.elf.dir/Src/Firmware/inc/midtask.c.obj
LOAD CMakeFiles/Clion_ADC_test.elf.dir/Src/Firmware/inc/positionsensor.c.obj
LOAD CMakeFiles/Clion_ADC_test.elf.dir/Src/adc.c.obj
LOAD CMakeFiles/Clion_ADC_test.elf.dir/Src/can.c.obj
LOAD CMakeFiles/Clion_ADC_test.elf.dir/Src/dma.c.obj
LOAD CMakeFiles/Clion_ADC_test.elf.dir/Src/gpio.c.obj
LOAD CMakeFiles/Clion_ADC_test.elf.dir/Src/main.c.obj
LOAD CMakeFiles/Clion_ADC_test.elf.dir/Src/retarget.c.obj
LOAD CMakeFiles/Clion_ADC_test.elf.dir/Src/stm32f3xx_hal_msp.c.obj
LOAD CMakeFiles/Clion_ADC_test.elf.dir/Src/stm32f3xx_hal_timebase_tim.c.obj
LOAD CMakeFiles/Clion_ADC_test.elf.dir/Src/stm32f3xx_it.c.obj
LOAD CMakeFiles/Clion_ADC_test.elf.dir/Src/sys.c.obj
LOAD CMakeFiles/Clion_ADC_test.elf.dir/Src/syscalls.c.obj
LOAD CMakeFiles/Clion_ADC_test.elf.dir/Src/system_stm32f3xx.c.obj
LOAD CMakeFiles/Clion_ADC_test.elf.dir/Src/tim.c.obj
LOAD CMakeFiles/Clion_ADC_test.elf.dir/Src/usart.c.obj
LOAD CMakeFiles/Clion_ADC_test.elf.dir/startup/startup_stm32f334x8.s.obj
START GROUP
LOAD d:/program file/arm_gun_tool/bin/../lib/gcc/arm-none-eabi/9.3.1/thumb/v7e-m+fp/hard\libgcc.a
LOAD d:/program file/arm_gun_tool/bin/../lib/gcc/arm-none-eabi/9.3.1/../../../../arm-none-eabi/lib/thumb/v7e-m+fp/hard\libg.a
LOAD d:/program file/arm_gun_tool/bin/../lib/gcc/arm-none-eabi/9.3.1/../../../../arm-none-eabi/lib/thumb/v7e-m+fp/hard\libc.a
END GROUP
LOAD d:/program file/arm_gun_tool/bin/../lib/gcc/arm-none-eabi/9.3.1/thumb/v7e-m+fp/hard/crtend.o
LOAD d:/program file/arm_gun_tool/bin/../lib/gcc/arm-none-eabi/9.3.1/thumb/v7e-m+fp/hard/crtn.o
                0x20003000                _estack = 0x20003000
                0x00000200                _Min_Heap_Size = 0x200
                0x00000400                _Min_Stack_Size = 0x400

.isr_vector     0x08000000      0x188
                0x08000000                . = ALIGN (0x4)
 *(.isr_vector)
 .isr_vector    0x08000000      0x188 CMakeFiles/Clion_ADC_test.elf.dir/startup/startup_stm32f334x8.s.obj
                0x08000000                g_pfnVectors
                0x08000188                . = ALIGN (0x4)

.text           0x080001c0     0xd0b8
                0x080001c0                . = ALIGN (0x4)
 *(.text)
 .text          0x080001c0       0x40 d:/program file/arm_gun_tool/bin/../lib/gcc/arm-none-eabi/9.3.1/thumb/v7e-m+fp/hard/crtbegin.o
 .text          0x08000200      0x378 d:/program file/arm_gun_tool/bin/../lib/gcc/arm-none-eabi/9.3.1/thumb/v7e-m+fp/hard\libgcc.a(_arm_addsubdf3.o)
                0x08000200                __aeabi_drsub
                0x08000208                __aeabi_dsub
                0x08000208                __subdf3
                0x0800020c                __aeabi_dadd
                0x0800020c                __adddf3
                0x08000484                __floatunsidf
                0x08000484                __aeabi_ui2d
                0x080004a4                __floatsidf
                0x080004a4                __aeabi_i2d
                0x080004c8                __aeabi_f2d
                0x080004c8                __extendsfdf2
                0x0800050c                __floatundidf
                0x0800050c                __aeabi_ul2d
                0x0800051c                __floatdidf
                0x0800051c                __aeabi_l2d
 .text          0x08000578      0x424 d:/program file/arm_gun_tool/bin/../lib/gcc/arm-none-eabi/9.3.1/thumb/v7e-m+fp/hard\libgcc.a(_arm_muldivdf3.o)
                0x08000578                __aeabi_dmul
                0x08000578                __muldf3
                0x080007cc                __divdf3
                0x080007cc                __aeabi_ddiv
 .text          0x0800099c      0x110 d:/program file/arm_gun_tool/bin/../lib/gcc/arm-none-eabi/9.3.1/thumb/v7e-m+fp/hard\libgcc.a(_arm_cmpdf2.o)
                0x0800099c                __gtdf2
                0x0800099c                __gedf2
                0x080009a4                __ltdf2
                0x080009a4                __ledf2
                0x080009ac                __nedf2
                0x080009ac                __eqdf2
                0x080009ac                __cmpdf2
                0x08000a28                __aeabi_cdrcmple
                0x08000a38                __aeabi_cdcmpeq
                0x08000a38                __aeabi_cdcmple
                0x08000a48                __aeabi_dcmpeq
                0x08000a5c                __aeabi_dcmplt
                0x08000a70                __aeabi_dcmple
                0x08000a84                __aeabi_dcmpge
                0x08000a98                __aeabi_dcmpgt
 .text          0x08000aac       0x50 d:/program file/arm_gun_tool/bin/../lib/gcc/arm-none-eabi/9.3.1/thumb/v7e-m+fp/hard\libgcc.a(_arm_fixdfsi.o)
                0x08000aac                __aeabi_d2iz
                0x08000aac                __fixdfsi
 .text          0x08000afc       0xa0 d:/program file/arm_gun_tool/bin/../lib/gcc/arm-none-eabi/9.3.1/thumb/v7e-m+fp/hard\libgcc.a(_arm_truncdfsf2.o)
                0x08000afc                __truncdfsf2
                0x08000afc                __aeabi_d2f
 *fill*         0x08000b9c       0x24 
 .text          0x08000bc0       0xdc d:/program file/arm_gun_tool/bin/../lib/gcc/arm-none-eabi/9.3.1/../../../../arm-none-eabi/lib/thumb/v7e-m+fp/hard\libg.a(lib_a-strlen.o)
                0x08000bc0                strlen
 *fill*         0x08000c9c        0x4 
 .text          0x08000ca0       0xa0 d:/program file/arm_gun_tool/bin/../lib/gcc/arm-none-eabi/9.3.1/../../../../arm-none-eabi/lib/thumb/v7e-m+fp/hard\libg.a(lib_a-memchr.o)
                0x08000ca0                memchr
 .text          0x08000d40      0x134 d:/program file/arm_gun_tool/bin/../lib/gcc/arm-none-eabi/9.3.1/../../../../arm-none-eabi/lib/thumb/v7e-m+fp/hard\libg.a(lib_a-memcpy.o)
                0x08000d40                memcpy
 .text          0x08000e74       0x2c d:/program file/arm_gun_tool/bin/../lib/gcc/arm-none-eabi/9.3.1/thumb/v7e-m+fp/hard\libgcc.a(_arm_unorddf2.o)
                0x08000e74                __unorddf2
                0x08000e74                __aeabi_dcmpun
 .text          0x08000ea0       0x30 d:/program file/arm_gun_tool/bin/../lib/gcc/arm-none-eabi/9.3.1/thumb/v7e-m+fp/hard\libgcc.a(_aeabi_uldivmod.o)
                0x08000ea0                __aeabi_uldivmod
 .text          0x08000ed0      0x2c4 d:/program file/arm_gun_tool/bin/../lib/gcc/arm-none-eabi/9.3.1/thumb/v7e-m+fp/hard\libgcc.a(_udivmoddi4.o)
                0x08000ed0                __udivmoddi4
 .text          0x08001194        0x4 d:/program file/arm_gun_tool/bin/../lib/gcc/arm-none-eabi/9.3.1/thumb/v7e-m+fp/hard\libgcc.a(_dvmd_tls.o)
                0x08001194                __aeabi_idiv0
                0x08001194                __aeabi_ldiv0
 *(.text*)
 .text.HAL_Init
                0x08001198       0x24 CMakeFiles/Clion_ADC_test.elf.dir/Drivers/STM32F3xx_HAL_Driver/Src/stm32f3xx_hal.c.obj
                0x08001198                HAL_Init
 .text.HAL_IncTick
                0x080011bc       0x18 CMakeFiles/Clion_ADC_test.elf.dir/Drivers/STM32F3xx_HAL_Driver/Src/stm32f3xx_hal.c.obj
                0x080011bc                HAL_IncTick
 .text.HAL_GetTick
                0x080011d4        0xc CMakeFiles/Clion_ADC_test.elf.dir/Drivers/STM32F3xx_HAL_Driver/Src/stm32f3xx_hal.c.obj
                0x080011d4                HAL_GetTick
 .text.HAL_Delay
                0x080011e0       0x28 CMakeFiles/Clion_ADC_test.elf.dir/Drivers/STM32F3xx_HAL_Driver/Src/stm32f3xx_hal.c.obj
                0x080011e0                HAL_Delay
 .text.HAL_ADC_ConvCpltCallback
                0x08001208        0x2 CMakeFiles/Clion_ADC_test.elf.dir/Drivers/STM32F3xx_HAL_Driver/Src/stm32f3xx_hal_adc.c.obj
                0x08001208                HAL_ADC_ConvCpltCallback
 .text.HAL_ADC_ConvHalfCpltCallback
                0x0800120a        0x2 CMakeFiles/Clion_ADC_test.elf.dir/Drivers/STM32F3xx_HAL_Driver/Src/stm32f3xx_hal_adc.c.obj
                0x0800120a                HAL_ADC_ConvHalfCpltCallback
 .text.HAL_ADC_LevelOutOfWindowCallback
                0x0800120c        0x2 CMakeFiles/Clion_ADC_test.elf.dir/Drivers/STM32F3xx_HAL_Driver/Src/stm32f3xx_hal_adc.c.obj
                0x0800120c                HAL_ADC_LevelOutOfWindowCallback
 .text.HAL_ADC_ErrorCallback
                0x0800120e        0x2 CMakeFiles/Clion_ADC_test.elf.dir/Drivers/STM32F3xx_HAL_Driver/Src/stm32f3xx_hal_adc.c.obj
                0x0800120e                HAL_ADC_ErrorCallback
 .text.ADC_Disable
                0x08001210       0x7e CMakeFiles/Clion_ADC_test.elf.dir/Drivers/STM32F3xx_HAL_Driver/Src/stm32f3xx_hal_adc_ex.c.obj
 *fill*         0x0800128e        0x2 
 .text.ADC_Enable
                0x08001290       0x78 CMakeFiles/Clion_ADC_test.elf.dir/Drivers/STM32F3xx_HAL_Driver/Src/stm32f3xx_hal_adc_ex.c.obj
 .text.ADC_DMAError
                0x08001308       0x1a CMakeFiles/Clion_ADC_test.elf.dir/Drivers/STM32F3xx_HAL_Driver/Src/stm32f3xx_hal_adc_ex.c.obj
 .text.ADC_DMAHalfConvCplt
                0x08001322        0xa CMakeFiles/Clion_ADC_test.elf.dir/Drivers/STM32F3xx_HAL_Driver/Src/stm32f3xx_hal_adc_ex.c.obj
 .text.ADC_DMAConvCplt
                0x0800132c       0x4a CMakeFiles/Clion_ADC_test.elf.dir/Drivers/STM32F3xx_HAL_Driver/Src/stm32f3xx_hal_adc_ex.c.obj
 *fill*         0x08001376        0x2 
 .text.HAL_ADC_Init
                0x08001378      0x214 CMakeFiles/Clion_ADC_test.elf.dir/Drivers/STM32F3xx_HAL_Driver/Src/stm32f3xx_hal_adc_ex.c.obj
                0x08001378                HAL_ADC_Init
 .text.HAL_ADC_Start_DMA
                0x0800158c      0x130 CMakeFiles/Clion_ADC_test.elf.dir/Drivers/STM32F3xx_HAL_Driver/Src/stm32f3xx_hal_adc_ex.c.obj
                0x0800158c                HAL_ADC_Start_DMA
 .text.HAL_ADCEx_Calibration_Start
                0x080016bc       0x8e CMakeFiles/Clion_ADC_test.elf.dir/Drivers/STM32F3xx_HAL_Driver/Src/stm32f3xx_hal_adc_ex.c.obj
                0x080016bc                HAL_ADCEx_Calibration_Start
 .text.HAL_ADCEx_InjectedConvCpltCallback
                0x0800174a        0x2 CMakeFiles/Clion_ADC_test.elf.dir/Drivers/STM32F3xx_HAL_Driver/Src/stm32f3xx_hal_adc_ex.c.obj
                0x0800174a                HAL_ADCEx_InjectedConvCpltCallback
 .text.HAL_ADCEx_InjectedQueueOverflowCallback
                0x0800174c        0x2 CMakeFiles/Clion_ADC_test.elf.dir/Drivers/STM32F3xx_HAL_Driver/Src/stm32f3xx_hal_adc_ex.c.obj
                0x0800174c                HAL_ADCEx_InjectedQueueOverflowCallback
 .text.HAL_ADCEx_LevelOutOfWindow2Callback
                0x0800174e        0x2 CMakeFiles/Clion_ADC_test.elf.dir/Drivers/STM32F3xx_HAL_Driver/Src/stm32f3xx_hal_adc_ex.c.obj
                0x0800174e                HAL_ADCEx_LevelOutOfWindow2Callback
 .text.HAL_ADCEx_LevelOutOfWindow3Callback
                0x08001750        0x2 CMakeFiles/Clion_ADC_test.elf.dir/Drivers/STM32F3xx_HAL_Driver/Src/stm32f3xx_hal_adc_ex.c.obj
                0x08001750                HAL_ADCEx_LevelOutOfWindow3Callback
 *fill*         0x08001752        0x2 
 .text.HAL_ADC_IRQHandler
                0x08001754      0x2c8 CMakeFiles/Clion_ADC_test.elf.dir/Drivers/STM32F3xx_HAL_Driver/Src/stm32f3xx_hal_adc_ex.c.obj
                0x08001754                HAL_ADC_IRQHandler
 .text.HAL_ADC_ConfigChannel
                0x08001a1c      0x36c CMakeFiles/Clion_ADC_test.elf.dir/Drivers/STM32F3xx_HAL_Driver/Src/stm32f3xx_hal_adc_ex.c.obj
                0x08001a1c                HAL_ADC_ConfigChannel
 .text.HAL_ADCEx_MultiModeConfigChannel
                0x08001d88      0x114 CMakeFiles/Clion_ADC_test.elf.dir/Drivers/STM32F3xx_HAL_Driver/Src/stm32f3xx_hal_adc_ex.c.obj
                0x08001d88                HAL_ADCEx_MultiModeConfigChannel
 .text.HAL_CAN_Init
                0x08001e9c      0x14c CMakeFiles/Clion_ADC_test.elf.dir/Drivers/STM32F3xx_HAL_Driver/Src/stm32f3xx_hal_can.c.obj
                0x08001e9c                HAL_CAN_Init
 .text.HAL_CAN_ConfigFilter
                0x08001fe8       0xfe CMakeFiles/Clion_ADC_test.elf.dir/Drivers/STM32F3xx_HAL_Driver/Src/stm32f3xx_hal_can.c.obj
                0x08001fe8                HAL_CAN_ConfigFilter
 .text.HAL_CAN_Start
                0x080020e6       0x5c CMakeFiles/Clion_ADC_test.elf.dir/Drivers/STM32F3xx_HAL_Driver/Src/stm32f3xx_hal_can.c.obj
                0x080020e6                HAL_CAN_Start
 .text.HAL_CAN_AddTxMessage
                0x08002142       0xec CMakeFiles/Clion_ADC_test.elf.dir/Drivers/STM32F3xx_HAL_Driver/Src/stm32f3xx_hal_can.c.obj
                0x08002142                HAL_CAN_AddTxMessage
 .text.HAL_CAN_GetRxMessage
                0x0800222e      0x140 CMakeFiles/Clion_ADC_test.elf.dir/Drivers/STM32F3xx_HAL_Driver/Src/stm32f3xx_hal_can.c.obj
                0x0800222e                HAL_CAN_GetRxMessage
 .text.HAL_CAN_ActivateNotification
                0x0800236e       0x24 CMakeFiles/Clion_ADC_test.elf.dir/Drivers/STM32F3xx_HAL_Driver/Src/stm32f3xx_hal_can.c.obj
                0x0800236e                HAL_CAN_ActivateNotification
 .text.HAL_CAN_TxMailbox0CompleteCallback
                0x08002392        0x2 CMakeFiles/Clion_ADC_test.elf.dir/Drivers/STM32F3xx_HAL_Driver/Src/stm32f3xx_hal_can.c.obj
                0x08002392                HAL_CAN_TxMailbox0CompleteCallback
 .text.HAL_CAN_TxMailbox1CompleteCallback
                0x08002394        0x2 CMakeFiles/Clion_ADC_test.elf.dir/Drivers/STM32F3xx_HAL_Driver/Src/stm32f3xx_hal_can.c.obj
                0x08002394                HAL_CAN_TxMailbox1CompleteCallback
 .text.HAL_CAN_TxMailbox2CompleteCallback
                0x08002396        0x2 CMakeFiles/Clion_ADC_test.elf.dir/Drivers/STM32F3xx_HAL_Driver/Src/stm32f3xx_hal_can.c.obj
                0x08002396                HAL_CAN_TxMailbox2CompleteCallback
 .text.HAL_CAN_TxMailbox0AbortCallback
                0x08002398        0x2 CMakeFiles/Clion_ADC_test.elf.dir/Drivers/STM32F3xx_HAL_Driver/Src/stm32f3xx_hal_can.c.obj
                0x08002398                HAL_CAN_TxMailbox0AbortCallback
 .text.HAL_CAN_TxMailbox1AbortCallback
                0x0800239a        0x2 CMakeFiles/Clion_ADC_test.elf.dir/Drivers/STM32F3xx_HAL_Driver/Src/stm32f3xx_hal_can.c.obj
                0x0800239a                HAL_CAN_TxMailbox1AbortCallback
 .text.HAL_CAN_TxMailbox2AbortCallback
                0x0800239c        0x2 CMakeFiles/Clion_ADC_test.elf.dir/Drivers/STM32F3xx_HAL_Driver/Src/stm32f3xx_hal_can.c.obj
                0x0800239c                HAL_CAN_TxMailbox2AbortCallback
 .text.HAL_CAN_RxFifo0FullCallback
                0x0800239e        0x2 CMakeFiles/Clion_ADC_test.elf.dir/Drivers/STM32F3xx_HAL_Driver/Src/stm32f3xx_hal_can.c.obj
                0x0800239e                HAL_CAN_RxFifo0FullCallback
 .text.HAL_CAN_RxFifo1MsgPendingCallback
                0x080023a0        0x2 CMakeFiles/Clion_ADC_test.elf.dir/Drivers/STM32F3xx_HAL_Driver/Src/stm32f3xx_hal_can.c.obj
                0x080023a0                HAL_CAN_RxFifo1MsgPendingCallback
 .text.HAL_CAN_RxFifo1FullCallback
                0x080023a2        0x2 CMakeFiles/Clion_ADC_test.elf.dir/Drivers/STM32F3xx_HAL_Driver/Src/stm32f3xx_hal_can.c.obj
                0x080023a2                HAL_CAN_RxFifo1FullCallback
 .text.HAL_CAN_SleepCallback
                0x080023a4        0x2 CMakeFiles/Clion_ADC_test.elf.dir/Drivers/STM32F3xx_HAL_Driver/Src/stm32f3xx_hal_can.c.obj
                0x080023a4                HAL_CAN_SleepCallback
 .text.HAL_CAN_WakeUpFromRxMsgCallback
                0x080023a6        0x2 CMakeFiles/Clion_ADC_test.elf.dir/Drivers/STM32F3xx_HAL_Driver/Src/stm32f3xx_hal_can.c.obj
                0x080023a6                HAL_CAN_WakeUpFromRxMsgCallback
 .text.HAL_CAN_ErrorCallback
                0x080023a8        0x2 CMakeFiles/Clion_ADC_test.elf.dir/Drivers/STM32F3xx_HAL_Driver/Src/stm32f3xx_hal_can.c.obj
                0x080023a8                HAL_CAN_ErrorCallback
 .text.HAL_CAN_IRQHandler
                0x080023aa      0x24a CMakeFiles/Clion_ADC_test.elf.dir/Drivers/STM32F3xx_HAL_Driver/Src/stm32f3xx_hal_can.c.obj
                0x080023aa                HAL_CAN_IRQHandler
 .text.HAL_NVIC_SetPriorityGrouping
                0x080025f4       0x24 CMakeFiles/Clion_ADC_test.elf.dir/Drivers/STM32F3xx_HAL_Driver/Src/stm32f3xx_hal_cortex.c.obj
                0x080025f4                HAL_NVIC_SetPriorityGrouping
 .text.HAL_NVIC_SetPriority
                0x08002618       0x68 CMakeFiles/Clion_ADC_test.elf.dir/Drivers/STM32F3xx_HAL_Driver/Src/stm32f3xx_hal_cortex.c.obj
                0x08002618                HAL_NVIC_SetPriority
 .text.HAL_NVIC_EnableIRQ
                0x08002680       0x1c CMakeFiles/Clion_ADC_test.elf.dir/Drivers/STM32F3xx_HAL_Driver/Src/stm32f3xx_hal_cortex.c.obj
                0x08002680                HAL_NVIC_EnableIRQ
 .text.DMA_SetConfig
                0x0800269c       0x2c CMakeFiles/Clion_ADC_test.elf.dir/Drivers/STM32F3xx_HAL_Driver/Src/stm32f3xx_hal_dma.c.obj
 .text.DMA_CalcBaseAndBitshift
                0x080026c8       0x24 CMakeFiles/Clion_ADC_test.elf.dir/Drivers/STM32F3xx_HAL_Driver/Src/stm32f3xx_hal_dma.c.obj
 .text.HAL_DMA_Init
                0x080026ec       0x50 CMakeFiles/Clion_ADC_test.elf.dir/Drivers/STM32F3xx_HAL_Driver/Src/stm32f3xx_hal_dma.c.obj
                0x080026ec                HAL_DMA_Init
 .text.HAL_DMA_Start_IT
                0x0800273c       0x74 CMakeFiles/Clion_ADC_test.elf.dir/Drivers/STM32F3xx_HAL_Driver/Src/stm32f3xx_hal_dma.c.obj
                0x0800273c                HAL_DMA_Start_IT
 .text.HAL_DMA_Abort_IT
                0x080027b0       0x4a CMakeFiles/Clion_ADC_test.elf.dir/Drivers/STM32F3xx_HAL_Driver/Src/stm32f3xx_hal_dma.c.obj
                0x080027b0                HAL_DMA_Abort_IT
 .text.HAL_DMA_IRQHandler
                0x080027fa       0xb4 CMakeFiles/Clion_ADC_test.elf.dir/Drivers/STM32F3xx_HAL_Driver/Src/stm32f3xx_hal_dma.c.obj
                0x080027fa                HAL_DMA_IRQHandler
 *fill*         0x080028ae        0x2 
 .text.FLASH_Program_HalfWord
                0x080028b0       0x1c CMakeFiles/Clion_ADC_test.elf.dir/Drivers/STM32F3xx_HAL_Driver/Src/stm32f3xx_hal_flash.c.obj
 .text.FLASH_SetErrorCode
                0x080028cc       0x3c CMakeFiles/Clion_ADC_test.elf.dir/Drivers/STM32F3xx_HAL_Driver/Src/stm32f3xx_hal_flash.c.obj
 .text.HAL_FLASH_Unlock
                0x08002908       0x34 CMakeFiles/Clion_ADC_test.elf.dir/Drivers/STM32F3xx_HAL_Driver/Src/stm32f3xx_hal_flash.c.obj
                0x08002908                HAL_FLASH_Unlock
 .text.HAL_FLASH_Lock
                0x0800293c       0x14 CMakeFiles/Clion_ADC_test.elf.dir/Drivers/STM32F3xx_HAL_Driver/Src/stm32f3xx_hal_flash.c.obj
                0x0800293c                HAL_FLASH_Lock
 .text.FLASH_WaitForLastOperation
                0x08002950       0x60 CMakeFiles/Clion_ADC_test.elf.dir/Drivers/STM32F3xx_HAL_Driver/Src/stm32f3xx_hal_flash.c.obj
                0x08002950                FLASH_WaitForLastOperation
 .text.HAL_FLASH_Program
                0x080029b0       0x9c CMakeFiles/Clion_ADC_test.elf.dir/Drivers/STM32F3xx_HAL_Driver/Src/stm32f3xx_hal_flash.c.obj
                0x080029b0                HAL_FLASH_Program
 .text.FLASH_MassErase
                0x08002a4c       0x24 CMakeFiles/Clion_ADC_test.elf.dir/Drivers/STM32F3xx_HAL_Driver/Src/stm32f3xx_hal_flash_ex.c.obj
 .text.FLASH_PageErase
                0x08002a70       0x24 CMakeFiles/Clion_ADC_test.elf.dir/Drivers/STM32F3xx_HAL_Driver/Src/stm32f3xx_hal_flash_ex.c.obj
                0x08002a70                FLASH_PageErase
 .text.HAL_FLASHEx_Erase
                0x08002a94       0xa4 CMakeFiles/Clion_ADC_test.elf.dir/Drivers/STM32F3xx_HAL_Driver/Src/stm32f3xx_hal_flash_ex.c.obj
                0x08002a94                HAL_FLASHEx_Erase
 .text.HAL_GPIO_Init
                0x08002b38      0x188 CMakeFiles/Clion_ADC_test.elf.dir/Drivers/STM32F3xx_HAL_Driver/Src/stm32f3xx_hal_gpio.c.obj
                0x08002b38                HAL_GPIO_Init
 .text.HAL_GPIO_WritePin
                0x08002cc0        0xa CMakeFiles/Clion_ADC_test.elf.dir/Drivers/STM32F3xx_HAL_Driver/Src/stm32f3xx_hal_gpio.c.obj
                0x08002cc0                HAL_GPIO_WritePin
 .text.HAL_GPIO_TogglePin
                0x08002cca       0x10 CMakeFiles/Clion_ADC_test.elf.dir/Drivers/STM32F3xx_HAL_Driver/Src/stm32f3xx_hal_gpio.c.obj
                0x08002cca                HAL_GPIO_TogglePin
 *fill*         0x08002cda        0x2 
 .text.HAL_RCC_OscConfig
                0x08002cdc      0x634 CMakeFiles/Clion_ADC_test.elf.dir/Drivers/STM32F3xx_HAL_Driver/Src/stm32f3xx_hal_rcc.c.obj
                0x08002cdc                HAL_RCC_OscConfig
 .text.HAL_RCC_GetSysClockFreq
                0x08003310       0x70 CMakeFiles/Clion_ADC_test.elf.dir/Drivers/STM32F3xx_HAL_Driver/Src/stm32f3xx_hal_rcc.c.obj
                0x08003310                HAL_RCC_GetSysClockFreq
 .text.HAL_RCC_ClockConfig
                0x08003380      0x1a8 CMakeFiles/Clion_ADC_test.elf.dir/Drivers/STM32F3xx_HAL_Driver/Src/stm32f3xx_hal_rcc.c.obj
                0x08003380                HAL_RCC_ClockConfig
 .text.HAL_RCC_GetHCLKFreq
                0x08003528        0xc CMakeFiles/Clion_ADC_test.elf.dir/Drivers/STM32F3xx_HAL_Driver/Src/stm32f3xx_hal_rcc.c.obj
                0x08003528                HAL_RCC_GetHCLKFreq
 .text.HAL_RCC_GetPCLK1Freq
                0x08003534       0x2c CMakeFiles/Clion_ADC_test.elf.dir/Drivers/STM32F3xx_HAL_Driver/Src/stm32f3xx_hal_rcc.c.obj
                0x08003534                HAL_RCC_GetPCLK1Freq
 .text.HAL_RCC_GetPCLK2Freq
                0x08003560       0x2c CMakeFiles/Clion_ADC_test.elf.dir/Drivers/STM32F3xx_HAL_Driver/Src/stm32f3xx_hal_rcc.c.obj
                0x08003560                HAL_RCC_GetPCLK2Freq
 .text.HAL_RCC_GetClockConfig
                0x0800358c       0x3c CMakeFiles/Clion_ADC_test.elf.dir/Drivers/STM32F3xx_HAL_Driver/Src/stm32f3xx_hal_rcc.c.obj
                0x0800358c                HAL_RCC_GetClockConfig
 .text.HAL_RCCEx_PeriphCLKConfig
                0x080035c8      0x1a4 CMakeFiles/Clion_ADC_test.elf.dir/Drivers/STM32F3xx_HAL_Driver/Src/stm32f3xx_hal_rcc_ex.c.obj
                0x080035c8                HAL_RCCEx_PeriphCLKConfig
 .text.TIM_OC1_SetConfig
                0x0800376c       0x8c CMakeFiles/Clion_ADC_test.elf.dir/Drivers/STM32F3xx_HAL_Driver/Src/stm32f3xx_hal_tim.c.obj
 .text.TIM_OC3_SetConfig
                0x080037f8       0x7c CMakeFiles/Clion_ADC_test.elf.dir/Drivers/STM32F3xx_HAL_Driver/Src/stm32f3xx_hal_tim.c.obj
 .text.TIM_OC4_SetConfig
                0x08003874       0x64 CMakeFiles/Clion_ADC_test.elf.dir/Drivers/STM32F3xx_HAL_Driver/Src/stm32f3xx_hal_tim.c.obj
 .text.TIM_OC5_SetConfig
                0x080038d8       0x60 CMakeFiles/Clion_ADC_test.elf.dir/Drivers/STM32F3xx_HAL_Driver/Src/stm32f3xx_hal_tim.c.obj
 .text.TIM_OC6_SetConfig
                0x08003938       0x64 CMakeFiles/Clion_ADC_test.elf.dir/Drivers/STM32F3xx_HAL_Driver/Src/stm32f3xx_hal_tim.c.obj
 .text.HAL_TIM_Base_Start
                0x0800399c       0x30 CMakeFiles/Clion_ADC_test.elf.dir/Drivers/STM32F3xx_HAL_Driver/Src/stm32f3xx_hal_tim.c.obj
                0x0800399c                HAL_TIM_Base_Start
 .text.HAL_TIM_Base_Start_IT
                0x080039cc       0x2c CMakeFiles/Clion_ADC_test.elf.dir/Drivers/STM32F3xx_HAL_Driver/Src/stm32f3xx_hal_tim.c.obj
                0x080039cc                HAL_TIM_Base_Start_IT
 .text.HAL_TIM_OC_DelayElapsedCallback
                0x080039f8        0x2 CMakeFiles/Clion_ADC_test.elf.dir/Drivers/STM32F3xx_HAL_Driver/Src/stm32f3xx_hal_tim.c.obj
                0x080039f8                HAL_TIM_OC_DelayElapsedCallback
 .text.HAL_TIM_IC_CaptureCallback
                0x080039fa        0x2 CMakeFiles/Clion_ADC_test.elf.dir/Drivers/STM32F3xx_HAL_Driver/Src/stm32f3xx_hal_tim.c.obj
                0x080039fa                HAL_TIM_IC_CaptureCallback
 .text.HAL_TIM_PWM_PulseFinishedCallback
                0x080039fc        0x2 CMakeFiles/Clion_ADC_test.elf.dir/Drivers/STM32F3xx_HAL_Driver/Src/stm32f3xx_hal_tim.c.obj
                0x080039fc                HAL_TIM_PWM_PulseFinishedCallback
 .text.HAL_TIM_TriggerCallback
                0x080039fe        0x2 CMakeFiles/Clion_ADC_test.elf.dir/Drivers/STM32F3xx_HAL_Driver/Src/stm32f3xx_hal_tim.c.obj
                0x080039fe                HAL_TIM_TriggerCallback
 .text.HAL_TIM_IRQHandler
                0x08003a00      0x19a CMakeFiles/Clion_ADC_test.elf.dir/Drivers/STM32F3xx_HAL_Driver/Src/stm32f3xx_hal_tim.c.obj
                0x08003a00                HAL_TIM_IRQHandler
 *fill*         0x08003b9a        0x2 
 .text.TIM_Base_SetConfig
                0x08003b9c       0x90 CMakeFiles/Clion_ADC_test.elf.dir/Drivers/STM32F3xx_HAL_Driver/Src/stm32f3xx_hal_tim.c.obj
                0x08003b9c                TIM_Base_SetConfig
 .text.HAL_TIM_Base_Init
                0x08003c2c       0x34 CMakeFiles/Clion_ADC_test.elf.dir/Drivers/STM32F3xx_HAL_Driver/Src/stm32f3xx_hal_tim.c.obj
                0x08003c2c                HAL_TIM_Base_Init
 .text.HAL_TIM_PWM_Init
                0x08003c60       0x34 CMakeFiles/Clion_ADC_test.elf.dir/Drivers/STM32F3xx_HAL_Driver/Src/stm32f3xx_hal_tim.c.obj
                0x08003c60                HAL_TIM_PWM_Init
 .text.TIM_OC2_SetConfig
                0x08003c94       0x80 CMakeFiles/Clion_ADC_test.elf.dir/Drivers/STM32F3xx_HAL_Driver/Src/stm32f3xx_hal_tim.c.obj
                0x08003c94                TIM_OC2_SetConfig
 .text.HAL_TIM_PWM_ConfigChannel
                0x08003d14      0x134 CMakeFiles/Clion_ADC_test.elf.dir/Drivers/STM32F3xx_HAL_Driver/Src/stm32f3xx_hal_tim.c.obj
                0x08003d14                HAL_TIM_PWM_ConfigChannel
 .text.TIM_CCxChannelCmd
                0x08003e48       0x24 CMakeFiles/Clion_ADC_test.elf.dir/Drivers/STM32F3xx_HAL_Driver/Src/stm32f3xx_hal_tim.c.obj
                0x08003e48                TIM_CCxChannelCmd
 .text.HAL_TIM_PWM_Start
                0x08003e6c       0x5c CMakeFiles/Clion_ADC_test.elf.dir/Drivers/STM32F3xx_HAL_Driver/Src/stm32f3xx_hal_tim.c.obj
                0x08003e6c                HAL_TIM_PWM_Start
 .text.HAL_TIMEx_MasterConfigSynchronization
                0x08003ec8       0x78 CMakeFiles/Clion_ADC_test.elf.dir/Drivers/STM32F3xx_HAL_Driver/Src/stm32f3xx_hal_tim_ex.c.obj
                0x08003ec8                HAL_TIMEx_MasterConfigSynchronization
 .text.HAL_TIMEx_ConfigBreakDeadTime
                0x08003f40       0x88 CMakeFiles/Clion_ADC_test.elf.dir/Drivers/STM32F3xx_HAL_Driver/Src/stm32f3xx_hal_tim_ex.c.obj
                0x08003f40                HAL_TIMEx_ConfigBreakDeadTime
 .text.HAL_TIMEx_CommutCallback
                0x08003fc8        0x2 CMakeFiles/Clion_ADC_test.elf.dir/Drivers/STM32F3xx_HAL_Driver/Src/stm32f3xx_hal_tim_ex.c.obj
                0x08003fc8                HAL_TIMEx_CommutCallback
 .text.HAL_TIMEx_BreakCallback
                0x08003fca        0x2 CMakeFiles/Clion_ADC_test.elf.dir/Drivers/STM32F3xx_HAL_Driver/Src/stm32f3xx_hal_tim_ex.c.obj
                0x08003fca                HAL_TIMEx_BreakCallback
 .text.HAL_TIMEx_Break2Callback
                0x08003fcc        0x2 CMakeFiles/Clion_ADC_test.elf.dir/Drivers/STM32F3xx_HAL_Driver/Src/stm32f3xx_hal_tim_ex.c.obj
                0x08003fcc                HAL_TIMEx_Break2Callback
 .text.UART_EndTxTransfer
                0x08003fce       0x10 CMakeFiles/Clion_ADC_test.elf.dir/Drivers/STM32F3xx_HAL_Driver/Src/stm32f3xx_hal_uart.c.obj
 .text.UART_EndRxTransfer
                0x08003fde       0x1e CMakeFiles/Clion_ADC_test.elf.dir/Drivers/STM32F3xx_HAL_Driver/Src/stm32f3xx_hal_uart.c.obj
 .text.HAL_UART_Receive_IT
                0x08003ffc       0xd4 CMakeFiles/Clion_ADC_test.elf.dir/Drivers/STM32F3xx_HAL_Driver/Src/stm32f3xx_hal_uart.c.obj
                0x08003ffc                HAL_UART_Receive_IT
 .text.HAL_UART_Transmit_DMA
                0x080040d0       0xa4 CMakeFiles/Clion_ADC_test.elf.dir/Drivers/STM32F3xx_HAL_Driver/Src/stm32f3xx_hal_uart.c.obj
                0x080040d0                HAL_UART_Transmit_DMA
 .text.HAL_UART_TxCpltCallback
                0x08004174        0x2 CMakeFiles/Clion_ADC_test.elf.dir/Drivers/STM32F3xx_HAL_Driver/Src/stm32f3xx_hal_uart.c.obj
                0x08004174                HAL_UART_TxCpltCallback
 .text.UART_DMATransmitCplt
                0x08004176       0x2e CMakeFiles/Clion_ADC_test.elf.dir/Drivers/STM32F3xx_HAL_Driver/Src/stm32f3xx_hal_uart.c.obj
 .text.UART_EndTransmit_IT
                0x080041a4       0x1a CMakeFiles/Clion_ADC_test.elf.dir/Drivers/STM32F3xx_HAL_Driver/Src/stm32f3xx_hal_uart.c.obj
 .text.HAL_UART_TxHalfCpltCallback
                0x080041be        0x2 CMakeFiles/Clion_ADC_test.elf.dir/Drivers/STM32F3xx_HAL_Driver/Src/stm32f3xx_hal_uart.c.obj
                0x080041be                HAL_UART_TxHalfCpltCallback
 .text.UART_DMATxHalfCplt
                0x080041c0        0xa CMakeFiles/Clion_ADC_test.elf.dir/Drivers/STM32F3xx_HAL_Driver/Src/stm32f3xx_hal_uart.c.obj
 .text.UART_RxISR_8BIT
                0x080041ca       0x64 CMakeFiles/Clion_ADC_test.elf.dir/Drivers/STM32F3xx_HAL_Driver/Src/stm32f3xx_hal_uart.c.obj
 .text.UART_RxISR_16BIT
                0x0800422e       0x62 CMakeFiles/Clion_ADC_test.elf.dir/Drivers/STM32F3xx_HAL_Driver/Src/stm32f3xx_hal_uart.c.obj
 .text.HAL_UART_ErrorCallback
                0x08004290        0x2 CMakeFiles/Clion_ADC_test.elf.dir/Drivers/STM32F3xx_HAL_Driver/Src/stm32f3xx_hal_uart.c.obj
                0x08004290                HAL_UART_ErrorCallback
 .text.UART_DMAError
                0x08004292       0x50 CMakeFiles/Clion_ADC_test.elf.dir/Drivers/STM32F3xx_HAL_Driver/Src/stm32f3xx_hal_uart.c.obj
 *fill*         0x080042e2        0x2 
 .text.HAL_UART_IRQHandler
                0x080042e4      0x180 CMakeFiles/Clion_ADC_test.elf.dir/Drivers/STM32F3xx_HAL_Driver/Src/stm32f3xx_hal_uart.c.obj
                0x080042e4                HAL_UART_IRQHandler
 .text.UART_DMAAbortOnError
                0x08004464       0x14 CMakeFiles/Clion_ADC_test.elf.dir/Drivers/STM32F3xx_HAL_Driver/Src/stm32f3xx_hal_uart.c.obj
 .text.UART_SetConfig
                0x08004478      0x1d8 CMakeFiles/Clion_ADC_test.elf.dir/Drivers/STM32F3xx_HAL_Driver/Src/stm32f3xx_hal_uart.c.obj
                0x08004478                UART_SetConfig
 .text.UART_AdvFeatureConfig
                0x08004650       0xca CMakeFiles/Clion_ADC_test.elf.dir/Drivers/STM32F3xx_HAL_Driver/Src/stm32f3xx_hal_uart.c.obj
                0x08004650                UART_AdvFeatureConfig
 .text.UART_WaitOnFlagUntilTimeout
                0x0800471a       0xa2 CMakeFiles/Clion_ADC_test.elf.dir/Drivers/STM32F3xx_HAL_Driver/Src/stm32f3xx_hal_uart.c.obj
                0x0800471a                UART_WaitOnFlagUntilTimeout
 .text.HAL_UART_Transmit
                0x080047bc       0xd6 CMakeFiles/Clion_ADC_test.elf.dir/Drivers/STM32F3xx_HAL_Driver/Src/stm32f3xx_hal_uart.c.obj
                0x080047bc                HAL_UART_Transmit
 .text.HAL_UART_Receive
                0x08004892      0x11e CMakeFiles/Clion_ADC_test.elf.dir/Drivers/STM32F3xx_HAL_Driver/Src/stm32f3xx_hal_uart.c.obj
                0x08004892                HAL_UART_Receive
 .text.UART_CheckIdleState
                0x080049b0       0x6c CMakeFiles/Clion_ADC_test.elf.dir/Drivers/STM32F3xx_HAL_Driver/Src/stm32f3xx_hal_uart.c.obj
                0x080049b0                UART_CheckIdleState
 .text.HAL_UART_Init
                0x08004a1c       0x62 CMakeFiles/Clion_ADC_test.elf.dir/Drivers/STM32F3xx_HAL_Driver/Src/stm32f3xx_hal_uart.c.obj
                0x08004a1c                HAL_UART_Init
 .text.HAL_UARTEx_WakeupCallback
                0x08004a7e        0x2 CMakeFiles/Clion_ADC_test.elf.dir/Drivers/STM32F3xx_HAL_Driver/Src/stm32f3xx_hal_uart_ex.c.obj
                0x08004a7e                HAL_UARTEx_WakeupCallback
 .text.SinTable
                0x08004a80       0x4c CMakeFiles/Clion_ADC_test.elf.dir/Src/Firmware/inc/Cmath.c.obj
                0x08004a80                SinTable
 .text.CosTable
                0x08004acc       0x30 CMakeFiles/Clion_ADC_test.elf.dir/Src/Firmware/inc/Cmath.c.obj
                0x08004acc                CosTable
 .text.fmaxf    0x08004afc       0x18 CMakeFiles/Clion_ADC_test.elf.dir/Src/Firmware/inc/Cmath.c.obj
                0x08004afc                fmaxf
 .text.fminf    0x08004b14       0x18 CMakeFiles/Clion_ADC_test.elf.dir/Src/Firmware/inc/Cmath.c.obj
                0x08004b14                fminf
 .text.fmaxf3   0x08004b2c       0x32 CMakeFiles/Clion_ADC_test.elf.dir/Src/Firmware/inc/Cmath.c.obj
                0x08004b2c                fmaxf3
 .text.fminf3   0x08004b5e       0x32 CMakeFiles/Clion_ADC_test.elf.dir/Src/Firmware/inc/Cmath.c.obj
                0x08004b5e                fminf3
 .text.limit_norm
                0x08004b90       0x6e CMakeFiles/Clion_ADC_test.elf.dir/Src/Firmware/inc/Cmath.c.obj
                0x08004b90                limit_norm
 *fill*         0x08004bfe        0x2 
 .text.LowPassFilter_RC_1order
                0x08004c00       0x74 CMakeFiles/Clion_ADC_test.elf.dir/Src/Firmware/inc/Cmath.c.obj
                0x08004c00                LowPassFilter_RC_1order
 .text.float_to_uint
                0x08004c74       0x28 CMakeFiles/Clion_ADC_test.elf.dir/Src/Firmware/inc/Cmath.c.obj
                0x08004c74                float_to_uint
 .text.uint_to_float
                0x08004c9c       0x28 CMakeFiles/Clion_ADC_test.elf.dir/Src/Firmware/inc/Cmath.c.obj
                0x08004c9c                uint_to_float
 .text.AcquireCurrent
                0x08004cc4       0x78 CMakeFiles/Clion_ADC_test.elf.dir/Src/Firmware/inc/CurrentSensing.c.obj
                0x08004cc4                AcquireCurrent
 .text.CaliADC  0x08004d3c       0x2c CMakeFiles/Clion_ADC_test.elf.dir/Src/Firmware/inc/CurrentSensing.c.obj
                0x08004d3c                CaliADC
 .text.CurrentSensor_Init
                0x08004d68       0x14 CMakeFiles/Clion_ADC_test.elf.dir/Src/Firmware/inc/CurrentSensing.c.obj
                0x08004d68                CurrentSensor_Init
 .text.Current_SenseA
                0x08004d7c       0x28 CMakeFiles/Clion_ADC_test.elf.dir/Src/Firmware/inc/CurrentSensing.c.obj
                0x08004d7c                Current_SenseA
 .text.Current_SenseB
                0x08004da4       0x28 CMakeFiles/Clion_ADC_test.elf.dir/Src/Firmware/inc/CurrentSensing.c.obj
                0x08004da4                Current_SenseB
 .text.SVPWM_SetZero
                0x08004dcc       0x12 CMakeFiles/Clion_ADC_test.elf.dir/Src/Firmware/inc/SVPWM.c.obj
                0x08004dcc                SVPWM_SetZero
 *fill*         0x08004dde        0x2 
 .text.dq0      0x08004de0       0xac CMakeFiles/Clion_ADC_test.elf.dir/Src/Firmware/inc/SVPWM.c.obj
                0x08004de0                dq0
 .text.abc      0x08004e8c       0x9c CMakeFiles/Clion_ADC_test.elf.dir/Src/Firmware/inc/SVPWM.c.obj
                0x08004e8c                abc
 .text.SPWM     0x08004f28       0xb4 CMakeFiles/Clion_ADC_test.elf.dir/Src/Firmware/inc/SVPWM.c.obj
                0x08004f28                SPWM
 .text.StoreTheMas
                0x08004fdc        0xa CMakeFiles/Clion_ADC_test.elf.dir/Src/Firmware/inc/communication.c.obj
                0x08004fdc                StoreTheMas
 *fill*         0x08004fe6        0x2 
 .text.Massage_Pack
                0x08004fe8       0xa8 CMakeFiles/Clion_ADC_test.elf.dir/Src/Firmware/inc/communication.c.obj
                0x08004fe8                Massage_Pack
 .text.Massage_Process
                0x08005090      0x380 CMakeFiles/Clion_ADC_test.elf.dir/Src/Firmware/inc/communication.c.obj
                0x08005090                Massage_Process
 .text.CAN_FilterInit
                0x08005410       0x30 CMakeFiles/Clion_ADC_test.elf.dir/Src/Firmware/inc/communication.c.obj
                0x08005410                CAN_FilterInit
 .text.CAN_RxHeader_Pack
                0x08005440       0x18 CMakeFiles/Clion_ADC_test.elf.dir/Src/Firmware/inc/communication.c.obj
                0x08005440                CAN_RxHeader_Pack
 .text.CAN_TxHeader_Pack
                0x08005458       0x20 CMakeFiles/Clion_ADC_test.elf.dir/Src/Firmware/inc/communication.c.obj
                0x08005458                CAN_TxHeader_Pack
 .text.CAN_USER_Init
                0x08005478       0x1c CMakeFiles/Clion_ADC_test.elf.dir/Src/Firmware/inc/communication.c.obj
                0x08005478                CAN_USER_Init
 .text.HAL_UART_RxCpltCallback
                0x08005494       0x44 CMakeFiles/Clion_ADC_test.elf.dir/Src/Firmware/inc/communication.c.obj
                0x08005494                HAL_UART_RxCpltCallback
 .text.HAL_CAN_RxFifo0MsgPendingCallback
                0x080054d8       0x44 CMakeFiles/Clion_ADC_test.elf.dir/Src/Firmware/inc/communication.c.obj
                0x080054d8                HAL_CAN_RxFifo0MsgPendingCallback
 .text.Write_FOC_ID
                0x0800551c       0x38 CMakeFiles/Clion_ADC_test.elf.dir/Src/Firmware/inc/foc.c.obj
                0x0800551c                Write_FOC_ID
 .text.init_PID
                0x08005554       0x54 CMakeFiles/Clion_ADC_test.elf.dir/Src/Firmware/inc/foc.c.obj
                0x08005554                init_PID
 .text.FOCStruct_Init
                0x080055a8       0x6c CMakeFiles/Clion_ADC_test.elf.dir/Src/Firmware/inc/foc.c.obj
                0x080055a8                FOCStruct_Init
 .text.Start_Drv8302
                0x08005614       0x2c CMakeFiles/Clion_ADC_test.elf.dir/Src/Firmware/inc/foc.c.obj
                0x08005614                Start_Drv8302
 .text.Stop_Drv8302
                0x08005640       0x12 CMakeFiles/Clion_ADC_test.elf.dir/Src/Firmware/inc/foc.c.obj
                0x08005640                Stop_Drv8302
 .text.tuner_PI
                0x08005652       0x8e CMakeFiles/Clion_ADC_test.elf.dir/Src/Firmware/inc/foc.c.obj
                0x08005652                tuner_PI
 .text.tuner_PID
                0x080056e0       0xdc CMakeFiles/Clion_ADC_test.elf.dir/Src/Firmware/inc/foc.c.obj
                0x080056e0                tuner_PID
 .text.Angle_Control
                0x080057bc       0x58 CMakeFiles/Clion_ADC_test.elf.dir/Src/Firmware/inc/foc.c.obj
                0x080057bc                Angle_Control
 *fill*         0x08005814        0x4 
 .text.Actual_Current_Acquire
                0x08005818       0x88 CMakeFiles/Clion_ADC_test.elf.dir/Src/Firmware/inc/foc.c.obj
                0x08005818                Actual_Current_Acquire
 .text.Actual_Angle_Acquire
                0x080058a0       0x2c CMakeFiles/Clion_ADC_test.elf.dir/Src/Firmware/inc/foc.c.obj
                0x080058a0                Actual_Angle_Acquire
 .text.Actual_Speed_Acquire
                0x080058cc       0x70 CMakeFiles/Clion_ADC_test.elf.dir/Src/Firmware/inc/foc.c.obj
                0x080058cc                Actual_Speed_Acquire
 .text.linearize_dtc
                0x0800593c       0x48 CMakeFiles/Clion_ADC_test.elf.dir/Src/Firmware/inc/foc.c.obj
                0x0800593c                linearize_dtc
 *fill*         0x08005984        0x4 
 .text.FOC_Trans
                0x08005988      0x1fc CMakeFiles/Clion_ADC_test.elf.dir/Src/Firmware/inc/foc.c.obj
                0x08005988                FOC_Trans
 .text.Shut_down
                0x08005b84       0x1c CMakeFiles/Clion_ADC_test.elf.dir/Src/Firmware/inc/foc.c.obj
                0x08005b84                Shut_down
 .text.Init_Drv8302
                0x08005ba0       0x2c CMakeFiles/Clion_ADC_test.elf.dir/Src/Firmware/inc/foc.c.obj
                0x08005ba0                Init_Drv8302
 .text.currentLimit
                0x08005bcc       0x84 CMakeFiles/Clion_ADC_test.elf.dir/Src/Firmware/inc/foc.c.obj
                0x08005bcc                currentLimit
 .text.OverDuty_Detect
                0x08005c50       0x44 CMakeFiles/Clion_ADC_test.elf.dir/Src/Firmware/inc/foc.c.obj
                0x08005c50                OverDuty_Detect
 .text.InputUnder_voltage
                0x08005c94       0x28 CMakeFiles/Clion_ADC_test.elf.dir/Src/Firmware/inc/foc.c.obj
                0x08005c94                InputUnder_voltage
 .text.Task_500ms
                0x08005cbc       0x14 CMakeFiles/Clion_ADC_test.elf.dir/Src/Firmware/inc/midtask.c.obj
                0x08005cbc                Task_500ms
 .text.Central_Manager
                0x08005cd0       0x58 CMakeFiles/Clion_ADC_test.elf.dir/Src/Firmware/inc/midtask.c.obj
                0x08005cd0                Central_Manager
 .text.HAL_TIM_PeriodElapsedCallback
                0x08005d28      0x12c CMakeFiles/Clion_ADC_test.elf.dir/Src/Firmware/inc/midtask.c.obj
                0x08005d28                HAL_TIM_PeriodElapsedCallback
 *fill*         0x08005e54        0x4 
 .text.atan2LUT
                0x08005e58      0x29c CMakeFiles/Clion_ADC_test.elf.dir/Src/Firmware/inc/positionsensor.c.obj
                0x08005e58                atan2LUT
 *fill*         0x080060f4        0x4 
 .text.Angle_Get
                0x080060f8       0xec CMakeFiles/Clion_ADC_test.elf.dir/Src/Firmware/inc/positionsensor.c.obj
                0x080060f8                Angle_Get
 .text.MX_ADC1_Init
                0x080061e4       0xc0 CMakeFiles/Clion_ADC_test.elf.dir/Src/adc.c.obj
                0x080061e4                MX_ADC1_Init
 .text.MX_ADC2_Init
                0x080062a4       0x90 CMakeFiles/Clion_ADC_test.elf.dir/Src/adc.c.obj
                0x080062a4                MX_ADC2_Init
 .text.HAL_ADC_MspInit
                0x08006334      0x164 CMakeFiles/Clion_ADC_test.elf.dir/Src/adc.c.obj
                0x08006334                HAL_ADC_MspInit
 .text.MX_CAN_Init
                0x08006498       0x48 CMakeFiles/Clion_ADC_test.elf.dir/Src/can.c.obj
                0x08006498                MX_CAN_Init
 .text.HAL_CAN_MspInit
                0x080064e0       0x7c CMakeFiles/Clion_ADC_test.elf.dir/Src/can.c.obj
                0x080064e0                HAL_CAN_MspInit
 .text.MX_DMA_Init
                0x0800655c       0x64 CMakeFiles/Clion_ADC_test.elf.dir/Src/dma.c.obj
                0x0800655c                MX_DMA_Init
 .text.MX_GPIO_Init
                0x080065c0       0x9c CMakeFiles/Clion_ADC_test.elf.dir/Src/gpio.c.obj
                0x080065c0                MX_GPIO_Init
 .text.SystemClock_Config
                0x0800665c       0x76 CMakeFiles/Clion_ADC_test.elf.dir/Src/main.c.obj
                0x0800665c                SystemClock_Config
 *fill*         0x080066d2        0x2 
 .text.Perip_Initalization
                0x080066d4       0x88 CMakeFiles/Clion_ADC_test.elf.dir/Src/main.c.obj
                0x080066d4                Perip_Initalization
 .text.main     0x0800675c       0x3c CMakeFiles/Clion_ADC_test.elf.dir/Src/main.c.obj
                0x0800675c                main
 .text.Error_Handler
                0x08006798        0x2 CMakeFiles/Clion_ADC_test.elf.dir/Src/main.c.obj
                0x08006798                Error_Handler
 *fill*         0x0800679a        0x2 
 .text.RetargetInit
                0x0800679c       0x20 CMakeFiles/Clion_ADC_test.elf.dir/Src/retarget.c.obj
                0x0800679c                RetargetInit
 .text._isatty  0x080067bc       0x16 CMakeFiles/Clion_ADC_test.elf.dir/Src/retarget.c.obj
                0x080067bc                _isatty
 *fill*         0x080067d2        0x2 
 .text._write   0x080067d4       0x34 CMakeFiles/Clion_ADC_test.elf.dir/Src/retarget.c.obj
                0x080067d4                _write
 .text._close   0x08006808       0x18 CMakeFiles/Clion_ADC_test.elf.dir/Src/retarget.c.obj
                0x08006808                _close
 .text._lseek   0x08006820       0x10 CMakeFiles/Clion_ADC_test.elf.dir/Src/retarget.c.obj
                0x08006820                _lseek
 .text._read    0x08006830       0x30 CMakeFiles/Clion_ADC_test.elf.dir/Src/retarget.c.obj
                0x08006830                _read
 .text._fstat   0x08006860       0x1a CMakeFiles/Clion_ADC_test.elf.dir/Src/retarget.c.obj
                0x08006860                _fstat
 *fill*         0x0800687a        0x2 
 .text.HAL_MspInit
                0x0800687c       0x30 CMakeFiles/Clion_ADC_test.elf.dir/Src/stm32f3xx_hal_msp.c.obj
                0x0800687c                HAL_MspInit
 .text.HAL_InitTick
                0x080068ac       0x7c CMakeFiles/Clion_ADC_test.elf.dir/Src/stm32f3xx_hal_timebase_tim.c.obj
                0x080068ac                HAL_InitTick
 .text.NMI_Handler
                0x08006928        0x2 CMakeFiles/Clion_ADC_test.elf.dir/Src/stm32f3xx_it.c.obj
                0x08006928                NMI_Handler
 .text.HardFault_Handler
                0x0800692a        0x2 CMakeFiles/Clion_ADC_test.elf.dir/Src/stm32f3xx_it.c.obj
                0x0800692a                HardFault_Handler
 .text.MemManage_Handler
                0x0800692c        0x2 CMakeFiles/Clion_ADC_test.elf.dir/Src/stm32f3xx_it.c.obj
                0x0800692c                MemManage_Handler
 .text.BusFault_Handler
                0x0800692e        0x2 CMakeFiles/Clion_ADC_test.elf.dir/Src/stm32f3xx_it.c.obj
                0x0800692e                BusFault_Handler
 .text.UsageFault_Handler
                0x08006930        0x2 CMakeFiles/Clion_ADC_test.elf.dir/Src/stm32f3xx_it.c.obj
                0x08006930                UsageFault_Handler
 .text.SVC_Handler
                0x08006932        0x2 CMakeFiles/Clion_ADC_test.elf.dir/Src/stm32f3xx_it.c.obj
                0x08006932                SVC_Handler
 .text.DebugMon_Handler
                0x08006934        0x2 CMakeFiles/Clion_ADC_test.elf.dir/Src/stm32f3xx_it.c.obj
                0x08006934                DebugMon_Handler
 .text.PendSV_Handler
                0x08006936        0x2 CMakeFiles/Clion_ADC_test.elf.dir/Src/stm32f3xx_it.c.obj
                0x08006936                PendSV_Handler
 .text.SysTick_Handler
                0x08006938        0x2 CMakeFiles/Clion_ADC_test.elf.dir/Src/stm32f3xx_it.c.obj
                0x08006938                SysTick_Handler
 *fill*         0x0800693a        0x2 
 .text.DMA1_Channel1_IRQHandler
                0x0800693c       0x10 CMakeFiles/Clion_ADC_test.elf.dir/Src/stm32f3xx_it.c.obj
                0x0800693c                DMA1_Channel1_IRQHandler
 .text.DMA1_Channel2_IRQHandler
                0x0800694c       0x10 CMakeFiles/Clion_ADC_test.elf.dir/Src/stm32f3xx_it.c.obj
                0x0800694c                DMA1_Channel2_IRQHandler
 .text.DMA1_Channel4_IRQHandler
                0x0800695c       0x10 CMakeFiles/Clion_ADC_test.elf.dir/Src/stm32f3xx_it.c.obj
                0x0800695c                DMA1_Channel4_IRQHandler
 .text.DMA1_Channel5_IRQHandler
                0x0800696c       0x10 CMakeFiles/Clion_ADC_test.elf.dir/Src/stm32f3xx_it.c.obj
                0x0800696c                DMA1_Channel5_IRQHandler
 .text.ADC1_2_IRQHandler
                0x0800697c       0x18 CMakeFiles/Clion_ADC_test.elf.dir/Src/stm32f3xx_it.c.obj
                0x0800697c                ADC1_2_IRQHandler
 .text.CAN_RX0_IRQHandler
                0x08006994       0x10 CMakeFiles/Clion_ADC_test.elf.dir/Src/stm32f3xx_it.c.obj
                0x08006994                CAN_RX0_IRQHandler
 .text.TIM1_UP_TIM16_IRQHandler
                0x080069a4       0x10 CMakeFiles/Clion_ADC_test.elf.dir/Src/stm32f3xx_it.c.obj
                0x080069a4                TIM1_UP_TIM16_IRQHandler
 .text.USART1_IRQHandler
                0x080069b4       0x10 CMakeFiles/Clion_ADC_test.elf.dir/Src/stm32f3xx_it.c.obj
                0x080069b4                USART1_IRQHandler
 .text.TIM6_DAC1_IRQHandler
                0x080069c4       0x10 CMakeFiles/Clion_ADC_test.elf.dir/Src/stm32f3xx_it.c.obj
                0x080069c4                TIM6_DAC1_IRQHandler
 .text.TIM7_DAC2_IRQHandler
                0x080069d4       0x10 CMakeFiles/Clion_ADC_test.elf.dir/Src/stm32f3xx_it.c.obj
                0x080069d4                TIM7_DAC2_IRQHandler
 .text._getpid  0x080069e4        0x4 CMakeFiles/Clion_ADC_test.elf.dir/Src/syscalls.c.obj
                0x080069e4                _getpid
 .text._kill    0x080069e8       0x10 CMakeFiles/Clion_ADC_test.elf.dir/Src/syscalls.c.obj
                0x080069e8                _kill
 .text._exit    0x080069f8        0xc CMakeFiles/Clion_ADC_test.elf.dir/Src/syscalls.c.obj
                0x080069f8                _exit
 .text._sbrk    0x08006a04       0x3c CMakeFiles/Clion_ADC_test.elf.dir/Src/syscalls.c.obj
                0x08006a04                _sbrk
 .text.SystemInit
                0x08006a40       0x1c CMakeFiles/Clion_ADC_test.elf.dir/Src/system_stm32f3xx.c.obj
                0x08006a40                SystemInit
 .text.MX_TIM6_Init
                0x08006a5c       0x50 CMakeFiles/Clion_ADC_test.elf.dir/Src/tim.c.obj
                0x08006a5c                MX_TIM6_Init
 .text.HAL_TIM_PWM_MspInit
                0x08006aac       0x40 CMakeFiles/Clion_ADC_test.elf.dir/Src/tim.c.obj
                0x08006aac                HAL_TIM_PWM_MspInit
 .text.HAL_TIM_Base_MspInit
                0x08006aec       0x40 CMakeFiles/Clion_ADC_test.elf.dir/Src/tim.c.obj
                0x08006aec                HAL_TIM_Base_MspInit
 .text.HAL_TIM_MspPostInit
                0x08006b2c       0x9c CMakeFiles/Clion_ADC_test.elf.dir/Src/tim.c.obj
                0x08006b2c                HAL_TIM_MspPostInit
 .text.MX_TIM1_Init
                0x08006bc8       0xec CMakeFiles/Clion_ADC_test.elf.dir/Src/tim.c.obj
                0x08006bc8                MX_TIM1_Init
 .text.MX_USART1_UART_Init
                0x08006cb4       0x38 CMakeFiles/Clion_ADC_test.elf.dir/Src/usart.c.obj
                0x08006cb4                MX_USART1_UART_Init
 .text.HAL_UART_MspInit
                0x08006cec       0xe0 CMakeFiles/Clion_ADC_test.elf.dir/Src/usart.c.obj
                0x08006cec                HAL_UART_MspInit
 .text.DMA_printf
                0x08006dcc       0x3c CMakeFiles/Clion_ADC_test.elf.dir/Src/usart.c.obj
                0x08006dcc                DMA_printf
 .text.Reset_Handler
                0x08006e08       0x50 CMakeFiles/Clion_ADC_test.elf.dir/startup/startup_stm32f334x8.s.obj
                0x08006e08                Reset_Handler
 .text.Default_Handler
                0x08006e58        0x2 CMakeFiles/Clion_ADC_test.elf.dir/startup/startup_stm32f334x8.s.obj
                0x08006e58                RTC_Alarm_IRQHandler
                0x08006e58                HRTIM1_Master_IRQHandler
                0x08006e58                TIM1_CC_IRQHandler
                0x08006e58                HRTIM1_FLT_IRQHandler
                0x08006e58                PVD_IRQHandler
                0x08006e58                HRTIM1_TIMD_IRQHandler
                0x08006e58                TAMP_STAMP_IRQHandler
                0x08006e58                EXTI3_IRQHandler
                0x08006e58                EXTI0_IRQHandler
                0x08006e58                FPU_IRQHandler
                0x08006e58                CAN_TX_IRQHandler
                0x08006e58                HRTIM1_TIME_IRQHandler
                0x08006e58                SPI1_IRQHandler
                0x08006e58                CAN_SCE_IRQHandler
                0x08006e58                HRTIM1_TIMC_IRQHandler
                0x08006e58                USART3_IRQHandler
                0x08006e58                DMA1_Channel7_IRQHandler
                0x08006e58                CAN_RX1_IRQHandler
                0x08006e58                I2C1_EV_IRQHandler
                0x08006e58                DMA1_Channel6_IRQHandler
                0x08006e58                TIM3_IRQHandler
                0x08006e58                RCC_IRQHandler
                0x08006e58                Default_Handler
                0x08006e58                EXTI15_10_IRQHandler
                0x08006e58                COMP2_IRQHandler
                0x08006e58                HRTIM1_TIMA_IRQHandler
                0x08006e58                EXTI9_5_IRQHandler
                0x08006e58                RTC_WKUP_IRQHandler
                0x08006e58                EXTI4_IRQHandler
                0x08006e58                HRTIM1_TIMB_IRQHandler
                0x08006e58                TIM1_TRG_COM_TIM17_IRQHandler
                0x08006e58                DMA1_Channel3_IRQHandler
                0x08006e58                WWDG_IRQHandler
                0x08006e58                TIM2_IRQHandler
                0x08006e58                EXTI1_IRQHandler
                0x08006e58                COMP4_6_IRQHandler
                0x08006e58                USART2_IRQHandler
                0x08006e58                FLASH_IRQHandler
                0x08006e58                I2C1_ER_IRQHandler
                0x08006e58                EXTI2_TSC_IRQHandler
                0x08006e58                TIM1_BRK_TIM15_IRQHandler
 *fill*         0x08006e5a        0x2 
 .text.__errno  0x08006e5c        0xc d:/program file/arm_gun_tool/bin/../lib/gcc/arm-none-eabi/9.3.1/../../../../arm-none-eabi/lib/thumb/v7e-m+fp/hard\libg.a(lib_a-errno.o)
                0x08006e5c                __errno
 .text.__libc_init_array
                0x08006e68       0x48 d:/program file/arm_gun_tool/bin/../lib/gcc/arm-none-eabi/9.3.1/../../../../arm-none-eabi/lib/thumb/v7e-m+fp/hard\libg.a(lib_a-init.o)
                0x08006e68                __libc_init_array
 .text.memset   0x08006eb0       0xa0 d:/program file/arm_gun_tool/bin/../lib/gcc/arm-none-eabi/9.3.1/../../../../arm-none-eabi/lib/thumb/v7e-m+fp/hard\libg.a(lib_a-memset.o)
                0x08006eb0                memset
 .text.setvbuf  0x08006f50      0x1a0 d:/program file/arm_gun_tool/bin/../lib/gcc/arm-none-eabi/9.3.1/../../../../arm-none-eabi/lib/thumb/v7e-m+fp/hard\libg.a(lib_a-setvbuf.o)
                0x08006f50                setvbuf
 .text._vsprintf_r
                0x080070f0       0x28 d:/program file/arm_gun_tool/bin/../lib/gcc/arm-none-eabi/9.3.1/../../../../arm-none-eabi/lib/thumb/v7e-m+fp/hard\libg.a(lib_a-vsprintf.o)
                0x080070f0                _vsprintf_r
 .text.vsprintf
                0x08007118       0x18 d:/program file/arm_gun_tool/bin/../lib/gcc/arm-none-eabi/9.3.1/../../../../arm-none-eabi/lib/thumb/v7e-m+fp/hard\libg.a(lib_a-vsprintf.o)
                0x08007118                vsprintf
 .text.__swsetup_r
                0x08007130       0xd0 d:/program file/arm_gun_tool/bin/../lib/gcc/arm-none-eabi/9.3.1/../../../../arm-none-eabi/lib/thumb/v7e-m+fp/hard\libg.a(lib_a-wsetup.o)
                0x08007130                __swsetup_r
 .text.startup.register_fini
                0x08007200       0x14 d:/program file/arm_gun_tool/bin/../lib/gcc/arm-none-eabi/9.3.1/../../../../arm-none-eabi/lib/thumb/v7e-m+fp/hard\libg.a(lib_a-__call_atexit.o)
 .text.atexit   0x08007214        0xc d:/program file/arm_gun_tool/bin/../lib/gcc/arm-none-eabi/9.3.1/../../../../arm-none-eabi/lib/thumb/v7e-m+fp/hard\libg.a(lib_a-atexit.o)
                0x08007214                atexit
 .text.quorem   0x08007220      0x11c d:/program file/arm_gun_tool/bin/../lib/gcc/arm-none-eabi/9.3.1/../../../../arm-none-eabi/lib/thumb/v7e-m+fp/hard\libg.a(lib_a-dtoa.o)
 *fill*         0x0800733c        0x4 
 .text._dtoa_r  0x08007340      0xf44 d:/program file/arm_gun_tool/bin/../lib/gcc/arm-none-eabi/9.3.1/../../../../arm-none-eabi/lib/thumb/v7e-m+fp/hard\libg.a(lib_a-dtoa.o)
                0x08007340                _dtoa_r
 .text.__sflush_r
                0x08008284      0x130 d:/program file/arm_gun_tool/bin/../lib/gcc/arm-none-eabi/9.3.1/../../../../arm-none-eabi/lib/thumb/v7e-m+fp/hard\libg.a(lib_a-fflush.o)
                0x08008284                __sflush_r
 .text._fflush_r
                0x080083b4       0x5c d:/program file/arm_gun_tool/bin/../lib/gcc/arm-none-eabi/9.3.1/../../../../arm-none-eabi/lib/thumb/v7e-m+fp/hard\libg.a(lib_a-fflush.o)
                0x080083b4                _fflush_r
 .text.std      0x08008410       0x50 d:/program file/arm_gun_tool/bin/../lib/gcc/arm-none-eabi/9.3.1/../../../../arm-none-eabi/lib/thumb/v7e-m+fp/hard\libg.a(lib_a-findfp.o)
 .text._cleanup_r
                0x08008460        0xc d:/program file/arm_gun_tool/bin/../lib/gcc/arm-none-eabi/9.3.1/../../../../arm-none-eabi/lib/thumb/v7e-m+fp/hard\libg.a(lib_a-findfp.o)
                0x08008460                _cleanup_r
 .text.__sinit  0x0800846c       0x54 d:/program file/arm_gun_tool/bin/../lib/gcc/arm-none-eabi/9.3.1/../../../../arm-none-eabi/lib/thumb/v7e-m+fp/hard\libg.a(lib_a-findfp.o)
                0x0800846c                __sinit
 .text.__sfp_lock_acquire
                0x080084c0        0xc d:/program file/arm_gun_tool/bin/../lib/gcc/arm-none-eabi/9.3.1/../../../../arm-none-eabi/lib/thumb/v7e-m+fp/hard\libg.a(lib_a-findfp.o)
                0x080084c0                __sfp_lock_acquire
 .text.__sfp_lock_release
                0x080084cc        0xc d:/program file/arm_gun_tool/bin/../lib/gcc/arm-none-eabi/9.3.1/../../../../arm-none-eabi/lib/thumb/v7e-m+fp/hard\libg.a(lib_a-findfp.o)
                0x080084cc                __sfp_lock_release
 .text.__libc_fini_array
                0x080084d8       0x2c d:/program file/arm_gun_tool/bin/../lib/gcc/arm-none-eabi/9.3.1/../../../../arm-none-eabi/lib/thumb/v7e-m+fp/hard\libg.a(lib_a-fini.o)
                0x080084d8                __libc_fini_array
 .text._malloc_trim_r
                0x08008504       0xa0 d:/program file/arm_gun_tool/bin/../lib/gcc/arm-none-eabi/9.3.1/../../../../arm-none-eabi/lib/thumb/v7e-m+fp/hard\libg.a(lib_a-freer.o)
                0x08008504                _malloc_trim_r
 .text._free_r  0x080085a4      0x208 d:/program file/arm_gun_tool/bin/../lib/gcc/arm-none-eabi/9.3.1/../../../../arm-none-eabi/lib/thumb/v7e-m+fp/hard\libg.a(lib_a-freer.o)
                0x080085a4                _free_r
 .text._fwalk_reent
                0x080087ac       0x48 d:/program file/arm_gun_tool/bin/../lib/gcc/arm-none-eabi/9.3.1/../../../../arm-none-eabi/lib/thumb/v7e-m+fp/hard\libg.a(lib_a-fwalk.o)
                0x080087ac                _fwalk_reent
 .text._localeconv_r
                0x080087f4        0x8 d:/program file/arm_gun_tool/bin/../lib/gcc/arm-none-eabi/9.3.1/../../../../arm-none-eabi/lib/thumb/v7e-m+fp/hard\libg.a(lib_a-localeconv.o)
                0x080087f4                _localeconv_r
 .text.__retarget_lock_init_recursive
                0x080087fc        0x4 d:/program file/arm_gun_tool/bin/../lib/gcc/arm-none-eabi/9.3.1/../../../../arm-none-eabi/lib/thumb/v7e-m+fp/hard\libg.a(lib_a-lock.o)
                0x080087fc                __retarget_lock_init_recursive
 .text.__retarget_lock_close_recursive
                0x08008800        0x4 d:/program file/arm_gun_tool/bin/../lib/gcc/arm-none-eabi/9.3.1/../../../../arm-none-eabi/lib/thumb/v7e-m+fp/hard\libg.a(lib_a-lock.o)
                0x08008800                __retarget_lock_close_recursive
 .text.__retarget_lock_acquire_recursive
                0x08008804        0x4 d:/program file/arm_gun_tool/bin/../lib/gcc/arm-none-eabi/9.3.1/../../../../arm-none-eabi/lib/thumb/v7e-m+fp/hard\libg.a(lib_a-lock.o)
                0x08008804                __retarget_lock_acquire_recursive
 .text.__retarget_lock_release_recursive
                0x08008808        0x4 d:/program file/arm_gun_tool/bin/../lib/gcc/arm-none-eabi/9.3.1/../../../../arm-none-eabi/lib/thumb/v7e-m+fp/hard\libg.a(lib_a-lock.o)
                0x08008808                __retarget_lock_release_recursive
 .text.__swhatbuf_r
                0x0800880c       0x5c d:/program file/arm_gun_tool/bin/../lib/gcc/arm-none-eabi/9.3.1/../../../../arm-none-eabi/lib/thumb/v7e-m+fp/hard\libg.a(lib_a-makebuf.o)
                0x0800880c                __swhatbuf_r
 .text.__smakebuf_r
                0x08008868       0x98 d:/program file/arm_gun_tool/bin/../lib/gcc/arm-none-eabi/9.3.1/../../../../arm-none-eabi/lib/thumb/v7e-m+fp/hard\libg.a(lib_a-makebuf.o)
                0x08008868                __smakebuf_r
 .text.malloc   0x08008900       0x10 d:/program file/arm_gun_tool/bin/../lib/gcc/arm-none-eabi/9.3.1/../../../../arm-none-eabi/lib/thumb/v7e-m+fp/hard\libg.a(lib_a-malloc.o)
                0x08008900                malloc
 .text._malloc_r
                0x08008910      0x574 d:/program file/arm_gun_tool/bin/../lib/gcc/arm-none-eabi/9.3.1/../../../../arm-none-eabi/lib/thumb/v7e-m+fp/hard\libg.a(lib_a-mallocr.o)
                0x08008910                _malloc_r
 .text.__malloc_lock
                0x08008e84        0xc d:/program file/arm_gun_tool/bin/../lib/gcc/arm-none-eabi/9.3.1/../../../../arm-none-eabi/lib/thumb/v7e-m+fp/hard\libg.a(lib_a-mlock.o)
                0x08008e84                __malloc_lock
 .text.__malloc_unlock
                0x08008e90        0xc d:/program file/arm_gun_tool/bin/../lib/gcc/arm-none-eabi/9.3.1/../../../../arm-none-eabi/lib/thumb/v7e-m+fp/hard\libg.a(lib_a-mlock.o)
                0x08008e90                __malloc_unlock
 .text._Balloc  0x08008e9c       0x4c d:/program file/arm_gun_tool/bin/../lib/gcc/arm-none-eabi/9.3.1/../../../../arm-none-eabi/lib/thumb/v7e-m+fp/hard\libg.a(lib_a-mprec.o)
                0x08008e9c                _Balloc
 .text._Bfree   0x08008ee8       0x14 d:/program file/arm_gun_tool/bin/../lib/gcc/arm-none-eabi/9.3.1/../../../../arm-none-eabi/lib/thumb/v7e-m+fp/hard\libg.a(lib_a-mprec.o)
                0x08008ee8                _Bfree
 .text.__multadd
                0x08008efc       0xac d:/program file/arm_gun_tool/bin/../lib/gcc/arm-none-eabi/9.3.1/../../../../arm-none-eabi/lib/thumb/v7e-m+fp/hard\libg.a(lib_a-mprec.o)
                0x08008efc                __multadd
 .text.__hi0bits
                0x08008fa8       0x40 d:/program file/arm_gun_tool/bin/../lib/gcc/arm-none-eabi/9.3.1/../../../../arm-none-eabi/lib/thumb/v7e-m+fp/hard\libg.a(lib_a-mprec.o)
                0x08008fa8                __hi0bits
 .text.__lo0bits
                0x08008fe8       0x60 d:/program file/arm_gun_tool/bin/../lib/gcc/arm-none-eabi/9.3.1/../../../../arm-none-eabi/lib/thumb/v7e-m+fp/hard\libg.a(lib_a-mprec.o)
                0x08008fe8                __lo0bits
 .text.__i2b    0x08009048       0x2c d:/program file/arm_gun_tool/bin/../lib/gcc/arm-none-eabi/9.3.1/../../../../arm-none-eabi/lib/thumb/v7e-m+fp/hard\libg.a(lib_a-mprec.o)
                0x08009048                __i2b
 .text.__multiply
                0x08009074      0x160 d:/program file/arm_gun_tool/bin/../lib/gcc/arm-none-eabi/9.3.1/../../../../arm-none-eabi/lib/thumb/v7e-m+fp/hard\libg.a(lib_a-mprec.o)
                0x08009074                __multiply
 .text.__pow5mult
                0x080091d4       0x98 d:/program file/arm_gun_tool/bin/../lib/gcc/arm-none-eabi/9.3.1/../../../../arm-none-eabi/lib/thumb/v7e-m+fp/hard\libg.a(lib_a-mprec.o)
                0x080091d4                __pow5mult
 .text.__lshift
                0x0800926c       0xe8 d:/program file/arm_gun_tool/bin/../lib/gcc/arm-none-eabi/9.3.1/../../../../arm-none-eabi/lib/thumb/v7e-m+fp/hard\libg.a(lib_a-mprec.o)
                0x0800926c                __lshift
 .text.__mcmp   0x08009354       0x3c d:/program file/arm_gun_tool/bin/../lib/gcc/arm-none-eabi/9.3.1/../../../../arm-none-eabi/lib/thumb/v7e-m+fp/hard\libg.a(lib_a-mprec.o)
                0x08009354                __mcmp
 .text.__mdiff  0x08009390      0x148 d:/program file/arm_gun_tool/bin/../lib/gcc/arm-none-eabi/9.3.1/../../../../arm-none-eabi/lib/thumb/v7e-m+fp/hard\libg.a(lib_a-mprec.o)
                0x08009390                __mdiff
 .text.__d2b    0x080094d8       0xd0 d:/program file/arm_gun_tool/bin/../lib/gcc/arm-none-eabi/9.3.1/../../../../arm-none-eabi/lib/thumb/v7e-m+fp/hard\libg.a(lib_a-mprec.o)
                0x080094d8                __d2b
 .text.frexp    0x080095a8       0x6c d:/program file/arm_gun_tool/bin/../lib/gcc/arm-none-eabi/9.3.1/../../../../arm-none-eabi/lib/thumb/v7e-m+fp/hard\libg.a(lib_a-s_frexp.o)
                0x080095a8                frexp
 .text._sbrk_r  0x08009614       0x24 d:/program file/arm_gun_tool/bin/../lib/gcc/arm-none-eabi/9.3.1/../../../../arm-none-eabi/lib/thumb/v7e-m+fp/hard\libg.a(lib_a-sbrkr.o)
                0x08009614                _sbrk_r
 .text.__sread  0x08009638       0x24 d:/program file/arm_gun_tool/bin/../lib/gcc/arm-none-eabi/9.3.1/../../../../arm-none-eabi/lib/thumb/v7e-m+fp/hard\libg.a(lib_a-stdio.o)
                0x08009638                __sread
 .text.__swrite
                0x0800965c       0x40 d:/program file/arm_gun_tool/bin/../lib/gcc/arm-none-eabi/9.3.1/../../../../arm-none-eabi/lib/thumb/v7e-m+fp/hard\libg.a(lib_a-stdio.o)
                0x0800965c                __swrite
 .text.__sseek  0x0800969c       0x20 d:/program file/arm_gun_tool/bin/../lib/gcc/arm-none-eabi/9.3.1/../../../../arm-none-eabi/lib/thumb/v7e-m+fp/hard\libg.a(lib_a-stdio.o)
                0x0800969c                __sseek
 .text.__sclose
                0x080096bc        0x8 d:/program file/arm_gun_tool/bin/../lib/gcc/arm-none-eabi/9.3.1/../../../../arm-none-eabi/lib/thumb/v7e-m+fp/hard\libg.a(lib_a-stdio.o)
                0x080096bc                __sclose
 .text.strncpy  0x080096c4       0x68 d:/program file/arm_gun_tool/bin/../lib/gcc/arm-none-eabi/9.3.1/../../../../arm-none-eabi/lib/thumb/v7e-m+fp/hard\libg.a(lib_a-strncpy.o)
                0x080096c4                strncpy
 *fill*         0x0800972c        0x4 
 .text._svfprintf_r
                0x08009730     0x1b38 d:/program file/arm_gun_tool/bin/../lib/gcc/arm-none-eabi/9.3.1/../../../../arm-none-eabi/lib/thumb/v7e-m+fp/hard\libg.a(lib_a-svfprintf.o)
                0x08009730                _svfprintf_r
 .text.__sprint_r.part.0
                0x0800b268       0x78 d:/program file/arm_gun_tool/bin/../lib/gcc/arm-none-eabi/9.3.1/../../../../arm-none-eabi/lib/thumb/v7e-m+fp/hard\libg.a(lib_a-vfiprintf.o)
 .text._vfiprintf_r
                0x0800b2e0      0xd4c d:/program file/arm_gun_tool/bin/../lib/gcc/arm-none-eabi/9.3.1/../../../../arm-none-eabi/lib/thumb/v7e-m+fp/hard\libg.a(lib_a-vfiprintf.o)
                0x0800b2e0                _vfiprintf_r
 .text.__sbprintf
                0x0800c02c       0x84 d:/program file/arm_gun_tool/bin/../lib/gcc/arm-none-eabi/9.3.1/../../../../arm-none-eabi/lib/thumb/v7e-m+fp/hard\libg.a(lib_a-vfiprintf.o)
 .text._write_r
                0x0800c0b0       0x2c d:/program file/arm_gun_tool/bin/../lib/gcc/arm-none-eabi/9.3.1/../../../../arm-none-eabi/lib/thumb/v7e-m+fp/hard\libg.a(lib_a-writer.o)
                0x0800c0b0                _write_r
 .text.__register_exitproc
                0x0800c0dc       0x8c d:/program file/arm_gun_tool/bin/../lib/gcc/arm-none-eabi/9.3.1/../../../../arm-none-eabi/lib/thumb/v7e-m+fp/hard\libg.a(lib_a-__atexit.o)
                0x0800c0dc                __register_exitproc
 .text.__assert_func
                0x0800c168       0x3c d:/program file/arm_gun_tool/bin/../lib/gcc/arm-none-eabi/9.3.1/../../../../arm-none-eabi/lib/thumb/v7e-m+fp/hard\libg.a(lib_a-assert.o)
                0x0800c168                __assert_func
 .text._calloc_r
                0x0800c1a4       0x60 d:/program file/arm_gun_tool/bin/../lib/gcc/arm-none-eabi/9.3.1/../../../../arm-none-eabi/lib/thumb/v7e-m+fp/hard\libg.a(lib_a-callocr.o)
                0x0800c1a4                _calloc_r
 .text._close_r
                0x0800c204       0x24 d:/program file/arm_gun_tool/bin/../lib/gcc/arm-none-eabi/9.3.1/../../../../arm-none-eabi/lib/thumb/v7e-m+fp/hard\libg.a(lib_a-closer.o)
                0x0800c204                _close_r
 .text._fclose_r
                0x0800c228       0xcc d:/program file/arm_gun_tool/bin/../lib/gcc/arm-none-eabi/9.3.1/../../../../arm-none-eabi/lib/thumb/v7e-m+fp/hard\libg.a(lib_a-fclose.o)
                0x0800c228                _fclose_r
 .text.fiprintf
                0x0800c2f4       0x28 d:/program file/arm_gun_tool/bin/../lib/gcc/arm-none-eabi/9.3.1/../../../../arm-none-eabi/lib/thumb/v7e-m+fp/hard\libg.a(lib_a-fiprintf.o)
                0x0800c2f4                fiprintf
 .text.__fputwc
                0x0800c31c       0xa8 d:/program file/arm_gun_tool/bin/../lib/gcc/arm-none-eabi/9.3.1/../../../../arm-none-eabi/lib/thumb/v7e-m+fp/hard\libg.a(lib_a-fputwc.o)
                0x0800c31c                __fputwc
 .text._fputwc_r
                0x0800c3c4       0x68 d:/program file/arm_gun_tool/bin/../lib/gcc/arm-none-eabi/9.3.1/../../../../arm-none-eabi/lib/thumb/v7e-m+fp/hard\libg.a(lib_a-fputwc.o)
                0x0800c3c4                _fputwc_r
 .text._fstat_r
                0x0800c42c       0x2c d:/program file/arm_gun_tool/bin/../lib/gcc/arm-none-eabi/9.3.1/../../../../arm-none-eabi/lib/thumb/v7e-m+fp/hard\libg.a(lib_a-fstatr.o)
                0x0800c42c                _fstat_r
 .text.__sfvwrite_r
                0x0800c458      0x2e0 d:/program file/arm_gun_tool/bin/../lib/gcc/arm-none-eabi/9.3.1/../../../../arm-none-eabi/lib/thumb/v7e-m+fp/hard\libg.a(lib_a-fvwrite.o)
                0x0800c458                __sfvwrite_r
 .text._isatty_r
                0x0800c738       0x24 d:/program file/arm_gun_tool/bin/../lib/gcc/arm-none-eabi/9.3.1/../../../../arm-none-eabi/lib/thumb/v7e-m+fp/hard\libg.a(lib_a-isattyr.o)
                0x0800c738                _isatty_r
 .text.__locale_mb_cur_max
                0x0800c75c        0xc d:/program file/arm_gun_tool/bin/../lib/gcc/arm-none-eabi/9.3.1/../../../../arm-none-eabi/lib/thumb/v7e-m+fp/hard\libg.a(lib_a-locale.o)
                0x0800c75c                __locale_mb_cur_max
 .text._lseek_r
                0x0800c768       0x2c d:/program file/arm_gun_tool/bin/../lib/gcc/arm-none-eabi/9.3.1/../../../../arm-none-eabi/lib/thumb/v7e-m+fp/hard\libg.a(lib_a-lseekr.o)
                0x0800c768                _lseek_r
 .text.__ascii_mbtowc
                0x0800c794       0x2c d:/program file/arm_gun_tool/bin/../lib/gcc/arm-none-eabi/9.3.1/../../../../arm-none-eabi/lib/thumb/v7e-m+fp/hard\libg.a(lib_a-mbtowc_r.o)
                0x0800c794                __ascii_mbtowc
 .text.memmove  0x0800c7c0       0xd8 d:/program file/arm_gun_tool/bin/../lib/gcc/arm-none-eabi/9.3.1/../../../../arm-none-eabi/lib/thumb/v7e-m+fp/hard\libg.a(lib_a-memmove.o)
                0x0800c7c0                memmove
 .text._read_r  0x0800c898       0x2c d:/program file/arm_gun_tool/bin/../lib/gcc/arm-none-eabi/9.3.1/../../../../arm-none-eabi/lib/thumb/v7e-m+fp/hard\libg.a(lib_a-readr.o)
                0x0800c898                _read_r
 .text._realloc_r
                0x0800c8c4      0x3e0 d:/program file/arm_gun_tool/bin/../lib/gcc/arm-none-eabi/9.3.1/../../../../arm-none-eabi/lib/thumb/v7e-m+fp/hard\libg.a(lib_a-reallocr.o)
                0x0800c8c4                _realloc_r
 .text.__ssprint_r
                0x0800cca4       0xf8 d:/program file/arm_gun_tool/bin/../lib/gcc/arm-none-eabi/9.3.1/../../../../arm-none-eabi/lib/thumb/v7e-m+fp/hard\libg.a(lib_a-svfiprintf.o)
                0x0800cca4                __ssprint_r
 .text.__swbuf_r
                0x0800cd9c       0xb0 d:/program file/arm_gun_tool/bin/../lib/gcc/arm-none-eabi/9.3.1/../../../../arm-none-eabi/lib/thumb/v7e-m+fp/hard\libg.a(lib_a-wbuf.o)
                0x0800cd9c                __swbuf_r
 .text._wcrtomb_r
                0x0800ce4c       0x3c d:/program file/arm_gun_tool/bin/../lib/gcc/arm-none-eabi/9.3.1/../../../../arm-none-eabi/lib/thumb/v7e-m+fp/hard\libg.a(lib_a-wcrtomb.o)
                0x0800ce4c                _wcrtomb_r
 .text.__ascii_wctomb
                0x0800ce88       0x1c d:/program file/arm_gun_tool/bin/../lib/gcc/arm-none-eabi/9.3.1/../../../../arm-none-eabi/lib/thumb/v7e-m+fp/hard\libg.a(lib_a-wctomb_r.o)
                0x0800ce88                __ascii_wctomb
 .text.abort    0x0800cea4       0x10 d:/program file/arm_gun_tool/bin/../lib/gcc/arm-none-eabi/9.3.1/../../../../arm-none-eabi/lib/thumb/v7e-m+fp/hard\libg.a(lib_a-abort.o)
                0x0800cea4                abort
 .text._raise_r
                0x0800ceb4       0x58 d:/program file/arm_gun_tool/bin/../lib/gcc/arm-none-eabi/9.3.1/../../../../arm-none-eabi/lib/thumb/v7e-m+fp/hard\libg.a(lib_a-signal.o)
                0x0800ceb4                _raise_r
 .text.raise    0x0800cf0c       0x10 d:/program file/arm_gun_tool/bin/../lib/gcc/arm-none-eabi/9.3.1/../../../../arm-none-eabi/lib/thumb/v7e-m+fp/hard\libg.a(lib_a-signal.o)
                0x0800cf0c                raise
 .text._kill_r  0x0800cf1c       0x2c d:/program file/arm_gun_tool/bin/../lib/gcc/arm-none-eabi/9.3.1/../../../../arm-none-eabi/lib/thumb/v7e-m+fp/hard\libg.a(lib_a-signalr.o)
                0x0800cf1c                _kill_r
 .text._getpid_r
                0x0800cf48        0x4 d:/program file/arm_gun_tool/bin/../lib/gcc/arm-none-eabi/9.3.1/../../../../arm-none-eabi/lib/thumb/v7e-m+fp/hard\libg.a(lib_a-signalr.o)
                0x0800cf48                _getpid_r
 .text.fmax     0x0800cf4c       0x50 d:/program file/arm_gun_tool/bin/../lib/gcc/arm-none-eabi/9.3.1/../../../../arm-none-eabi/lib/thumb/v7e-m+fp/hard\libm.a(lib_a-s_fmax.o)
                0x0800cf4c                fmax
 .text.fmin     0x0800cf9c       0x50 d:/program file/arm_gun_tool/bin/../lib/gcc/arm-none-eabi/9.3.1/../../../../arm-none-eabi/lib/thumb/v7e-m+fp/hard\libm.a(lib_a-s_fmin.o)
                0x0800cf9c                fmin
 .text.__fpclassifyd
                0x0800cfec       0x78 d:/program file/arm_gun_tool/bin/../lib/gcc/arm-none-eabi/9.3.1/../../../../arm-none-eabi/lib/thumb/v7e-m+fp/hard\libm.a(lib_a-s_fpclassify.o)
                0x0800cfec                __fpclassifyd
 .text.sqrt     0x0800d064       0x74 d:/program file/arm_gun_tool/bin/../lib/gcc/arm-none-eabi/9.3.1/../../../../arm-none-eabi/lib/thumb/v7e-m+fp/hard\libm.a(lib_a-w_sqrt.o)
                0x0800d064                sqrt
 .text.__ieee754_sqrt
                0x0800d0d8      0x188 d:/program file/arm_gun_tool/bin/../lib/gcc/arm-none-eabi/9.3.1/../../../../arm-none-eabi/lib/thumb/v7e-m+fp/hard\libm.a(lib_a-e_sqrt.o)
                0x0800d0d8                __ieee754_sqrt
 *(.glue_7)
 .glue_7        0x0800d260        0x0 linker stubs
 *(.glue_7t)
 .glue_7t       0x0800d260        0x0 linker stubs
 *(.eh_frame)
 .eh_frame      0x0800d260        0x0 d:/program file/arm_gun_tool/bin/../lib/gcc/arm-none-eabi/9.3.1/thumb/v7e-m+fp/hard/crtbegin.o
 *(.init)
 .init          0x0800d260        0x4 d:/program file/arm_gun_tool/bin/../lib/gcc/arm-none-eabi/9.3.1/thumb/v7e-m+fp/hard/crti.o
                0x0800d260                _init
 .init          0x0800d264        0x8 d:/program file/arm_gun_tool/bin/../lib/gcc/arm-none-eabi/9.3.1/thumb/v7e-m+fp/hard/crtn.o
 *(.fini)
 .fini          0x0800d26c        0x4 d:/program file/arm_gun_tool/bin/../lib/gcc/arm-none-eabi/9.3.1/thumb/v7e-m+fp/hard/crti.o
                0x0800d26c                _fini
 .fini          0x0800d270        0x8 d:/program file/arm_gun_tool/bin/../lib/gcc/arm-none-eabi/9.3.1/thumb/v7e-m+fp/hard/crtn.o
                0x0800d278                . = ALIGN (0x4)
                0x0800d278                _etext = .

.vfp11_veneer   0x0800d278        0x0
 .vfp11_veneer  0x0800d278        0x0 linker stubs

.v4_bx          0x0800d278        0x0
 .v4_bx         0x0800d278        0x0 linker stubs

.iplt           0x0800d278        0x0
 .iplt          0x0800d278        0x0 d:/program file/arm_gun_tool/bin/../lib/gcc/arm-none-eabi/9.3.1/thumb/v7e-m+fp/hard/crtbegin.o

.rodata         0x0800d278     0x14f8
                0x0800d278                . = ALIGN (0x4)
 *(.rodata)
 *(.rodata*)
 .rodata.aPLLMULFactorTable
                0x0800d278       0x10 CMakeFiles/Clion_ADC_test.elf.dir/Drivers/STM32F3xx_HAL_Driver/Src/stm32f3xx_hal_rcc.c.obj
                0x0800d278                aPLLMULFactorTable
 .rodata.aPredivFactorTable
                0x0800d288       0x10 CMakeFiles/Clion_ADC_test.elf.dir/Drivers/STM32F3xx_HAL_Driver/Src/stm32f3xx_hal_rcc.c.obj
                0x0800d288                aPredivFactorTable
 .rodata.sinlut1
                0x0800d298      0x800 CMakeFiles/Clion_ADC_test.elf.dir/Src/Firmware/inc/Cmath.c.obj
 .rodata.Massage_Process.str1.4
                0x0800da98       0xc3 CMakeFiles/Clion_ADC_test.elf.dir/Src/Firmware/inc/communication.c.obj
 *fill*         0x0800db5b        0x5 
 .rodata.ATAN_LUT
                0x0800db60      0x800 CMakeFiles/Clion_ADC_test.elf.dir/Src/Firmware/inc/positionsensor.c.obj
 .rodata.AHBPrescTable
                0x0800e360       0x10 CMakeFiles/Clion_ADC_test.elf.dir/Src/system_stm32f3xx.c.obj
                0x0800e360                AHBPrescTable
 .rodata.APBPrescTable
                0x0800e370        0x8 CMakeFiles/Clion_ADC_test.elf.dir/Src/system_stm32f3xx.c.obj
                0x0800e370                APBPrescTable
 .rodata._global_impure_ptr
                0x0800e378        0x4 d:/program file/arm_gun_tool/bin/../lib/gcc/arm-none-eabi/9.3.1/../../../../arm-none-eabi/lib/thumb/v7e-m+fp/hard\libg.a(lib_a-impure.o)
                0x0800e378                _global_impure_ptr
 .rodata._dtoa_r.str1.4
                0x0800e37c       0xa4 d:/program file/arm_gun_tool/bin/../lib/gcc/arm-none-eabi/9.3.1/../../../../arm-none-eabi/lib/thumb/v7e-m+fp/hard\libg.a(lib_a-dtoa.o)
 .rodata.__multadd.str1.4
                0x0800e420       0x7d d:/program file/arm_gun_tool/bin/../lib/gcc/arm-none-eabi/9.3.1/../../../../arm-none-eabi/lib/thumb/v7e-m+fp/hard\libg.a(lib_a-mprec.o)
                                 0x91 (size before relaxing)
 *fill*         0x0800e49d        0x3 
 .rodata.__mprec_bigtens
                0x0800e4a0       0x28 d:/program file/arm_gun_tool/bin/../lib/gcc/arm-none-eabi/9.3.1/../../../../arm-none-eabi/lib/thumb/v7e-m+fp/hard\libg.a(lib_a-mprec.o)
                0x0800e4a0                __mprec_bigtens
 .rodata.__mprec_tens
                0x0800e4c8       0xc8 d:/program file/arm_gun_tool/bin/../lib/gcc/arm-none-eabi/9.3.1/../../../../arm-none-eabi/lib/thumb/v7e-m+fp/hard\libg.a(lib_a-mprec.o)
                0x0800e4c8                __mprec_tens
 .rodata.p05.7485
                0x0800e590        0xc d:/program file/arm_gun_tool/bin/../lib/gcc/arm-none-eabi/9.3.1/../../../../arm-none-eabi/lib/thumb/v7e-m+fp/hard\libg.a(lib_a-mprec.o)
 .rodata._svfprintf_r.str1.4
                0x0800e59c       0x3f d:/program file/arm_gun_tool/bin/../lib/gcc/arm-none-eabi/9.3.1/../../../../arm-none-eabi/lib/thumb/v7e-m+fp/hard\libg.a(lib_a-svfprintf.o)
                                 0x42 (size before relaxing)
 *fill*         0x0800e5db        0x1 
 .rodata.blanks.8698
                0x0800e5dc       0x10 d:/program file/arm_gun_tool/bin/../lib/gcc/arm-none-eabi/9.3.1/../../../../arm-none-eabi/lib/thumb/v7e-m+fp/hard\libg.a(lib_a-svfprintf.o)
 .rodata.zeroes.8699
                0x0800e5ec       0x10 d:/program file/arm_gun_tool/bin/../lib/gcc/arm-none-eabi/9.3.1/../../../../arm-none-eabi/lib/thumb/v7e-m+fp/hard\libg.a(lib_a-svfprintf.o)
 .rodata._vfiprintf_r.str1.4
                0x0800e5fc       0x2f d:/program file/arm_gun_tool/bin/../lib/gcc/arm-none-eabi/9.3.1/../../../../arm-none-eabi/lib/thumb/v7e-m+fp/hard\libg.a(lib_a-vfiprintf.o)
 .rodata.blanks.8691
                0x0800e5fc       0x10 d:/program file/arm_gun_tool/bin/../lib/gcc/arm-none-eabi/9.3.1/../../../../arm-none-eabi/lib/thumb/v7e-m+fp/hard\libg.a(lib_a-vfiprintf.o)
 .rodata.zeroes.8692
                0x0800e60c       0x10 d:/program file/arm_gun_tool/bin/../lib/gcc/arm-none-eabi/9.3.1/../../../../arm-none-eabi/lib/thumb/v7e-m+fp/hard\libg.a(lib_a-vfiprintf.o)
 .rodata.__assert_func.str1.4
                0x0800e61c       0x3f d:/program file/arm_gun_tool/bin/../lib/gcc/arm-none-eabi/9.3.1/../../../../arm-none-eabi/lib/thumb/v7e-m+fp/hard\libg.a(lib_a-assert.o)
                                 0x43 (size before relaxing)
 *fill*         0x0800e65b        0x1 
 .rodata._setlocale_r.str1.4
                0x0800e65c        0xa d:/program file/arm_gun_tool/bin/../lib/gcc/arm-none-eabi/9.3.1/../../../../arm-none-eabi/lib/thumb/v7e-m+fp/hard\libg.a(lib_a-locale.o)
                                  0xd (size before relaxing)
 *fill*         0x0800e666        0x2 
 .rodata.str1.4
                0x0800e668        0x2 d:/program file/arm_gun_tool/bin/../lib/gcc/arm-none-eabi/9.3.1/../../../../arm-none-eabi/lib/thumb/v7e-m+fp/hard\libg.a(lib_a-locale.o)
 *fill*         0x0800e66a        0x2 
 .rodata._ctype_
                0x0800e66c      0x101 d:/program file/arm_gun_tool/bin/../lib/gcc/arm-none-eabi/9.3.1/../../../../arm-none-eabi/lib/thumb/v7e-m+fp/hard\libg.a(lib_a-ctype_.o)
                0x0800e66c                _ctype_
                0x0800e770                . = ALIGN (0x4)
 *fill*         0x0800e76d        0x3 

.ARM.extab
 *(.ARM.extab* .gnu.linkonce.armextab.*)

.ARM            0x0800e770        0x8
                0x0800e770                __exidx_start = .
 *(.ARM.exidx*)
 .ARM.exidx     0x0800e770        0x8 d:/program file/arm_gun_tool/bin/../lib/gcc/arm-none-eabi/9.3.1/thumb/v7e-m+fp/hard\libgcc.a(_udivmoddi4.o)
                0x0800e778                __exidx_end = .

.rel.dyn        0x0800e778        0x0
 .rel.iplt      0x0800e778        0x0 d:/program file/arm_gun_tool/bin/../lib/gcc/arm-none-eabi/9.3.1/thumb/v7e-m+fp/hard/crtbegin.o

.preinit_array  0x0800e778        0x0
                0x0800e778                PROVIDE (__preinit_array_start = .)
 *(.preinit_array*)
                0x0800e778                PROVIDE (__preinit_array_end = .)

.init_array     0x0800e778        0x8
                0x0800e778                PROVIDE (__init_array_start = .)
 *(SORT_BY_NAME(.init_array.*))
 .init_array.00000
                0x0800e778        0x4 d:/program file/arm_gun_tool/bin/../lib/gcc/arm-none-eabi/9.3.1/../../../../arm-none-eabi/lib/thumb/v7e-m+fp/hard\libg.a(lib_a-__call_atexit.o)
 *(.init_array*)
 .init_array    0x0800e77c        0x4 d:/program file/arm_gun_tool/bin/../lib/gcc/arm-none-eabi/9.3.1/thumb/v7e-m+fp/hard/crtbegin.o
                0x0800e780                PROVIDE (__init_array_end = .)

.fini_array     0x0800e780        0x4
                0x0800e780                PROVIDE (__fini_array_start = .)
 *(SORT_BY_NAME(.fini_array.*))
 *(.fini_array*)
 .fini_array    0x0800e780        0x4 d:/program file/arm_gun_tool/bin/../lib/gcc/arm-none-eabi/9.3.1/thumb/v7e-m+fp/hard/crtbegin.o
                0x0800e784                PROVIDE (__fini_array_end = .)
                0x0800e784                _sidata = LOADADDR (.data)

.data           0x20000000      0x9bc load address 0x0800e784
                0x20000000                . = ALIGN (0x4)
                0x20000000                _sdata = .
 *(.data)
 *(.data*)
 .data.uwTickFreq
                0x20000000        0x1 CMakeFiles/Clion_ADC_test.elf.dir/Drivers/STM32F3xx_HAL_Driver/Src/stm32f3xx_hal.c.obj
                0x20000000                uwTickFreq
 *fill*         0x20000001        0x3 
 .data.uwTickPrio
                0x20000004        0x4 CMakeFiles/Clion_ADC_test.elf.dir/Drivers/STM32F3xx_HAL_Driver/Src/stm32f3xx_hal.c.obj
                0x20000004                uwTickPrio
 .data.SystemCoreClock
                0x20000008        0x4 CMakeFiles/Clion_ADC_test.elf.dir/Src/system_stm32f3xx.c.obj
                0x20000008                SystemCoreClock
 .data._impure_ptr
                0x2000000c        0x4 d:/program file/arm_gun_tool/bin/../lib/gcc/arm-none-eabi/9.3.1/../../../../arm-none-eabi/lib/thumb/v7e-m+fp/hard\libg.a(lib_a-impure.o)
                0x2000000c                _impure_ptr
 .data.impure_data
                0x20000010      0x428 d:/program file/arm_gun_tool/bin/../lib/gcc/arm-none-eabi/9.3.1/../../../../arm-none-eabi/lib/thumb/v7e-m+fp/hard\libg.a(lib_a-impure.o)
 .data.__atexit_recursive_mutex
                0x20000438        0x4 d:/program file/arm_gun_tool/bin/../lib/gcc/arm-none-eabi/9.3.1/../../../../arm-none-eabi/lib/thumb/v7e-m+fp/hard\libg.a(lib_a-__call_atexit.o)
                0x20000438                __atexit_recursive_mutex
 .data.__malloc_av_
                0x2000043c      0x408 d:/program file/arm_gun_tool/bin/../lib/gcc/arm-none-eabi/9.3.1/../../../../arm-none-eabi/lib/thumb/v7e-m+fp/hard\libg.a(lib_a-mallocr.o)
                0x2000043c                __malloc_av_
 .data.__malloc_sbrk_base
                0x20000844        0x4 d:/program file/arm_gun_tool/bin/../lib/gcc/arm-none-eabi/9.3.1/../../../../arm-none-eabi/lib/thumb/v7e-m+fp/hard\libg.a(lib_a-mallocr.o)
                0x20000844                __malloc_sbrk_base
 .data.__malloc_trim_threshold
                0x20000848        0x4 d:/program file/arm_gun_tool/bin/../lib/gcc/arm-none-eabi/9.3.1/../../../../arm-none-eabi/lib/thumb/v7e-m+fp/hard\libg.a(lib_a-mallocr.o)
                0x20000848                __malloc_trim_threshold
 .data.__global_locale
                0x2000084c      0x16c d:/program file/arm_gun_tool/bin/../lib/gcc/arm-none-eabi/9.3.1/../../../../arm-none-eabi/lib/thumb/v7e-m+fp/hard\libg.a(lib_a-locale.o)
                0x2000084c                __global_locale
 .data.__fdlib_version
                0x200009b8        0x1 d:/program file/arm_gun_tool/bin/../lib/gcc/arm-none-eabi/9.3.1/../../../../arm-none-eabi/lib/thumb/v7e-m+fp/hard\libm.a(lib_a-s_lib_ver.o)
                0x200009b8                __fdlib_version
                0x200009bc                . = ALIGN (0x4)
 *fill*         0x200009b9        0x3 
                0x200009bc                _edata = .
                0x0800f140                _siccmram = LOADADDR (.ccmram)

.igot.plt       0x200009bc        0x0 load address 0x0800f140
 .igot.plt      0x200009bc        0x0 d:/program file/arm_gun_tool/bin/../lib/gcc/arm-none-eabi/9.3.1/thumb/v7e-m+fp/hard/crtbegin.o

.ccmram         0x10000000        0x0 load address 0x0800f140
                0x10000000                . = ALIGN (0x4)
                0x10000000                _sccmram = .
 *(.ccmram)
 *(.ccmram*)
                0x10000000                . = ALIGN (0x4)
                0x10000000                _eccmram = .
                0x10000000                . = ALIGN (0x4)

.bss            0x200009c0      0x730
                0x200009c0                _sbss = .
                0x200009c0                __bss_start__ = _sbss
 *(.bss)
 .bss           0x200009c0       0x1c d:/program file/arm_gun_tool/bin/../lib/gcc/arm-none-eabi/9.3.1/thumb/v7e-m+fp/hard/crtbegin.o
 *(.bss*)
 .bss.uwTick    0x200009dc        0x4 CMakeFiles/Clion_ADC_test.elf.dir/Drivers/STM32F3xx_HAL_Driver/Src/stm32f3xx_hal.c.obj
                0x200009dc                uwTick
 .bss.pFlash    0x200009e0       0x20 CMakeFiles/Clion_ADC_test.elf.dir/Drivers/STM32F3xx_HAL_Driver/Src/stm32f3xx_hal_flash.c.obj
                0x200009e0                pFlash
 .bss.M         0x20000a00        0x4 CMakeFiles/Clion_ADC_test.elf.dir/Src/Firmware/inc/Cmath.c.obj
                0x20000a00                M
 .bss.Sense_pointer
                0x20000a04        0x4 CMakeFiles/Clion_ADC_test.elf.dir/Src/Firmware/inc/CurrentSensing.c.obj
                0x20000a04                Sense_pointer
 .bss.RecMas    0x20000a08        0x6 CMakeFiles/Clion_ADC_test.elf.dir/Src/Firmware/inc/communication.c.obj
                0x20000a08                RecMas
 *fill*         0x20000a0e        0x2 
 .bss.TranMas   0x20000a10        0x5 CMakeFiles/Clion_ADC_test.elf.dir/Src/Firmware/inc/communication.c.obj
                0x20000a10                TranMas
 *fill*         0x20000a15        0x3 
 .bss.TxMailbox
                0x20000a18        0x4 CMakeFiles/Clion_ADC_test.elf.dir/Src/Firmware/inc/communication.c.obj
                0x20000a18                TxMailbox
 .bss.hCAN_Filter
                0x20000a1c       0x28 CMakeFiles/Clion_ADC_test.elf.dir/Src/Firmware/inc/communication.c.obj
                0x20000a1c                hCAN_Filter
 .bss.hCAN_RxHeader
                0x20000a44       0x1c CMakeFiles/Clion_ADC_test.elf.dir/Src/Firmware/inc/communication.c.obj
                0x20000a44                hCAN_RxHeader
 .bss.hCAN_TxHeader
                0x20000a60       0x18 CMakeFiles/Clion_ADC_test.elf.dir/Src/Firmware/inc/communication.c.obj
                0x20000a60                hCAN_TxHeader
 .bss.MOTOR_STATE
                0x20000a78        0x3 CMakeFiles/Clion_ADC_test.elf.dir/Src/Firmware/inc/foc.c.obj
                0x20000a78                MOTOR_STATE
 *fill*         0x20000a7b        0x1 
 .bss.TaskCounter_00_5ms
                0x20000a7c        0x4 CMakeFiles/Clion_ADC_test.elf.dir/Src/Firmware/inc/midtask.c.obj
                0x20000a7c                TaskCounter_00_5ms
 .bss.TaskCounter_500ms
                0x20000a80        0x4 CMakeFiles/Clion_ADC_test.elf.dir/Src/Firmware/inc/midtask.c.obj
                0x20000a80                TaskCounter_500ms
 .bss.TaskCounter_50ms
                0x20000a84        0x4 CMakeFiles/Clion_ADC_test.elf.dir/Src/Firmware/inc/midtask.c.obj
                0x20000a84                TaskCounter_50ms
 .bss.TaskCounter_5ms
                0x20000a88        0x4 CMakeFiles/Clion_ADC_test.elf.dir/Src/Firmware/inc/midtask.c.obj
                0x20000a88                TaskCounter_5ms
 .bss.HAL_RCC_ADC12_CLK_ENABLED
                0x20000a8c        0x4 CMakeFiles/Clion_ADC_test.elf.dir/Src/adc.c.obj
 .bss.hadc1     0x20000a90       0x50 CMakeFiles/Clion_ADC_test.elf.dir/Src/adc.c.obj
                0x20000a90                hadc1
 .bss.hadc2     0x20000ae0       0x50 CMakeFiles/Clion_ADC_test.elf.dir/Src/adc.c.obj
                0x20000ae0                hadc2
 .bss.hdma_adc1
                0x20000b30       0x44 CMakeFiles/Clion_ADC_test.elf.dir/Src/adc.c.obj
                0x20000b30                hdma_adc1
 .bss.hdma_adc2
                0x20000b74       0x44 CMakeFiles/Clion_ADC_test.elf.dir/Src/adc.c.obj
                0x20000b74                hdma_adc2
 .bss.hcan      0x20000bb8       0x28 CMakeFiles/Clion_ADC_test.elf.dir/Src/can.c.obj
                0x20000bb8                hcan
 .bss.Sense_handle
                0x20000be0       0x2c CMakeFiles/Clion_ADC_test.elf.dir/Src/main.c.obj
                0x20000be0                Sense_handle
 .bss.foc_handle
                0x20000c0c       0xac CMakeFiles/Clion_ADC_test.elf.dir/Src/main.c.obj
                0x20000c0c                foc_handle
 .bss.svpwm_handle
                0x20000cb8       0x18 CMakeFiles/Clion_ADC_test.elf.dir/Src/main.c.obj
                0x20000cb8                svpwm_handle
 .bss.gHuart    0x20000cd0        0x4 CMakeFiles/Clion_ADC_test.elf.dir/Src/retarget.c.obj
                0x20000cd0                gHuart
 .bss.htim7     0x20000cd4       0x40 CMakeFiles/Clion_ADC_test.elf.dir/Src/stm32f3xx_hal_timebase_tim.c.obj
                0x20000cd4                htim7
 .bss.heap_end.7385
                0x20000d14        0x4 CMakeFiles/Clion_ADC_test.elf.dir/Src/syscalls.c.obj
 .bss.htim1     0x20000d18       0x40 CMakeFiles/Clion_ADC_test.elf.dir/Src/tim.c.obj
                0x20000d18                htim1
 .bss.htim6     0x20000d58       0x40 CMakeFiles/Clion_ADC_test.elf.dir/Src/tim.c.obj
                0x20000d58                htim6
 .bss.buffer    0x20000d98      0x1f4 CMakeFiles/Clion_ADC_test.elf.dir/Src/usart.c.obj
                0x20000d98                buffer
 .bss.hdma_usart1_rx
                0x20000f8c       0x44 CMakeFiles/Clion_ADC_test.elf.dir/Src/usart.c.obj
                0x20000f8c                hdma_usart1_rx
 .bss.hdma_usart1_tx
                0x20000fd0       0x44 CMakeFiles/Clion_ADC_test.elf.dir/Src/usart.c.obj
                0x20000fd0                hdma_usart1_tx
 .bss.huart1    0x20001014       0x80 CMakeFiles/Clion_ADC_test.elf.dir/Src/usart.c.obj
                0x20001014                huart1
 .bss.__malloc_current_mallinfo